../Core/Src/main.c:91:5:main	40	static,ignoring_inline_asm
../Core/Src/main.c:242:6:SystemClock_Config	88	static
../Core/Src/main.c:289:13:MX_I2C1_Init	8	static
../Core/Src/main.c:323:13:MX_TIM1_Init	32	static
../Core/Src/main.c:369:13:MX_GPIO_Init	48	static
../Core/Src/main.c:426:6:sensor_task	16	static
../Core/Src/main.c:432:6:print_task	16	static
../Core/Src/main.c:438:6:scan_keypad_task	24	static
../Core/Src/main.c:453:6:config_task	16	static
../Core/Src/main.c:470:6:HAL_TIM_PeriodElapsedCallback	16	static
../Core/Src/main.c:487:6:Error_Handler	4	static,ignoring_inline_asm
