Archive member included to satisfy reference by file (symbol)

C:/my app/STM32CubeIDE_1.16.0/STM32CubeIDE/plugins/com.st.stm32cube.ide.mcu.externaltools.gnu-tools-for-stm32.12.3.rel1.win32_1.0.200.202406191623/tools/bin/../lib/gcc/arm-none-eabi/12.3.1/../../../../arm-none-eabi/lib/thumb/v7e-m+fp/hard\libc_nano.a(libc_a-exit.o)
                              C:/my app/STM32CubeIDE_1.16.0/STM32CubeIDE/plugins/com.st.stm32cube.ide.mcu.externaltools.gnu-tools-for-stm32.12.3.rel1.win32_1.0.200.202406191623/tools/bin/../lib/gcc/arm-none-eabi/12.3.1/../../../../arm-none-eabi/lib/thumb/v7e-m+fp/hard/crt0.o (exit)
C:/my app/STM32CubeIDE_1.16.0/STM32CubeIDE/plugins/com.st.stm32cube.ide.mcu.externaltools.gnu-tools-for-stm32.12.3.rel1.win32_1.0.200.202406191623/tools/bin/../lib/gcc/arm-none-eabi/12.3.1/../../../../arm-none-eabi/lib/thumb/v7e-m+fp/hard\libc_nano.a(libc_a-findfp.o)
                              C:/my app/STM32CubeIDE_1.16.0/STM32CubeIDE/plugins/com.st.stm32cube.ide.mcu.externaltools.gnu-tools-for-stm32.12.3.rel1.win32_1.0.200.202406191623/tools/bin/../lib/gcc/arm-none-eabi/12.3.1/../../../../arm-none-eabi/lib/thumb/v7e-m+fp/hard\libc_nano.a(libc_a-exit.o) (__stdio_exit_handler)
C:/my app/STM32CubeIDE_1.16.0/STM32CubeIDE/plugins/com.st.stm32cube.ide.mcu.externaltools.gnu-tools-for-stm32.12.3.rel1.win32_1.0.200.202406191623/tools/bin/../lib/gcc/arm-none-eabi/12.3.1/../../../../arm-none-eabi/lib/thumb/v7e-m+fp/hard\libc_nano.a(libc_a-fwalk.o)
                              C:/my app/STM32CubeIDE_1.16.0/STM32CubeIDE/plugins/com.st.stm32cube.ide.mcu.externaltools.gnu-tools-for-stm32.12.3.rel1.win32_1.0.200.202406191623/tools/bin/../lib/gcc/arm-none-eabi/12.3.1/../../../../arm-none-eabi/lib/thumb/v7e-m+fp/hard\libc_nano.a(libc_a-findfp.o) (_fwalk_sglue)
C:/my app/STM32CubeIDE_1.16.0/STM32CubeIDE/plugins/com.st.stm32cube.ide.mcu.externaltools.gnu-tools-for-stm32.12.3.rel1.win32_1.0.200.202406191623/tools/bin/../lib/gcc/arm-none-eabi/12.3.1/../../../../arm-none-eabi/lib/thumb/v7e-m+fp/hard\libc_nano.a(libc_a-printf.o)
                              ./My lib/task_handler.o (printf)
C:/my app/STM32CubeIDE_1.16.0/STM32CubeIDE/plugins/com.st.stm32cube.ide.mcu.externaltools.gnu-tools-for-stm32.12.3.rel1.win32_1.0.200.202406191623/tools/bin/../lib/gcc/arm-none-eabi/12.3.1/../../../../arm-none-eabi/lib/thumb/v7e-m+fp/hard\libc_nano.a(libc_a-stdio.o)
                              C:/my app/STM32CubeIDE_1.16.0/STM32CubeIDE/plugins/com.st.stm32cube.ide.mcu.externaltools.gnu-tools-for-stm32.12.3.rel1.win32_1.0.200.202406191623/tools/bin/../lib/gcc/arm-none-eabi/12.3.1/../../../../arm-none-eabi/lib/thumb/v7e-m+fp/hard\libc_nano.a(libc_a-findfp.o) (__sread)
C:/my app/STM32CubeIDE_1.16.0/STM32CubeIDE/plugins/com.st.stm32cube.ide.mcu.externaltools.gnu-tools-for-stm32.12.3.rel1.win32_1.0.200.202406191623/tools/bin/../lib/gcc/arm-none-eabi/12.3.1/../../../../arm-none-eabi/lib/thumb/v7e-m+fp/hard\libc_nano.a(libc_a-vsprintf.o)
                              ./My lib/print_cli.o (vsprintf)
C:/my app/STM32CubeIDE_1.16.0/STM32CubeIDE/plugins/com.st.stm32cube.ide.mcu.externaltools.gnu-tools-for-stm32.12.3.rel1.win32_1.0.200.202406191623/tools/bin/../lib/gcc/arm-none-eabi/12.3.1/../../../../arm-none-eabi/lib/thumb/v7e-m+fp/hard\libc_nano.a(libc_a-memcmp.o)
                              ./common/ThirdParty/SEGGER/OS/SEGGER_SYSVIEW_FreeRTOS.o (memcmp)
C:/my app/STM32CubeIDE_1.16.0/STM32CubeIDE/plugins/com.st.stm32cube.ide.mcu.externaltools.gnu-tools-for-stm32.12.3.rel1.win32_1.0.200.202406191623/tools/bin/../lib/gcc/arm-none-eabi/12.3.1/../../../../arm-none-eabi/lib/thumb/v7e-m+fp/hard\libc_nano.a(libc_a-memset.o)
                              C:/my app/STM32CubeIDE_1.16.0/STM32CubeIDE/plugins/com.st.stm32cube.ide.mcu.externaltools.gnu-tools-for-stm32.12.3.rel1.win32_1.0.200.202406191623/tools/bin/../lib/gcc/arm-none-eabi/12.3.1/../../../../arm-none-eabi/lib/thumb/v7e-m+fp/hard/crt0.o (memset)
C:/my app/STM32CubeIDE_1.16.0/STM32CubeIDE/plugins/com.st.stm32cube.ide.mcu.externaltools.gnu-tools-for-stm32.12.3.rel1.win32_1.0.200.202406191623/tools/bin/../lib/gcc/arm-none-eabi/12.3.1/../../../../arm-none-eabi/lib/thumb/v7e-m+fp/hard\libc_nano.a(libc_a-closer.o)
                              C:/my app/STM32CubeIDE_1.16.0/STM32CubeIDE/plugins/com.st.stm32cube.ide.mcu.externaltools.gnu-tools-for-stm32.12.3.rel1.win32_1.0.200.202406191623/tools/bin/../lib/gcc/arm-none-eabi/12.3.1/../../../../arm-none-eabi/lib/thumb/v7e-m+fp/hard\libc_nano.a(libc_a-stdio.o) (_close_r)
C:/my app/STM32CubeIDE_1.16.0/STM32CubeIDE/plugins/com.st.stm32cube.ide.mcu.externaltools.gnu-tools-for-stm32.12.3.rel1.win32_1.0.200.202406191623/tools/bin/../lib/gcc/arm-none-eabi/12.3.1/../../../../arm-none-eabi/lib/thumb/v7e-m+fp/hard\libc_nano.a(libc_a-reent.o)
[...]
Memory Configuration

Name             Origin             Length             Attributes
RAM              0x20000000         0x00018000         xrw
FLASH            0x08000000         0x00080000         xr
*default*        0x00000000         0xffffffff

Linker script and memory map

LOAD C:/my app/STM32CubeIDE_1.16.0/STM32CubeIDE/plugins/com.st.stm32cube.ide.mcu.externaltools.gnu-tools-for-stm32.12.3.rel1.win32_1.0.200.202406191623/tools/bin/../lib/gcc/arm-none-eabi/12.3.1/thumb/v7e-m+fp/hard/crti.o
LOAD C:/my app/STM32CubeIDE_1.16.0/STM32CubeIDE/plugins/com.st.stm32cube.ide.mcu.externaltools.gnu-tools-for-stm32.12.3.rel1.win32_1.0.200.202406191623/tools/bin/../lib/gcc/arm-none-eabi/12.3.1/thumb/v7e-m+fp/hard/crtbegin.o
LOAD C:/my app/STM32CubeIDE_1.16.0/STM32CubeIDE/plugins/com.st.stm32cube.ide.mcu.externaltools.gnu-tools-for-stm32.12.3.rel1.win32_1.0.200.202406191623/tools/bin/../lib/gcc/arm-none-eabi/12.3.1/../../../../arm-none-eabi/lib/thumb/v7e-m+fp/hard/crt0.o
LOAD ./Core/Src/main.o
LOAD ./Core/Src/stm32f4xx_hal_msp.o
LOAD ./Core/Src/stm32f4xx_hal_timebase_tim.o
LOAD ./Core/Src/stm32f4xx_it.o
LOAD ./Core/Src/syscalls.o
LOAD ./Core/Src/sysmem.o
LOAD ./Core/Src/system_stm32f4xx.o
LOAD ./Core/Startup/startup_stm32f401retx.o
LOAD ./Drivers/STM32F4xx_HAL_Driver/Src/stm32f4xx_hal.o
LOAD ./Drivers/STM32F4xx_HAL_Driver/Src/stm32f4xx_hal_cortex.o
LOAD ./Drivers/STM32F4xx_HAL_Driver/Src/stm32f4xx_hal_dma.o
LOAD ./Drivers/STM32F4xx_HAL_Driver/Src/stm32f4xx_hal_dma_ex.o
LOAD ./Drivers/STM32F4xx_HAL_Driver/Src/stm32f4xx_hal_exti.o
LOAD ./Drivers/STM32F4xx_HAL_Driver/Src/stm32f4xx_hal_flash.o
LOAD ./Drivers/STM32F4xx_HAL_Driver/Src/stm32f4xx_hal_flash_ex.o
LOAD ./Drivers/STM32F4xx_HAL_Driver/Src/stm32f4xx_hal_flash_ramfunc.o
LOAD ./Drivers/STM32F4xx_HAL_Driver/Src/stm32f4xx_hal_gpio.o
LOAD ./Drivers/STM32F4xx_HAL_Driver/Src/stm32f4xx_hal_i2c.o
LOAD ./Drivers/STM32F4xx_HAL_Driver/Src/stm32f4xx_hal_i2c_ex.o
LOAD ./Drivers/STM32F4xx_HAL_Driver/Src/stm32f4xx_hal_pwr.o
LOAD ./Drivers/STM32F4xx_HAL_Driver/Src/stm32f4xx_hal_pwr_ex.o
LOAD ./Drivers/STM32F4xx_HAL_Driver/Src/stm32f4xx_hal_rcc.o
LOAD ./Drivers/STM32F4xx_HAL_Driver/Src/stm32f4xx_hal_rcc_ex.o
LOAD ./Drivers/STM32F4xx_HAL_Driver/Src/stm32f4xx_hal_spi.o
LOAD ./Drivers/STM32F4xx_HAL_Driver/Src/stm32f4xx_hal_tim.o
LOAD ./Drivers/STM32F4xx_HAL_Driver/Src/stm32f4xx_hal_tim_ex.o
LOAD ./Drivers/STM32F4xx_HAL_Driver/Src/stm32f4xx_hal_uart.o
LOAD ./FATFS/App/fatfs.o
LOAD ./FATFS/Target/user_diskio.o
LOAD ./Middlewares/Third_Party/FatFs/src/diskio.o
LOAD ./Middlewares/Third_Party/FatFs/src/ff.o
LOAD ./Middlewares/Third_Party/FatFs/src/ff_gen_drv.o
LOAD ./Middlewares/Third_Party/FatFs/src/option/ccsbcs.o
LOAD ./Middlewares/Third_Party/FatFs/src/option/syscall.o
LOAD ./My lib/LCD_I2C.o
LOAD ./My lib/fatfs_sd.o
LOAD ./My lib/flash.o
LOAD ./My lib/keypad.o
LOAD ./My lib/print_cli.o
LOAD ./My lib/pwm_duty.o
LOAD ./My lib/task_handler.o
LOAD ./common/ThirdParty/FreeRTOS/croutine.o
LOAD ./common/ThirdParty/FreeRTOS/event_groups.o
LOAD ./common/ThirdParty/FreeRTOS/list.o
LOAD ./common/ThirdParty/FreeRTOS/queue.o
LOAD ./common/ThirdParty/FreeRTOS/stream_buffer.o
LOAD ./common/ThirdParty/FreeRTOS/tasks.o
LOAD ./common/ThirdParty/FreeRTOS/timers.o
LOAD ./common/ThirdParty/FreeRTOS/portable/GCC/ARM_CM4F/port.o
LOAD ./common/ThirdParty/FreeRTOS/portable/MemMang/heap_4.o
LOAD ./common/ThirdParty/SEGGER/Config/SEGGER_SYSVIEW_Config_FreeRTOS.o
LOAD ./common/ThirdParty/SEGGER/OS/SEGGER_SYSVIEW_FreeRTOS.o
LOAD ./common/ThirdParty/SEGGER/Rec/segger_uart.o
LOAD ./common/ThirdParty/SEGGER/SEGGER/SEGGER_RTT.o
LOAD ./common/ThirdParty/SEGGER/SEGGER/SEGGER_RTT_ASM_ARMv7M.o
LOAD ./common/ThirdParty/SEGGER/SEGGER/SEGGER_RTT_printf.o
LOAD ./common/ThirdParty/SEGGER/SEGGER/SEGGER_SYSVIEW.o
LOAD ./common/ThirdParty/SEGGER/SEGGER/Syscalls/SEGGER_RTT_Syscalls_GCC.o
START GROUP
LOAD C:/my app/STM32CubeIDE_1.16.0/STM32CubeIDE/plugins/com.st.stm32cube.ide.mcu.externaltools.gnu-tools-for-stm32.12.3.rel1.win32_1.0.200.202406191623/tools/bin/../lib/gcc/arm-none-eabi/12.3.1/../../../../arm-none-eabi/lib/thumb/v7e-m+fp/hard\libc_nano.a
LOAD C:/my app/STM32CubeIDE_1.16.0/STM32CubeIDE/plugins/com.st.stm32cube.ide.mcu.externaltools.gnu-tools-for-stm32.12.3.rel1.win32_1.0.200.202406191623/tools/bin/../lib/gcc/arm-none-eabi/12.3.1/../../../../arm-none-eabi/lib/thumb/v7e-m+fp/hard\libm.a
END GROUP
START GROUP
LOAD C:/my app/STM32CubeIDE_1.16.0/STM32CubeIDE/plugins/com.st.stm32cube.ide.mcu.externaltools.gnu-tools-for-stm32.12.3.rel1.win32_1.0.200.202406191623/tools/bin/../lib/gcc/arm-none-eabi/12.3.1/thumb/v7e-m+fp/hard\libgcc.a
LOAD C:/my app/STM32CubeIDE_1.16.0/STM32CubeIDE/plugins/com.st.stm32cube.ide.mcu.externaltools.gnu-tools-for-stm32.12.3.rel1.win32_1.0.200.202406191623/tools/bin/../lib/gcc/arm-none-eabi/12.3.1/../../../../arm-none-eabi/lib/thumb/v7e-m+fp/hard\libc_nano.a
END GROUP
START GROUP
LOAD C:/my app/STM32CubeIDE_1.16.0/STM32CubeIDE/plugins/com.st.stm32cube.ide.mcu.externaltools.gnu-tools-for-stm32.12.3.rel1.win32_1.0.200.202406191623/tools/bin/../lib/gcc/arm-none-eabi/12.3.1/thumb/v7e-m+fp/hard\libgcc.a
LOAD C:/my app/STM32CubeIDE_1.16.0/STM32CubeIDE/plugins/com.st.stm32cube.ide.mcu.externaltools.gnu-tools-for-stm32.12.3.rel1.win32_1.0.200.202406191623/tools/bin/../lib/gcc/arm-none-eabi/12.3.1/../../../../arm-none-eabi/lib/thumb/v7e-m+fp/hard\libc_nano.a
LOAD C:/my app/STM32CubeIDE_1.16.0/STM32CubeIDE/plugins/com.st.stm32cube.ide.mcu.externaltools.gnu-tools-for-stm32.12.3.rel1.win32_1.0.200.202406191623/tools/bin/../lib/gcc/arm-none-eabi/12.3.1/../../../../arm-none-eabi/lib/thumb/v7e-m+fp/hard\libnosys.a
END GROUP
START GROUP
LOAD C:/my app/STM32CubeIDE_1.16.0/STM32CubeIDE/plugins/com.st.stm32cube.ide.mcu.externaltools.gnu-tools-for-stm32.12.3.rel1.win32_1.0.200.202406191623/tools/bin/../lib/gcc/arm-none-eabi/12.3.1/thumb/v7e-m+fp/hard\libgcc.a
LOAD C:/my app/STM32CubeIDE_1.16.0/STM32CubeIDE/plugins/com.st.stm32cube.ide.mcu.externaltools.gnu-tools-for-stm32.12.3.rel1.win32_1.0.200.202406191623/tools/bin/../lib/gcc/arm-none-eabi/12.3.1/../../../../arm-none-eabi/lib/thumb/v7e-m+fp/hard\libc_nano.a
LOAD C:/my app/STM32CubeIDE_1.16.0/STM32CubeIDE/plugins/com.st.stm32cube.ide.mcu.externaltools.gnu-tools-for-stm32.12.3.rel1.win32_1.0.200.202406191623/tools/bin/../lib/gcc/arm-none-eabi/12.3.1/../../../../arm-none-eabi/lib/thumb/v7e-m+fp/hard\libnosys.a
END GROUP
LOAD C:/my app/STM32CubeIDE_1.16.0/STM32CubeIDE/plugins/com.st.stm32cube.ide.mcu.externaltools.gnu-tools-for-stm32.12.3.rel1.win32_1.0.200.202406191623/tools/bin/../lib/gcc/arm-none-eabi/12.3.1/thumb/v7e-m+fp/hard/crtend.o
LOAD C:/my app/STM32CubeIDE_1.16.0/STM32CubeIDE/plugins/com.st.stm32cube.ide.mcu.externaltools.gnu-tools-for-stm32.12.3.rel1.win32_1.0.200.202406191623/tools/bin/../lib/gcc/arm-none-eabi/12.3.1/thumb/v7e-m+fp/hard/crtn.o
                0x20018000                        _estack = (ORIGIN (RAM) + LENGTH (RAM))
                0x00000200                        _Min_Heap_Size = 0x200
                0x00000400                        _Min_Stack_Size = 0x400

.isr_vector     0x08000000      0x194
                0x08000000                        . = ALIGN (0x4)
 *(.isr_vector)
 .isr_vector    0x08000000      0x194 ./Core/Startup/startup_stm32f401retx.o
                0x08000000                g_pfnVectors
                0x08000194                        . = ALIGN (0x4)

.text           0x080001a0     0xdfd8
                0x080001a0                        . = ALIGN (0x4)
 *(.text)
 .text          0x080001a0       0x40 C:/my app/STM32CubeIDE_1.16.0/STM32CubeIDE/plugins/com.st.stm32cube.ide.mcu.externaltools.gnu-tools-for-stm32.12.3.rel1.win32_1.0.200.202406191623/tools/bin/../lib/gcc/arm-none-eabi/12.3.1/thumb/v7e-m+fp/hard/crtbegin.o
 .text          0x080001e0       0x94 ./common/ThirdParty/SEGGER/SEGGER/SEGGER_RTT_ASM_ARMv7M.o
                0x080001e0                SEGGER_RTT_ASM_WriteSkipNoLock
 .text          0x08000274       0x14 C:/my app/STM32CubeIDE_1.16.0/STM32CubeIDE/plugins/com.st.stm32cube.ide.mcu.externaltools.gnu-tools-for-stm32.12.3.rel1.win32_1.0.200.202406191623/tools/bin/../lib/gcc/arm-none-eabi/12.3.1/../../../../arm-none-eabi/lib/thumb/v7e-m+fp/hard\libc_nano.a(libc_a-strcmp.o)
                0x08000274                strcmp
 .text          0x08000288       0x10 C:/my app/STM32CubeIDE_1.16.0/STM32CubeIDE/plugins/com.st.stm32cube.ide.mcu.externaltools.gnu-tools-for-stm32.12.3.rel1.win32_1.0.200.202406191623/tools/bin/../lib/gcc/arm-none-eabi/12.3.1/../../../../arm-none-eabi/lib/thumb/v7e-m+fp/hard\libc_nano.a(libc_a-strlen.o)
                0x08000288                strlen
 *fill*         0x08000298        0x8 
 .text          0x080002a0       0xa0 C:/my app/STM32CubeIDE_1.16.0/STM32CubeIDE/plugins/com.st.stm32cube.ide.mcu.externaltools.gnu-tools-for-stm32.12.3.rel1.win32_1.0.200.202406191623/tools/bin/../lib/gcc/arm-none-eabi/12.3.1/../../../../arm-none-eabi/lib/thumb/v7e-m+fp/hard\libc_nano.a(libc_a-memchr.o)
                0x080002a0                memchr
 .text          0x08000340       0x30 C:/my app/STM32CubeIDE_1.16.0/STM32CubeIDE/plugins/com.st.stm32cube.ide.mcu.externaltools.gnu-tools-for-stm32.12.3.rel1.win32_1.0.200.202406191623/tools/bin/../lib/gcc/arm-none-eabi/12.3.1/thumb/v7e-m+fp/hard\libgcc.a(_aeabi_uldivmod.o)
                0x08000340                __aeabi_uldivmod
 .text          0x08000370      0x2bc C:/my app/STM32CubeIDE_1.16.0/STM32CubeIDE/plugins/com.st.stm32cube.ide.mcu.externaltools.gnu-tools-for-stm32.12.3.rel1.win32_1.0.200.202406191623/tools/bin/../lib/gcc/arm-none-eabi/12.3.1/thumb/v7e-m+fp/hard\libgcc.a(_udivmoddi4.o)
                0x08000370                __udivmoddi4
 .text          0x0800062c        0x4 C:/my app/STM32CubeIDE_1.16.0/STM32CubeIDE/plugins/com.st.stm32cube.ide.mcu.externaltools.gnu-tools-for-stm32.12.3.rel1.win32_1.0.200.202406191623/tools/bin/../lib/gcc/arm-none-eabi/12.3.1/thumb/v7e-m+fp/hard\libgcc.a(_dvmd_tls.o)
                0x0800062c                __aeabi_idiv0
                0x0800062c                __aeabi_ldiv0
 *(.text*)
 .text.SDTimer_Handler
                0x08000630       0x48 ./Core/Src/main.o
                0x08000630                SDTimer_Handler
 .text.main     0x08000678      0x28c ./Core/Src/main.o
                0x08000678                main
 .text.SystemClock_Config
                0x08000904       0xd8 ./Core/Src/main.o
                0x08000904                SystemClock_Config
 .text.MX_I2C1_Init
                0x080009dc       0x5c ./Core/Src/main.o
 .text.MX_SPI2_Init
                0x08000a38       0x6c ./Core/Src/main.o
 .text.MX_TIM1_Init
                0x08000aa4      0x140 ./Core/Src/main.o
 .text.MX_USART1_UART_Init
                0x08000be4       0x54 ./Core/Src/main.o
 .text.MX_USART2_UART_Init
                0x08000c38       0x54 ./Core/Src/main.o
 .text.MX_GPIO_Init
                0x08000c8c      0x124 ./Core/Src/main.o
 .text.HAL_TIM_PeriodElapsedCallback
                0x08000db0       0x48 ./Core/Src/main.o
                0x08000db0                HAL_TIM_PeriodElapsedCallback
 .text.Error_Handler
                0x08000df8        0xc ./Core/Src/main.o
                0x08000df8                Error_Handler
 .text.HAL_MspInit
                0x08000e04       0x50 ./Core/Src/stm32f4xx_hal_msp.o
                0x08000e04                HAL_MspInit
 .text.HAL_I2C_MspInit
                0x08000e54       0x90 ./Core/Src/stm32f4xx_hal_msp.o
                0x08000e54                HAL_I2C_MspInit
 .text.HAL_SPI_MspInit
                0x08000ee4       0xd0 ./Core/Src/stm32f4xx_hal_msp.o
                0x08000ee4                HAL_SPI_MspInit
 .text.HAL_TIM_Base_MspInit
                0x08000fb4       0x44 ./Core/Src/stm32f4xx_hal_msp.o
                0x08000fb4                HAL_TIM_Base_MspInit
 .text.HAL_TIM_MspPostInit
                0x08000ff8       0x74 ./Core/Src/stm32f4xx_hal_msp.o
                0x08000ff8                HAL_TIM_MspPostInit
 .text.HAL_UART_MspInit
                0x0800106c       0xf8 ./Core/Src/stm32f4xx_hal_msp.o
                0x0800106c                HAL_UART_MspInit
 .text.HAL_InitTick
                0x08001164       0xf8 ./Core/Src/stm32f4xx_hal_timebase_tim.o
                0x08001164                HAL_InitTick
 .text.NMI_Handler
                0x0800125c        0x8 ./Core/Src/stm32f4xx_it.o
                0x0800125c                NMI_Handler
 .text.HardFault_Handler
                0x08001264        0x8 ./Core/Src/stm32f4xx_it.o
                0x08001264                HardFault_Handler
 .text.MemManage_Handler
                0x0800126c        0x8 ./Core/Src/stm32f4xx_it.o
                0x0800126c                MemManage_Handler
 .text.BusFault_Handler
                0x08001274        0x8 ./Core/Src/stm32f4xx_it.o
                0x08001274                BusFault_Handler
 .text.UsageFault_Handler
                0x0800127c        0x8 ./Core/Src/stm32f4xx_it.o
                0x0800127c                UsageFault_Handler
 .text.DebugMon_Handler
                0x08001284        0xe ./Core/Src/stm32f4xx_it.o
                0x08001284                DebugMon_Handler
 *fill*         0x08001292        0x2 
 .text.TIM4_IRQHandler
                0x08001294       0x14 ./Core/Src/stm32f4xx_it.o
                0x08001294                TIM4_IRQHandler
 .text._read    0x080012a8       0x3a ./Core/Src/syscalls.o
                0x080012a8                _read
 .text._close   0x080012e2       0x18 ./Core/Src/syscalls.o
                0x080012e2                _close
 .text._fstat   0x080012fa       0x20 ./Core/Src/syscalls.o
                0x080012fa                _fstat
 .text._isatty  0x0800131a       0x16 ./Core/Src/syscalls.o
                0x0800131a                _isatty
 .text._lseek   0x08001330       0x1a ./Core/Src/syscalls.o
                0x08001330                _lseek
 *fill*         0x0800134a        0x2 
 .text._sbrk    0x0800134c       0x6c ./Core/Src/sysmem.o
                0x0800134c                _sbrk
 .text.SystemInit
                0x080013b8       0x24 ./Core/Src/system_stm32f4xx.o
                0x080013b8                SystemInit
 .text.Reset_Handler
                0x080013dc       0x50 ./Core/Startup/startup_stm32f401retx.o
                0x080013dc                Reset_Handler
 .text.Default_Handler
                0x0800142c        0x2 ./Core/Startup/startup_stm32f401retx.o
                0x0800142c                RTC_Alarm_IRQHandler
                0x0800142c                EXTI2_IRQHandler
                0x0800142c                SPI4_IRQHandler
                0x0800142c                TIM1_CC_IRQHandler
                0x0800142c                DMA2_Stream5_IRQHandler
                0x0800142c                DMA1_Stream5_IRQHandler
                0x0800142c                PVD_IRQHandler
                0x0800142c                SDIO_IRQHandler
                0x0800142c                TAMP_STAMP_IRQHandler
                0x0800142c                EXTI3_IRQHandler
                0x0800142c                TIM1_UP_TIM10_IRQHandler
                0x0800142c                I2C3_ER_IRQHandler
                0x0800142c                EXTI0_IRQHandler
                0x0800142c                I2C2_EV_IRQHandler
                0x0800142c                DMA1_Stream2_IRQHandler
                0x0800142c                FPU_IRQHandler
                0x0800142c                DMA2_Stream2_IRQHandler
                0x0800142c                SPI1_IRQHandler
                0x0800142c                TIM1_BRK_TIM9_IRQHandler
                0x0800142c                DMA2_Stream3_IRQHandler
                0x0800142c                USART6_IRQHandler
                0x0800142c                DMA2_Stream0_IRQHandler
                0x0800142c                I2C1_EV_IRQHandler
                0x0800142c                DMA1_Stream6_IRQHandler
                0x0800142c                DMA1_Stream1_IRQHandler
                0x0800142c                TIM3_IRQHandler
                0x0800142c                RCC_IRQHandler
                0x0800142c                Default_Handler
                0x0800142c                EXTI15_10_IRQHandler
                0x0800142c                ADC_IRQHandler
                0x0800142c                DMA1_Stream7_IRQHandler
                0x0800142c                TIM5_IRQHandler
                0x0800142c                DMA2_Stream7_IRQHandler
                0x0800142c                I2C3_EV_IRQHandler
                0x0800142c                EXTI9_5_IRQHandler
                0x0800142c                RTC_WKUP_IRQHandler
                0x0800142c                SPI2_IRQHandler
                0x0800142c                DMA1_Stream0_IRQHandler
                0x0800142c                EXTI4_IRQHandler
                0x0800142c                WWDG_IRQHandler
                0x0800142c                TIM2_IRQHandler
                0x0800142c                OTG_FS_WKUP_IRQHandler
                0x0800142c                TIM1_TRG_COM_TIM11_IRQHandler
                0x0800142c                EXTI1_IRQHandler
                0x0800142c                I2C2_ER_IRQHandler
                0x0800142c                DMA2_Stream1_IRQHandler
                0x0800142c                FLASH_IRQHandler
                0x0800142c                DMA2_Stream4_IRQHandler
                0x0800142c                USART1_IRQHandler
                0x0800142c                OTG_FS_IRQHandler
                0x0800142c                SPI3_IRQHandler
                0x0800142c                DMA1_Stream4_IRQHandler
                0x0800142c                I2C1_ER_IRQHandler
                0x0800142c                DMA2_Stream6_IRQHandler
                0x0800142c                DMA1_Stream3_IRQHandler
 *fill*         0x0800142e        0x2 
 .text.HAL_Init
                0x08001430       0x44 ./Drivers/STM32F4xx_HAL_Driver/Src/stm32f4xx_hal.o
                0x08001430                HAL_Init
 .text.HAL_IncTick
                0x08001474       0x28 ./Drivers/STM32F4xx_HAL_Driver/Src/stm32f4xx_hal.o
                0x08001474                HAL_IncTick
 .text.HAL_GetTick
                0x0800149c       0x18 ./Drivers/STM32F4xx_HAL_Driver/Src/stm32f4xx_hal.o
                0x0800149c                HAL_GetTick
 .text.HAL_Delay
                0x080014b4       0x48 ./Drivers/STM32F4xx_HAL_Driver/Src/stm32f4xx_hal.o
                0x080014b4                HAL_Delay
 .text.__NVIC_SetPriorityGrouping
                0x080014fc       0x48 ./Drivers/STM32F4xx_HAL_Driver/Src/stm32f4xx_hal_cortex.o
 .text.__NVIC_GetPriorityGrouping
                0x08001544       0x1c ./Drivers/STM32F4xx_HAL_Driver/Src/stm32f4xx_hal_cortex.o
 .text.__NVIC_EnableIRQ
                0x08001560       0x3c ./Drivers/STM32F4xx_HAL_Driver/Src/stm32f4xx_hal_cortex.o
 .text.__NVIC_SetPriority
                0x0800159c       0x54 ./Drivers/STM32F4xx_HAL_Driver/Src/stm32f4xx_hal_cortex.o
 .text.NVIC_EncodePriority
                0x080015f0       0x66 ./Drivers/STM32F4xx_HAL_Driver/Src/stm32f4xx_hal_cortex.o
 .text.HAL_NVIC_SetPriorityGrouping
                0x08001656       0x16 ./Drivers/STM32F4xx_HAL_Driver/Src/stm32f4xx_hal_cortex.o
                0x08001656                HAL_NVIC_SetPriorityGrouping
 .text.HAL_NVIC_SetPriority
                0x0800166c       0x38 ./Drivers/STM32F4xx_HAL_Driver/Src/stm32f4xx_hal_cortex.o
                0x0800166c                HAL_NVIC_SetPriority
 .text.HAL_NVIC_EnableIRQ
                0x080016a4       0x1c ./Drivers/STM32F4xx_HAL_Driver/Src/stm32f4xx_hal_cortex.o
                0x080016a4                HAL_NVIC_EnableIRQ
 .text.HAL_FLASH_Program
                0x080016c0       0xa8 ./Drivers/STM32F4xx_HAL_Driver/Src/stm32f4xx_hal_flash.o
                0x080016c0                HAL_FLASH_Program
 .text.HAL_FLASH_Unlock
                0x08001768       0x44 ./Drivers/STM32F4xx_HAL_Driver/Src/stm32f4xx_hal_flash.o
                0x08001768                HAL_FLASH_Unlock
 .text.HAL_FLASH_Lock
                0x080017ac       0x20 ./Drivers/STM32F4xx_HAL_Driver/Src/stm32f4xx_hal_flash.o
                0x080017ac                HAL_FLASH_Lock
 .text.FLASH_WaitForLastOperation
                0x080017cc       0x80 ./Drivers/STM32F4xx_HAL_Driver/Src/stm32f4xx_hal_flash.o
                0x080017cc                FLASH_WaitForLastOperation
 .text.FLASH_Program_DoubleWord
                0x0800184c       0x64 ./Drivers/STM32F4xx_HAL_Driver/Src/stm32f4xx_hal_flash.o
 .text.FLASH_Program_Word
                0x080018b0       0x44 ./Drivers/STM32F4xx_HAL_Driver/Src/stm32f4xx_hal_flash.o
 .text.FLASH_Program_HalfWord
                0x080018f4       0x48 ./Drivers/STM32F4xx_HAL_Driver/Src/stm32f4xx_hal_flash.o
 .text.FLASH_Program_Byte
                0x0800193c       0x44 ./Drivers/STM32F4xx_HAL_Driver/Src/stm32f4xx_hal_flash.o
 .text.FLASH_SetErrorCode
                0x08001980       0xcc ./Drivers/STM32F4xx_HAL_Driver/Src/stm32f4xx_hal_flash.o
 .text.HAL_FLASHEx_Erase
                0x08001a4c       0xe0 ./Drivers/STM32F4xx_HAL_Driver/Src/stm32f4xx_hal_flash_ex.o
                0x08001a4c                HAL_FLASHEx_Erase
 .text.FLASH_MassErase
                0x08001b2c       0x48 ./Drivers/STM32F4xx_HAL_Driver/Src/stm32f4xx_hal_flash_ex.o
 .text.FLASH_Erase_Sector
                0x08001b74       0x90 ./Drivers/STM32F4xx_HAL_Driver/Src/stm32f4xx_hal_flash_ex.o
                0x08001b74                FLASH_Erase_Sector
 .text.FLASH_FlushCaches
                0x08001c04       0x8c ./Drivers/STM32F4xx_HAL_Driver/Src/stm32f4xx_hal_flash_ex.o
                0x08001c04                FLASH_FlushCaches
 .text.HAL_GPIO_Init
                0x08001c90      0x308 ./Drivers/STM32F4xx_HAL_Driver/Src/stm32f4xx_hal_gpio.o
                0x08001c90                HAL_GPIO_Init
 .text.HAL_GPIO_ReadPin
                0x08001f98       0x30 ./Drivers/STM32F4xx_HAL_Driver/Src/stm32f4xx_hal_gpio.o
                0x08001f98                HAL_GPIO_ReadPin
 .text.HAL_GPIO_WritePin
                0x08001fc8       0x32 ./Drivers/STM32F4xx_HAL_Driver/Src/stm32f4xx_hal_gpio.o
                0x08001fc8                HAL_GPIO_WritePin
 *fill*         0x08001ffa        0x2 
 .text.HAL_I2C_Init
                0x08001ffc      0x288 ./Drivers/STM32F4xx_HAL_Driver/Src/stm32f4xx_hal_i2c.o
                0x08001ffc                HAL_I2C_Init
 .text.HAL_I2C_Master_Transmit
                0x08002284      0x1fc ./Drivers/STM32F4xx_HAL_Driver/Src/stm32f4xx_hal_i2c.o
                0x08002284                HAL_I2C_Master_Transmit
 .text.I2C_MasterRequestWrite
                0x08002480      0x104 ./Drivers/STM32F4xx_HAL_Driver/Src/stm32f4xx_hal_i2c.o
 .text.I2C_WaitOnFlagUntilTimeout
                0x08002584       0xf4 ./Drivers/STM32F4xx_HAL_Driver/Src/stm32f4xx_hal_i2c.o
 .text.I2C_WaitOnMasterAddressFlagUntilTimeout
                0x08002678      0x140 ./Drivers/STM32F4xx_HAL_Driver/Src/stm32f4xx_hal_i2c.o
 .text.I2C_WaitOnTXEFlagUntilTimeout
                0x080027b8       0x90 ./Drivers/STM32F4xx_HAL_Driver/Src/stm32f4xx_hal_i2c.o
 .text.I2C_WaitOnBTFFlagUntilTimeout
                0x08002848       0x90 ./Drivers/STM32F4xx_HAL_Driver/Src/stm32f4xx_hal_i2c.o
 .text.I2C_IsAcknowledgeFailed
                0x080028d8       0x5e ./Drivers/STM32F4xx_HAL_Driver/Src/stm32f4xx_hal_i2c.o
 *fill*         0x08002936        0x2 
 .text.HAL_RCC_OscConfig
                0x08002938      0x4f0 ./Drivers/STM32F4xx_HAL_Driver/Src/stm32f4xx_hal_rcc.o
                0x08002938                HAL_RCC_OscConfig
 .text.HAL_RCC_ClockConfig
                0x08002e28      0x1cc ./Drivers/STM32F4xx_HAL_Driver/Src/stm32f4xx_hal_rcc.o
                0x08002e28                HAL_RCC_ClockConfig
 .text.HAL_RCC_GetSysClockFreq
                0x08002ff4      0x20c ./Drivers/STM32F4xx_HAL_Driver/Src/stm32f4xx_hal_rcc.o
                0x08002ff4                HAL_RCC_GetSysClockFreq
 .text.HAL_RCC_GetHCLKFreq
                0x08003200       0x18 ./Drivers/STM32F4xx_HAL_Driver/Src/stm32f4xx_hal_rcc.o
                0x08003200                HAL_RCC_GetHCLKFreq
 .text.HAL_RCC_GetPCLK1Freq
                0x08003218       0x28 ./Drivers/STM32F4xx_HAL_Driver/Src/stm32f4xx_hal_rcc.o
                0x08003218                HAL_RCC_GetPCLK1Freq
 .text.HAL_RCC_GetPCLK2Freq
                0x08003240       0x28 ./Drivers/STM32F4xx_HAL_Driver/Src/stm32f4xx_hal_rcc.o
                0x08003240                HAL_RCC_GetPCLK2Freq
 .text.HAL_RCC_GetClockConfig
                0x08003268       0x64 ./Drivers/STM32F4xx_HAL_Driver/Src/stm32f4xx_hal_rcc.o
                0x08003268                HAL_RCC_GetClockConfig
 .text.HAL_SPI_Init
                0x080032cc      0x112 ./Drivers/STM32F4xx_HAL_Driver/Src/stm32f4xx_hal_spi.o
                0x080032cc                HAL_SPI_Init
 .text.HAL_SPI_Transmit
                0x080033de      0x288 ./Drivers/STM32F4xx_HAL_Driver/Src/stm32f4xx_hal_spi.o
                0x080033de                HAL_SPI_Transmit
 .text.HAL_SPI_TransmitReceive
                0x08003666      0x352 ./Drivers/STM32F4xx_HAL_Driver/Src/stm32f4xx_hal_spi.o
                0x08003666                HAL_SPI_TransmitReceive
 .text.SPI_WaitFlagStateUntilTimeout
                0x080039b8      0x110 ./Drivers/STM32F4xx_HAL_Driver/Src/stm32f4xx_hal_spi.o
 .text.SPI_EndRxTxTransaction
                0x08003ac8       0xa8 ./Drivers/STM32F4xx_HAL_Driver/Src/stm32f4xx_hal_spi.o
 .text.HAL_TIM_Base_Init
                0x08003b70       0x9e ./Drivers/STM32F4xx_HAL_Driver/Src/stm32f4xx_hal_tim.o
                0x08003b70                HAL_TIM_Base_Init
 *fill*         0x08003c0e        0x2 
 .text.HAL_TIM_Base_Start_IT
                0x08003c10       0xc4 ./Drivers/STM32F4xx_HAL_Driver/Src/stm32f4xx_hal_tim.o
                0x08003c10                HAL_TIM_Base_Start_IT
 .text.HAL_TIM_PWM_Init
                0x08003cd4       0x9e ./Drivers/STM32F4xx_HAL_Driver/Src/stm32f4xx_hal_tim.o
                0x08003cd4                HAL_TIM_PWM_Init
 .text.HAL_TIM_PWM_MspInit
                0x08003d72       0x14 ./Drivers/STM32F4xx_HAL_Driver/Src/stm32f4xx_hal_tim.o
                0x08003d72                HAL_TIM_PWM_MspInit
 *fill*         0x08003d86        0x2 
 .text.HAL_TIM_PWM_Start
                0x08003d88      0x160 ./Drivers/STM32F4xx_HAL_Driver/Src/stm32f4xx_hal_tim.o
                0x08003d88                HAL_TIM_PWM_Start
 .text.HAL_TIM_IRQHandler
                0x08003ee8      0x1e0 ./Drivers/STM32F4xx_HAL_Driver/Src/stm32f4xx_hal_tim.o
                0x08003ee8                HAL_TIM_IRQHandler
 .text.HAL_TIM_PWM_ConfigChannel
                0x080040c8      0x184 ./Drivers/STM32F4xx_HAL_Driver/Src/stm32f4xx_hal_tim.o
                0x080040c8                HAL_TIM_PWM_ConfigChannel
 .text.HAL_TIM_ConfigClockSource
                0x0800424c      0x18e ./Drivers/STM32F4xx_HAL_Driver/Src/stm32f4xx_hal_tim.o
                0x0800424c                HAL_TIM_ConfigClockSource
 .text.HAL_TIM_OC_DelayElapsedCallback
                0x080043da       0x14 ./Drivers/STM32F4xx_HAL_Driver/Src/stm32f4xx_hal_tim.o
                0x080043da                HAL_TIM_OC_DelayElapsedCallback
 .text.HAL_TIM_IC_CaptureCallback
                0x080043ee       0x14 ./Drivers/STM32F4xx_HAL_Driver/Src/stm32f4xx_hal_tim.o
                0x080043ee                HAL_TIM_IC_CaptureCallback
 .text.HAL_TIM_PWM_PulseFinishedCallback
                0x08004402       0x14 ./Drivers/STM32F4xx_HAL_Driver/Src/stm32f4xx_hal_tim.o
                0x08004402                HAL_TIM_PWM_PulseFinishedCallback
 .text.HAL_TIM_TriggerCallback
                0x08004416       0x14 ./Drivers/STM32F4xx_HAL_Driver/Src/stm32f4xx_hal_tim.o
                0x08004416                HAL_TIM_TriggerCallback
 *fill*         0x0800442a        0x2 
 .text.TIM_Base_SetConfig
                0x0800442c      0x118 ./Drivers/STM32F4xx_HAL_Driver/Src/stm32f4xx_hal_tim.o
                0x0800442c                TIM_Base_SetConfig
 .text.TIM_OC1_SetConfig
                0x08004544       0xcc ./Drivers/STM32F4xx_HAL_Driver/Src/stm32f4xx_hal_tim.o
 .text.TIM_OC2_SetConfig
                0x08004610       0xd8 ./Drivers/STM32F4xx_HAL_Driver/Src/stm32f4xx_hal_tim.o
                0x08004610                TIM_OC2_SetConfig
 .text.TIM_OC3_SetConfig
                0x080046e8       0xd4 ./Drivers/STM32F4xx_HAL_Driver/Src/stm32f4xx_hal_tim.o
 .text.TIM_OC4_SetConfig
                0x080047bc       0xa0 ./Drivers/STM32F4xx_HAL_Driver/Src/stm32f4xx_hal_tim.o
 .text.TIM_TI1_ConfigInputStage
                0x0800485c       0x5e ./Drivers/STM32F4xx_HAL_Driver/Src/stm32f4xx_hal_tim.o
 .text.TIM_TI2_ConfigInputStage
                0x080048ba       0x60 ./Drivers/STM32F4xx_HAL_Driver/Src/stm32f4xx_hal_tim.o
 .text.TIM_ITRx_SetConfig
                0x0800491a       0x36 ./Drivers/STM32F4xx_HAL_Driver/Src/stm32f4xx_hal_tim.o
 .text.TIM_ETR_SetConfig
                0x08004950       0x40 ./Drivers/STM32F4xx_HAL_Driver/Src/stm32f4xx_hal_tim.o
                0x08004950                TIM_ETR_SetConfig
 .text.TIM_CCxChannelCmd
                0x08004990       0x4a ./Drivers/STM32F4xx_HAL_Driver/Src/stm32f4xx_hal_tim.o
                0x08004990                TIM_CCxChannelCmd
 *fill*         0x080049da        0x2 
 .text.HAL_TIMEx_MasterConfigSynchronization
                0x080049dc       0xdc ./Drivers/STM32F4xx_HAL_Driver/Src/stm32f4xx_hal_tim_ex.o
                0x080049dc                HAL_TIMEx_MasterConfigSynchronization
 .text.HAL_TIMEx_ConfigBreakDeadTime
                0x08004ab8       0xa4 ./Drivers/STM32F4xx_HAL_Driver/Src/stm32f4xx_hal_tim_ex.o
                0x08004ab8                HAL_TIMEx_ConfigBreakDeadTime
 .text.HAL_TIMEx_CommutCallback
                0x08004b5c       0x14 ./Drivers/STM32F4xx_HAL_Driver/Src/stm32f4xx_hal_tim_ex.o
                0x08004b5c                HAL_TIMEx_CommutCallback
 .text.HAL_TIMEx_BreakCallback
                0x08004b70       0x14 ./Drivers/STM32F4xx_HAL_Driver/Src/stm32f4xx_hal_tim_ex.o
                0x08004b70                HAL_TIMEx_BreakCallback
 .text.HAL_UART_Init
                0x08004b84       0xa0 ./Drivers/STM32F4xx_HAL_Driver/Src/stm32f4xx_hal_uart.o
                0x08004b84                HAL_UART_Init
 .text.HAL_UART_Transmit
                0x08004c24      0x116 ./Drivers/STM32F4xx_HAL_Driver/Src/stm32f4xx_hal_uart.o
                0x08004c24                HAL_UART_Transmit
 .text.UART_WaitOnFlagUntilTimeout
                0x08004d3a       0xb2 ./Drivers/STM32F4xx_HAL_Driver/Src/stm32f4xx_hal_uart.o
 .text.UART_EndRxTransfer
                0x08004dec       0xc6 ./Drivers/STM32F4xx_HAL_Driver/Src/stm32f4xx_hal_uart.o
 *fill*         0x08004eb2        0x2 
 .text.UART_SetConfig
                0x08004eb4      0x4e8 ./Drivers/STM32F4xx_HAL_Driver/Src/stm32f4xx_hal_uart.o
 .text.MX_FATFS_Init
                0x0800539c       0x24 ./FATFS/App/fatfs.o
                0x0800539c                MX_FATFS_Init
 .text.USER_initialize
                0x080053c0       0x1c ./FATFS/Target/user_diskio.o
                0x080053c0                USER_initialize
 .text.USER_status
                0x080053dc       0x1c ./FATFS/Target/user_diskio.o
                0x080053dc                USER_status
 .text.USER_read
                0x080053f8       0x26 ./FATFS/Target/user_diskio.o
                0x080053f8                USER_read
 .text.USER_write
                0x0800541e       0x26 ./FATFS/Target/user_diskio.o
                0x0800541e                USER_write
 .text.USER_ioctl
                0x08005444       0x26 ./FATFS/Target/user_diskio.o
                0x08005444                USER_ioctl
 *fill*         0x0800546a        0x2 
 .text.disk_status
                0x0800546c       0x34 ./Middlewares/Third_Party/FatFs/src/diskio.o
                0x0800546c                disk_status
 .text.disk_initialize
                0x080054a0       0x50 ./Middlewares/Third_Party/FatFs/src/diskio.o
                0x080054a0                disk_initialize
 .text.disk_read
                0x080054f0       0x40 ./Middlewares/Third_Party/FatFs/src/diskio.o
                0x080054f0                disk_read
 .text.disk_write
                0x08005530       0x40 ./Middlewares/Third_Party/FatFs/src/diskio.o
                0x08005530                disk_write
 .text.disk_ioctl
                0x08005570       0x3c ./Middlewares/Third_Party/FatFs/src/diskio.o
                0x08005570                disk_ioctl
 .text.ld_word  0x080055ac       0x30 ./Middlewares/Third_Party/FatFs/src/ff.o
 .text.ld_dword
                0x080055dc       0x46 ./Middlewares/Third_Party/FatFs/src/ff.o
 *fill*         0x08005622        0x2 
 .text.clear_lock
                0x08005624       0x48 ./Middlewares/Third_Party/FatFs/src/ff.o
 .text.sync_window
                0x0800566c       0x88 ./Middlewares/Third_Party/FatFs/src/ff.o
 .text.move_window
                0x080056f4       0x5a ./Middlewares/Third_Party/FatFs/src/ff.o
 .text.get_ldnumber
                0x0800574e       0x88 ./Middlewares/Third_Party/FatFs/src/ff.o
 *fill*         0x080057d6        0x2 
 .text.check_fs
                0x080057d8       0xac ./Middlewares/Third_Party/FatFs/src/ff.o
 .text.find_volume
                0x08005884      0x50c ./Middlewares/Third_Party/FatFs/src/ff.o
 .text.f_mount  0x08005d90       0x8c ./Middlewares/Third_Party/FatFs/src/ff.o
                0x08005d90                f_mount
 .text.FATFS_LinkDriverEx
                0x08005e1c       0x98 ./Middlewares/Third_Party/FatFs/src/ff_gen_drv.o
                0x08005e1c                FATFS_LinkDriverEx
 .text.FATFS_LinkDriver
                0x08005eb4       0x1e ./Middlewares/Third_Party/FatFs/src/ff_gen_drv.o
                0x08005eb4                FATFS_LinkDriver
 .text.CLCD_Delay
                0x08005ed2       0x1a ./My lib/LCD_I2C.o
 .text.CLCD_WriteI2C
                0x08005eec       0xae ./My lib/LCD_I2C.o
 .text.CLCD_I2C_Init
                0x08005f9a       0xe0 ./My lib/LCD_I2C.o
                0x08005f9a                CLCD_I2C_Init
 .text.CLCD_I2C_SetCursor
                0x0800607a       0x86 ./My lib/LCD_I2C.o
                0x0800607a                CLCD_I2C_SetCursor
 .text.CLCD_I2C_WriteChar
                0x08006100       0x20 ./My lib/LCD_I2C.o
                0x08006100                CLCD_I2C_WriteChar
 .text.CLCD_I2C_WriteString
                0x08006120       0x2e ./My lib/LCD_I2C.o
                0x08006120                CLCD_I2C_WriteString
 .text.CLCD_I2C_Clear
                0x0800614e       0x20 ./My lib/LCD_I2C.o
                0x0800614e                CLCD_I2C_Clear
 .text.CLCD_I2C_BlinkOn
                0x0800616e       0x2c ./My lib/LCD_I2C.o
                0x0800616e                CLCD_I2C_BlinkOn
 .text.CLCD_I2C_BlinkOff
                0x0800619a       0x2c ./My lib/LCD_I2C.o
                0x0800619a                CLCD_I2C_BlinkOff
 *fill*         0x080061c6        0x2 
 .text.SELECT   0x080061c8       0x1c ./My lib/fatfs_sd.o
 .text.DESELECT
                0x080061e4       0x1c ./My lib/fatfs_sd.o
 .text.SPI_TxByte
                0x08006200       0x34 ./My lib/fatfs_sd.o
 .text.SPI_TxBuffer
                0x08006234       0x34 ./My lib/fatfs_sd.o
 .text.SPI_RxByte
                0x08006268       0x38 ./My lib/fatfs_sd.o
 .text.SPI_RxBytePtr
                0x080062a0       0x1c ./My lib/fatfs_sd.o
 .text.SD_ReadyWait
                0x080062bc       0x34 ./My lib/fatfs_sd.o
 .text.SD_PowerOn
                0x080062f0       0x84 ./My lib/fatfs_sd.o
 .text.SD_PowerOff
                0x08006374       0x18 ./My lib/fatfs_sd.o
 .text.SD_CheckPower
                0x0800638c       0x18 ./My lib/fatfs_sd.o
 .text.SD_RxDataBlock
                0x080063a4       0x60 ./My lib/fatfs_sd.o
 .text.SD_TxDataBlock
                0x08006404       0x86 ./My lib/fatfs_sd.o
 .text.SD_SendCmd
                0x0800648a       0xa8 ./My lib/fatfs_sd.o
 *fill*         0x08006532        0x2 
 .text.SD_disk_initialize
                0x08006534      0x1d8 ./My lib/fatfs_sd.o
                0x08006534                SD_disk_initialize
 .text.SD_disk_status
                0x0800670c       0x2c ./My lib/fatfs_sd.o
                0x0800670c                SD_disk_status
 .text.SD_disk_read
                0x08006738       0xd4 ./My lib/fatfs_sd.o
                0x08006738                SD_disk_read
 .text.SD_disk_write
                0x0800680c      0x108 ./My lib/fatfs_sd.o
                0x0800680c                SD_disk_write
 .text.SD_disk_ioctl
                0x08006914      0x254 ./My lib/fatfs_sd.o
                0x08006914                SD_disk_ioctl
 .text.flash_unlock
                0x08006b68        0xc ./My lib/flash.o
                0x08006b68                flash_unlock
 .text.flash_lock
                0x08006b74        0xc ./My lib/flash.o
                0x08006b74                flash_lock
 .text.flash_erease
                0x08006b80       0x30 ./My lib/flash.o
                0x08006b80                flash_erease
 .text.flash_write_arr
                0x08006bb0       0x5a ./My lib/flash.o
                0x08006bb0                flash_write_arr
 .text.flash_read_arr
                0x08006c0a       0x5c ./My lib/flash.o
                0x08006c0a                flash_read_arr
 *fill*         0x08006c66        0x2 
 .text.process_button_pad_value
                0x08006c68       0xb8 ./My lib/keypad.o
                0x08006c68                process_button_pad_value
 .text.read_keypad
                0x08006d20      0x250 ./My lib/keypad.o
                0x08006d20                read_keypad
 .text.print_cli
                0x08006f70       0x44 ./My lib/print_cli.o
                0x08006f70                print_cli
 .text.pwm_set_duty
                0x08006fb4       0x98 ./My lib/pwm_duty.o
                0x08006fb4                pwm_set_duty
 .text.delete_data
                0x0800704c       0x30 ./My lib/task_handler.o
                0x0800704c                delete_data
 .text.add_data
                0x0800707c       0x3e ./My lib/task_handler.o
                0x0800707c                add_data
 *fill*         0x080070ba        0x2 
 .text.set_cow  0x080070bc       0x4c ./My lib/task_handler.o
                0x080070bc                set_cow
 .text.sensor_task
                0x08007108       0x38 ./My lib/task_handler.o
                0x08007108                sensor_task
 .text.print_task
                0x08007140       0x40 ./My lib/task_handler.o
                0x08007140                print_task
 .text.sd_card_task
                0x08007180        0xc ./My lib/task_handler.o
                0x08007180                sd_card_task
 .text.motor_task
                0x0800718c       0x3c ./My lib/task_handler.o
                0x0800718c                motor_task
 .text.scan_keypad_task
                0x080071c8      0x100 ./My lib/task_handler.o
                0x080071c8                scan_keypad_task
 .text.menuconfig_task
                0x080072c8      0xbe8 ./My lib/task_handler.o
                0x080072c8                menuconfig_task
 .text.password_task
                0x08007eb0      0x48c ./My lib/task_handler.o
                0x08007eb0                password_task
 .text.vListInitialise
                0x0800833c       0x44 ./common/ThirdParty/FreeRTOS/list.o
                0x0800833c                vListInitialise
 .text.vListInitialiseItem
                0x08008380       0x1e ./common/ThirdParty/FreeRTOS/list.o
                0x08008380                vListInitialiseItem
 .text.vListInsertEnd
                0x0800839e       0x4c ./common/ThirdParty/FreeRTOS/list.o
                0x0800839e                vListInsertEnd
 .text.vListInsert
                0x080083ea       0x76 ./common/ThirdParty/FreeRTOS/list.o
                0x080083ea                vListInsert
 .text.uxListRemove
                0x08008460       0x5e ./common/ThirdParty/FreeRTOS/list.o
                0x08008460                uxListRemove
 *fill*         0x080084be        0x2 
 .text.xQueueGenericReset
                0x080084c0      0x12c ./common/ThirdParty/FreeRTOS/queue.o
                0x080084c0                xQueueGenericReset
 .text.xQueueGenericCreate
                0x080085ec       0xb0 ./common/ThirdParty/FreeRTOS/queue.o
                0x080085ec                xQueueGenericCreate
 .text.prvInitialiseNewQueue
                0x0800869c       0x46 ./common/ThirdParty/FreeRTOS/queue.o
 *fill*         0x080086e2        0x2 
 .text.xQueueGenericSend
                0x080086e4      0x21c ./common/ThirdParty/FreeRTOS/queue.o
                0x080086e4                xQueueGenericSend
 .text.xQueueReceive
                0x08008900      0x1dc ./common/ThirdParty/FreeRTOS/queue.o
                0x08008900                xQueueReceive
 .text.prvCopyDataToQueue
                0x08008adc       0xd4 ./common/ThirdParty/FreeRTOS/queue.o
 .text.prvCopyDataFromQueue
                0x08008bb0       0x4c ./common/ThirdParty/FreeRTOS/queue.o
 .text.prvUnlockQueue
                0x08008bfc       0xa4 ./common/ThirdParty/FreeRTOS/queue.o
 .text.prvIsQueueEmpty
                0x08008ca0       0x2c ./common/ThirdParty/FreeRTOS/queue.o
 .text.prvIsQueueFull
                0x08008ccc       0x30 ./common/ThirdParty/FreeRTOS/queue.o
 .text.vQueueAddToRegistry
                0x08008cfc       0xa0 ./common/ThirdParty/FreeRTOS/queue.o
                0x08008cfc                vQueueAddToRegistry
 .text.vQueueWaitForMessageRestricted
                0x08008d9c       0x6e ./common/ThirdParty/FreeRTOS/queue.o
                0x08008d9c                vQueueWaitForMessageRestricted
 .text.prvCreateTask
                0x08008e0a       0x78 ./common/ThirdParty/FreeRTOS/tasks.o
 .text.xTaskCreate
                0x08008e82       0x50 ./common/ThirdParty/FreeRTOS/tasks.o
                0x08008e82                xTaskCreate
 .text.prvInitialiseNewTask
                0x08008ed2      0x120 ./common/ThirdParty/FreeRTOS/tasks.o
 *fill*         0x08008ff2        0x2 
 .text.prvAddNewTaskToReadyList
                0x08008ff4      0x16c ./common/ThirdParty/FreeRTOS/tasks.o
 .text.vTaskDelay
                0x08009160       0x70 ./common/ThirdParty/FreeRTOS/tasks.o
                0x08009160                vTaskDelay
 .text.vTaskSuspend
                0x080091d0      0x14c ./common/ThirdParty/FreeRTOS/tasks.o
                0x080091d0                vTaskSuspend
 .text.prvTaskIsTaskSuspended
                0x0800931c       0x8c ./common/ThirdParty/FreeRTOS/tasks.o
 .text.vTaskResume
                0x080093a8      0x120 ./common/ThirdParty/FreeRTOS/tasks.o
                0x080093a8                vTaskResume
 .text.prvCreateIdleTasks
                0x080094c8       0x94 ./common/ThirdParty/FreeRTOS/tasks.o
 .text.vTaskStartScheduler
                0x0800955c       0xb4 ./common/ThirdParty/FreeRTOS/tasks.o
                0x0800955c                vTaskStartScheduler
 .text.vTaskSuspendAll
                0x08009610       0x1c ./common/ThirdParty/FreeRTOS/tasks.o
                0x08009610                vTaskSuspendAll
 .text.xTaskResumeAll
                0x0800962c      0x224 ./common/ThirdParty/FreeRTOS/tasks.o
                0x0800962c                xTaskResumeAll
 .text.xTaskGetTickCount
                0x08009850       0x24 ./common/ThirdParty/FreeRTOS/tasks.o
                0x08009850                xTaskGetTickCount
 .text.xTaskIncrementTick
                0x08009874      0x244 ./common/ThirdParty/FreeRTOS/tasks.o
                0x08009874                xTaskIncrementTick
 .text.vTaskSwitchContext
                0x08009ab8       0xd8 ./common/ThirdParty/FreeRTOS/tasks.o
                0x08009ab8                vTaskSwitchContext
 .text.vTaskPlaceOnEventList
                0x08009b90       0x50 ./common/ThirdParty/FreeRTOS/tasks.o
                0x08009b90                vTaskPlaceOnEventList
 .text.vTaskPlaceOnEventListRestricted
                0x08009be0       0x94 ./common/ThirdParty/FreeRTOS/tasks.o
                0x08009be0                vTaskPlaceOnEventListRestricted
 .text.xTaskRemoveFromEventList
                0x08009c74      0x1c0 ./common/ThirdParty/FreeRTOS/tasks.o
                0x08009c74                xTaskRemoveFromEventList
 .text.vTaskInternalSetTimeOutState
                0x08009e34       0x30 ./common/ThirdParty/FreeRTOS/tasks.o
                0x08009e34                vTaskInternalSetTimeOutState
 .text.xTaskCheckForTimeOut
                0x08009e64       0xd8 ./common/ThirdParty/FreeRTOS/tasks.o
                0x08009e64                xTaskCheckForTimeOut
 .text.vTaskMissedYield
                0x08009f3c       0x18 ./common/ThirdParty/FreeRTOS/tasks.o
                0x08009f3c                vTaskMissedYield
 .text.prvIdleTask
                0x08009f54       0x30 ./common/ThirdParty/FreeRTOS/tasks.o
 .text.prvInitialiseTaskLists
                0x08009f84       0x80 ./common/ThirdParty/FreeRTOS/tasks.o
 .text.prvCheckTasksWaitingTermination
                0x0800a004       0x5c ./common/ThirdParty/FreeRTOS/tasks.o
 .text.prvDeleteTCB
                0x0800a060       0x20 ./common/ThirdParty/FreeRTOS/tasks.o
 .text.prvResetNextTaskUnblockTime
                0x0800a080       0x38 ./common/ThirdParty/FreeRTOS/tasks.o
 .text.xTaskGetSchedulerState
                0x0800a0b8       0x44 ./common/ThirdParty/FreeRTOS/tasks.o
                0x0800a0b8                xTaskGetSchedulerState
 .text.xTaskPriorityDisinherit
                0x0800a0fc      0x160 ./common/ThirdParty/FreeRTOS/tasks.o
                0x0800a0fc                xTaskPriorityDisinherit
 .text.xTaskGenericNotifyWait
                0x0800a25c      0x130 ./common/ThirdParty/FreeRTOS/tasks.o
                0x0800a25c                xTaskGenericNotifyWait
 .text.xTaskGenericNotify
                0x0800a38c      0x268 ./common/ThirdParty/FreeRTOS/tasks.o
                0x0800a38c                xTaskGenericNotify
 .text.prvAddCurrentTaskToDelayedList
                0x0800a5f4      0x11c ./common/ThirdParty/FreeRTOS/tasks.o
 .text.xTimerCreateTimerTask
                0x0800a710       0x74 ./common/ThirdParty/FreeRTOS/timers.o
                0x0800a710                xTimerCreateTimerTask
 .text.prvReloadTimer
                0x0800a784       0x42 ./common/ThirdParty/FreeRTOS/timers.o
 *fill*         0x0800a7c6        0x2 
 .text.prvProcessExpiredTimer
                0x0800a7c8       0x60 ./common/ThirdParty/FreeRTOS/timers.o
 .text.prvTimerTask
                0x0800a828       0x26 ./common/ThirdParty/FreeRTOS/timers.o
 *fill*         0x0800a84e        0x2 
 .text.prvProcessTimerOrBlockTask
                0x0800a850       0x9c ./common/ThirdParty/FreeRTOS/timers.o
 .text.prvGetNextExpireTime
                0x0800a8ec       0x48 ./common/ThirdParty/FreeRTOS/timers.o
 .text.prvSampleTimeNow
                0x0800a934       0x40 ./common/ThirdParty/FreeRTOS/timers.o
 .text.prvInsertTimerInActiveList
                0x0800a974       0x84 ./common/ThirdParty/FreeRTOS/timers.o
 .text.prvProcessReceivedCommands
                0x0800a9f8      0x190 ./common/ThirdParty/FreeRTOS/timers.o
 .text.prvSwitchTimerLists
                0x0800ab88       0x4c ./common/ThirdParty/FreeRTOS/timers.o
 .text.prvCheckForValidListAndQueue
                0x0800abd4       0x6c ./common/ThirdParty/FreeRTOS/timers.o
 .text.pxPortInitialiseStack
                0x0800ac40       0x68 ./common/ThirdParty/FreeRTOS/portable/GCC/ARM_CM4F/port.o
                0x0800ac40                pxPortInitialiseStack
 .text.prvTaskExitError
                0x0800aca8       0x5c ./common/ThirdParty/FreeRTOS/portable/GCC/ARM_CM4F/port.o
 *fill*         0x0800ad04        0xc 
 .text.SVC_Handler
                0x0800ad10       0x28 ./common/ThirdParty/FreeRTOS/portable/GCC/ARM_CM4F/port.o
                0x0800ad10                SVC_Handler
 .text.prvPortStartFirstTask
                0x0800ad38       0x2c ./common/ThirdParty/FreeRTOS/portable/GCC/ARM_CM4F/port.o
 .text.xPortStartScheduler
                0x0800ad64      0x1e0 ./common/ThirdParty/FreeRTOS/portable/GCC/ARM_CM4F/port.o
                0x0800ad64                xPortStartScheduler
 .text.vPortEnterCritical
                0x0800af44       0x64 ./common/ThirdParty/FreeRTOS/portable/GCC/ARM_CM4F/port.o
                0x0800af44                vPortEnterCritical
 .text.vPortExitCritical
                0x0800afa8       0x54 ./common/ThirdParty/FreeRTOS/portable/GCC/ARM_CM4F/port.o
                0x0800afa8                vPortExitCritical
 *fill*         0x0800affc        0x4 
 .text.PendSV_Handler
                0x0800b000       0x68 ./common/ThirdParty/FreeRTOS/portable/GCC/ARM_CM4F/port.o
                0x0800b000                PendSV_Handler
 .text.SysTick_Handler
                0x0800b068       0x54 ./common/ThirdParty/FreeRTOS/portable/GCC/ARM_CM4F/port.o
                0x0800b068                SysTick_Handler
 .text.vPortSetupTimerInterrupt
                0x0800b0bc       0x48 ./common/ThirdParty/FreeRTOS/portable/GCC/ARM_CM4F/port.o
                0x0800b0bc                vPortSetupTimerInterrupt
 .text.vPortEnableVFP
                0x0800b104       0x18 ./common/ThirdParty/FreeRTOS/portable/GCC/ARM_CM4F/port.o
 .text.pvPortMalloc
                0x0800b11c      0x264 ./common/ThirdParty/FreeRTOS/portable/MemMang/heap_4.o
                0x0800b11c                pvPortMalloc
 .text.vPortFree
                0x0800b380       0xf4 ./common/ThirdParty/FreeRTOS/portable/MemMang/heap_4.o
                0x0800b380                vPortFree
 .text.prvHeapInit
                0x0800b474       0xb4 ./common/ThirdParty/FreeRTOS/portable/MemMang/heap_4.o
 .text.prvInsertBlockIntoFreeList
                0x0800b528       0xf4 ./common/ThirdParty/FreeRTOS/portable/MemMang/heap_4.o
 .text.SYSVIEW_AddTask
                0x0800b61c       0xd0 ./common/ThirdParty/SEGGER/OS/SEGGER_SYSVIEW_FreeRTOS.o
                0x0800b61c                SYSVIEW_AddTask
 .text.SYSVIEW_SendTaskInfo
                0x0800b6ec       0x42 ./common/ThirdParty/SEGGER/OS/SEGGER_SYSVIEW_FreeRTOS.o
                0x0800b6ec                SYSVIEW_SendTaskInfo
 *fill*         0x0800b72e        0x2 
 .text.USART2_IRQHandler
                0x0800b730       0x94 ./common/ThirdParty/SEGGER/Rec/segger_uart.o
                0x0800b730                USART2_IRQHandler
 .text.HIF_UART_EnableTXEInterrupt
                0x0800b7c4       0x20 ./common/ThirdParty/SEGGER/Rec/segger_uart.o
                0x0800b7c4                HIF_UART_EnableTXEInterrupt
 .text._DoInit  0x0800b7e4       0xb4 ./common/ThirdParty/SEGGER/SEGGER/SEGGER_RTT.o
 .text._WriteBlocking
                0x0800b898       0xba ./common/ThirdParty/SEGGER/SEGGER/SEGGER_RTT.o
 .text._WriteNoCheck
                0x0800b952       0x90 ./common/ThirdParty/SEGGER/SEGGER/SEGGER_RTT.o
 .text._GetAvailWriteSpace
                0x0800b9e2       0x46 ./common/ThirdParty/SEGGER/SEGGER/SEGGER_RTT.o
 .text.SEGGER_RTT_ReadNoLock
                0x0800ba28      0x10c ./common/ThirdParty/SEGGER/SEGGER/SEGGER_RTT.o
                0x0800ba28                SEGGER_RTT_ReadNoLock
 .text.SEGGER_RTT_WriteNoLock
                0x0800bb34       0xa0 ./common/ThirdParty/SEGGER/SEGGER/SEGGER_RTT.o
                0x0800bb34                SEGGER_RTT_WriteNoLock
 .text.SEGGER_RTT_Write
                0x0800bbd4       0x4c ./common/ThirdParty/SEGGER/SEGGER/SEGGER_RTT.o
                0x0800bbd4                SEGGER_RTT_Write
 .text._EncodeStr
                0x0800bc20       0x60 ./common/ThirdParty/SEGGER/SEGGER/SEGGER_SYSVIEW.o
 .text._PreparePacket
                0x0800bc80       0x18 ./common/ThirdParty/SEGGER/SEGGER/SEGGER_SYSVIEW.o
 .text._HandleIncomingPacket
                0x0800bc98       0xdc ./common/ThirdParty/SEGGER/SEGGER/SEGGER_SYSVIEW.o
 .text._TrySendOverflowPacket
                0x0800bd74       0xe8 ./common/ThirdParty/SEGGER/SEGGER/SEGGER_SYSVIEW.o
 .text._SendPacket
                0x0800be5c      0x2e0 ./common/ThirdParty/SEGGER/SEGGER/SEGGER_SYSVIEW.o
 .text.SEGGER_SYSVIEW_RecordVoid
                0x0800c13c       0x3c ./common/ThirdParty/SEGGER/SEGGER/SEGGER_SYSVIEW.o
                0x0800c13c                SEGGER_SYSVIEW_RecordVoid
 .text.SEGGER_SYSVIEW_RecordU32
                0x0800c178       0x78 ./common/ThirdParty/SEGGER/SEGGER/SEGGER_SYSVIEW.o
                0x0800c178                SEGGER_SYSVIEW_RecordU32
 .text.SEGGER_SYSVIEW_RecordU32x2
                0x0800c1f0       0xb4 ./common/ThirdParty/SEGGER/SEGGER/SEGGER_SYSVIEW.o
                0x0800c1f0                SEGGER_SYSVIEW_RecordU32x2
 .text.SEGGER_SYSVIEW_Start
                0x0800c2a4      0x178 ./common/ThirdParty/SEGGER/SEGGER/SEGGER_SYSVIEW.o
                0x0800c2a4                SEGGER_SYSVIEW_Start
 .text.SEGGER_SYSVIEW_Stop
                0x0800c41c       0x4c ./common/ThirdParty/SEGGER/SEGGER/SEGGER_SYSVIEW.o
                0x0800c41c                SEGGER_SYSVIEW_Stop
 .text.SEGGER_SYSVIEW_GetSysDesc
                0x0800c468      0x134 ./common/ThirdParty/SEGGER/SEGGER/SEGGER_SYSVIEW.o
                0x0800c468                SEGGER_SYSVIEW_GetSysDesc
 .text.SEGGER_SYSVIEW_SendTaskInfo
                0x0800c59c      0x1c8 ./common/ThirdParty/SEGGER/SEGGER/SEGGER_SYSVIEW.o
                0x0800c59c                SEGGER_SYSVIEW_SendTaskInfo
 .text.SEGGER_SYSVIEW_SendTaskList
                0x0800c764       0x28 ./common/ThirdParty/SEGGER/SEGGER/SEGGER_SYSVIEW.o
                0x0800c764                SEGGER_SYSVIEW_SendTaskList
 .text.SEGGER_SYSVIEW_RecordSystime
                0x0800c78c       0x64 ./common/ThirdParty/SEGGER/SEGGER/SEGGER_SYSVIEW.o
                0x0800c78c                SEGGER_SYSVIEW_RecordSystime
 .text.SEGGER_SYSVIEW_RecordEnterISR
                0x0800c7f0       0x84 ./common/ThirdParty/SEGGER/SEGGER/SEGGER_SYSVIEW.o
                0x0800c7f0                SEGGER_SYSVIEW_RecordEnterISR
 .text.SEGGER_SYSVIEW_RecordExitISR
                0x0800c874       0x38 ./common/ThirdParty/SEGGER/SEGGER/SEGGER_SYSVIEW.o
                0x0800c874                SEGGER_SYSVIEW_RecordExitISR
 .text.SEGGER_SYSVIEW_RecordExitISRToScheduler
                0x0800c8ac       0x38 ./common/ThirdParty/SEGGER/SEGGER/SEGGER_SYSVIEW.o
                0x0800c8ac                SEGGER_SYSVIEW_RecordExitISRToScheduler
 .text.SEGGER_SYSVIEW_RecordEndCall
                0x0800c8e4       0x78 ./common/ThirdParty/SEGGER/SEGGER/SEGGER_SYSVIEW.o
                0x0800c8e4                SEGGER_SYSVIEW_RecordEndCall
 .text.SEGGER_SYSVIEW_RecordEndCallU32
                0x0800c95c       0xb0 ./common/ThirdParty/SEGGER/SEGGER/SEGGER_SYSVIEW.o
                0x0800c95c                SEGGER_SYSVIEW_RecordEndCallU32
 .text.SEGGER_SYSVIEW_OnIdle
                0x0800ca0c       0x38 ./common/ThirdParty/SEGGER/SEGGER/SEGGER_SYSVIEW.o
                0x0800ca0c                SEGGER_SYSVIEW_OnIdle
 .text.SEGGER_SYSVIEW_OnTaskCreate
                0x0800ca44       0x84 ./common/ThirdParty/SEGGER/SEGGER/SEGGER_SYSVIEW.o
                0x0800ca44                SEGGER_SYSVIEW_OnTaskCreate
 .text.SEGGER_SYSVIEW_OnTaskStartExec
                0x0800cac8       0x84 ./common/ThirdParty/SEGGER/SEGGER/SEGGER_SYSVIEW.o
                0x0800cac8                SEGGER_SYSVIEW_OnTaskStartExec
 .text.SEGGER_SYSVIEW_OnTaskStartReady
                0x0800cb4c       0x84 ./common/ThirdParty/SEGGER/SEGGER/SEGGER_SYSVIEW.o
                0x0800cb4c                SEGGER_SYSVIEW_OnTaskStartReady
 .text.SEGGER_SYSVIEW_OnTaskStopReady
                0x0800cbd0       0xc0 ./common/ThirdParty/SEGGER/SEGGER/SEGGER_SYSVIEW.o
                0x0800cbd0                SEGGER_SYSVIEW_OnTaskStopReady
 .text.SEGGER_SYSVIEW_ShrinkId
                0x0800cc90       0x20 ./common/ThirdParty/SEGGER/SEGGER/SEGGER_SYSVIEW.o
                0x0800cc90                SEGGER_SYSVIEW_ShrinkId
 .text.SEGGER_SYSVIEW_SendModule
                0x0800ccb0      0x114 ./common/ThirdParty/SEGGER/SEGGER/SEGGER_SYSVIEW.o
                0x0800ccb0                SEGGER_SYSVIEW_SendModule
 .text.SEGGER_SYSVIEW_SendModuleDescription
                0x0800cdc4       0x3c ./common/ThirdParty/SEGGER/SEGGER/SEGGER_SYSVIEW.o
                0x0800cdc4                SEGGER_SYSVIEW_SendModuleDescription
 .text.SEGGER_SYSVIEW_SendNumModules
                0x0800ce00       0x7c ./common/ThirdParty/SEGGER/SEGGER/SEGGER_SYSVIEW.o
                0x0800ce00                SEGGER_SYSVIEW_SendNumModules
 .text.SEGGER_SYSVIEW_Warn
                0x0800ce7c       0xb8 ./common/ThirdParty/SEGGER/SEGGER/SEGGER_SYSVIEW.o
                0x0800ce7c                SEGGER_SYSVIEW_Warn
 .text._write_r
                0x0800cf34       0x22 ./common/ThirdParty/SEGGER/SEGGER/Syscalls/SEGGER_RTT_Syscalls_GCC.o
                0x0800cf34                _write_r
 *fill*         0x0800cf56        0x2 
 .text.std      0x0800cf58       0x6c C:/my app/STM32CubeIDE_1.16.0/STM32CubeIDE/plugins/com.st.stm32cube.ide.mcu.externaltools.gnu-tools-for-stm32.12.3.rel1.win32_1.0.200.202406191623/tools/bin/../lib/gcc/arm-none-eabi/12.3.1/../../../../arm-none-eabi/lib/thumb/v7e-m+fp/hard\libc_nano.a(libc_a-findfp.o)
 .text.stdio_exit_handler
                0x0800cfc4       0x18 C:/my app/STM32CubeIDE_1.16.0/STM32CubeIDE/plugins/com.st.stm32cube.ide.mcu.externaltools.gnu-tools-for-stm32.12.3.rel1.win32_1.0.200.202406191623/tools/bin/../lib/gcc/arm-none-eabi/12.3.1/../../../../arm-none-eabi/lib/thumb/v7e-m+fp/hard\libc_nano.a(libc_a-findfp.o)
 .text.cleanup_stdio
                0x0800cfdc       0x40 C:/my app/STM32CubeIDE_1.16.0/STM32CubeIDE/plugins/com.st.stm32cube.ide.mcu.externaltools.gnu-tools-for-stm32.12.3.rel1.win32_1.0.200.202406191623/tools/bin/../lib/gcc/arm-none-eabi/12.3.1/../../../../arm-none-eabi/lib/thumb/v7e-m+fp/hard\libc_nano.a(libc_a-findfp.o)
 .text.global_stdio_init.part.0
                0x0800d01c       0x3c C:/my app/STM32CubeIDE_1.16.0/STM32CubeIDE/plugins/com.st.stm32cube.ide.mcu.externaltools.gnu-tools-for-stm32.12.3.rel1.win32_1.0.200.202406191623/tools/bin/../lib/gcc/arm-none-eabi/12.3.1/../../../../arm-none-eabi/lib/thumb/v7e-m+fp/hard\libc_nano.a(libc_a-findfp.o)
 .text.__sfp_lock_acquire
                0x0800d058        0xc C:/my app/STM32CubeIDE_1.16.0/STM32CubeIDE/plugins/com.st.stm32cube.ide.mcu.externaltools.gnu-tools-for-stm32.12.3.rel1.win32_1.0.200.202406191623/tools/bin/../lib/gcc/arm-none-eabi/12.3.1/../../../../arm-none-eabi/lib/thumb/v7e-m+fp/hard\libc_nano.a(libc_a-findfp.o)
                0x0800d058                __sfp_lock_acquire
 .text.__sfp_lock_release
                0x0800d064        0xc C:/my app/STM32CubeIDE_1.16.0/STM32CubeIDE/plugins/com.st.stm32cube.ide.mcu.externaltools.gnu-tools-for-stm32.12.3.rel1.win32_1.0.200.202406191623/tools/bin/../lib/gcc/arm-none-eabi/12.3.1/../../../../arm-none-eabi/lib/thumb/v7e-m+fp/hard\libc_nano.a(libc_a-findfp.o)
                0x0800d064                __sfp_lock_release
 .text.__sinit  0x0800d070       0x30 C:/my app/STM32CubeIDE_1.16.0/STM32CubeIDE/plugins/com.st.stm32cube.ide.mcu.externaltools.gnu-tools-for-stm32.12.3.rel1.win32_1.0.200.202406191623/tools/bin/../lib/gcc/arm-none-eabi/12.3.1/../../../../arm-none-eabi/lib/thumb/v7e-m+fp/hard\libc_nano.a(libc_a-findfp.o)
                0x0800d070                __sinit
 .text._fwalk_sglue
                0x0800d0a0       0x3c C:/my app/STM32CubeIDE_1.16.0/STM32CubeIDE/plugins/com.st.stm32cube.ide.mcu.externaltools.gnu-tools-for-stm32.12.3.rel1.win32_1.0.200.202406191623/tools/bin/../lib/gcc/arm-none-eabi/12.3.1/../../../../arm-none-eabi/lib/thumb/v7e-m+fp/hard\libc_nano.a(libc_a-fwalk.o)
                0x0800d0a0                _fwalk_sglue
 .text.printf   0x0800d0dc       0x24 C:/my app/STM32CubeIDE_1.16.0/STM32CubeIDE/plugins/com.st.stm32cube.ide.mcu.externaltools.gnu-tools-for-stm32.12.3.rel1.win32_1.0.200.202406191623/tools/bin/../lib/gcc/arm-none-eabi/12.3.1/../../../../arm-none-eabi/lib/thumb/v7e-m+fp/hard\libc_nano.a(libc_a-printf.o)
                0x0800d0dc                iprintf
                0x0800d0dc                printf
 .text.__sread  0x0800d100       0x22 C:/my app/STM32CubeIDE_1.16.0/STM32CubeIDE/plugins/com.st.stm32cube.ide.mcu.externaltools.gnu-tools-for-stm32.12.3.rel1.win32_1.0.200.202406191623/tools/bin/../lib/gcc/arm-none-eabi/12.3.1/../../../../arm-none-eabi/lib/thumb/v7e-m+fp/hard\libc_nano.a(libc_a-stdio.o)
                0x0800d100                __sread
 .text.__swrite
                0x0800d122       0x38 C:/my app/STM32CubeIDE_1.16.0/STM32CubeIDE/plugins/com.st.stm32cube.ide.mcu.externaltools.gnu-tools-for-stm32.12.3.rel1.win32_1.0.200.202406191623/tools/bin/../lib/gcc/arm-none-eabi/12.3.1/../../../../arm-none-eabi/lib/thumb/v7e-m+fp/hard\libc_nano.a(libc_a-stdio.o)
                0x0800d122                __swrite
 .text.__sseek  0x0800d15a       0x24 C:/my app/STM32CubeIDE_1.16.0/STM32CubeIDE/plugins/com.st.stm32cube.ide.mcu.externaltools.gnu-tools-for-stm32.12.3.rel1.win32_1.0.200.202406191623/tools/bin/../lib/gcc/arm-none-eabi/12.3.1/../../../../arm-none-eabi/lib/thumb/v7e-m+fp/hard\libc_nano.a(libc_a-stdio.o)
                0x0800d15a                __sseek
 .text.__sclose
                0x0800d17e        0x8 C:/my app/STM32CubeIDE_1.16.0/STM32CubeIDE/plugins/com.st.stm32cube.ide.mcu.externaltools.gnu-tools-for-stm32.12.3.rel1.win32_1.0.200.202406191623/tools/bin/../lib/gcc/arm-none-eabi/12.3.1/../../../../arm-none-eabi/lib/thumb/v7e-m+fp/hard\libc_nano.a(libc_a-stdio.o)
                0x0800d17e                __sclose
 *fill*         0x0800d186        0x2 
 .text._vsprintf_r
                0x0800d188       0x2c C:/my app/STM32CubeIDE_1.16.0/STM32CubeIDE/plugins/com.st.stm32cube.ide.mcu.externaltools.gnu-tools-for-stm32.12.3.rel1.win32_1.0.200.202406191623/tools/bin/../lib/gcc/arm-none-eabi/12.3.1/../../../../arm-none-eabi/lib/thumb/v7e-m+fp/hard\libc_nano.a(libc_a-vsprintf.o)
                0x0800d188                _vsprintf_r
                0x0800d188                _vsiprintf_r
 .text.vsprintf
                0x0800d1b4       0x14 C:/my app/STM32CubeIDE_1.16.0/STM32CubeIDE/plugins/com.st.stm32cube.ide.mcu.externaltools.gnu-tools-for-stm32.12.3.rel1.win32_1.0.200.202406191623/tools/bin/../lib/gcc/arm-none-eabi/12.3.1/../../../../arm-none-eabi/lib/thumb/v7e-m+fp/hard\libc_nano.a(libc_a-vsprintf.o)
                0x0800d1b4                vsiprintf
                0x0800d1b4                vsprintf
 .text.memcmp   0x0800d1c8       0x20 C:/my app/STM32CubeIDE_1.16.0/STM32CubeIDE/plugins/com.st.stm32cube.ide.mcu.externaltools.gnu-tools-for-stm32.12.3.rel1.win32_1.0.200.202406191623/tools/bin/../lib/gcc/arm-none-eabi/12.3.1/../../../../arm-none-eabi/lib/thumb/v7e-m+fp/hard\libc_nano.a(libc_a-memcmp.o)
                0x0800d1c8                memcmp
 .text.memset   0x0800d1e8       0x10 C:/my app/STM32CubeIDE_1.16.0/STM32CubeIDE/plugins/com.st.stm32cube.ide.mcu.externaltools.gnu-tools-for-stm32.12.3.rel1.win32_1.0.200.202406191623/tools/bin/../lib/gcc/arm-none-eabi/12.3.1/../../../../arm-none-eabi/lib/thumb/v7e-m+fp/hard\libc_nano.a(libc_a-memset.o)
                0x0800d1e8                memset
 .text._close_r
                0x0800d1f8       0x20 C:/my app/STM32CubeIDE_1.16.0/STM32CubeIDE/plugins/com.st.stm32cube.ide.mcu.externaltools.gnu-tools-for-stm32.12.3.rel1.win32_1.0.200.202406191623/tools/bin/../lib/gcc/arm-none-eabi/12.3.1/../../../../arm-none-eabi/lib/thumb/v7e-m+fp/hard\libc_nano.a(libc_a-closer.o)
                0x0800d1f8                _close_r
 .text._lseek_r
                0x0800d218       0x24 C:/my app/STM32CubeIDE_1.16.0/STM32CubeIDE/plugins/com.st.stm32cube.ide.mcu.externaltools.gnu-tools-for-stm32.12.3.rel1.win32_1.0.200.202406191623/tools/bin/../lib/gcc/arm-none-eabi/12.3.1/../../../../arm-none-eabi/lib/thumb/v7e-m+fp/hard\libc_nano.a(libc_a-lseekr.o)
                0x0800d218                _lseek_r
 .text._read_r  0x0800d23c       0x24 C:/my app/STM32CubeIDE_1.16.0/STM32CubeIDE/plugins/com.st.stm32cube.ide.mcu.externaltools.gnu-tools-for-stm32.12.3.rel1.win32_1.0.200.202406191623/tools/bin/../lib/gcc/arm-none-eabi/12.3.1/../../../../arm-none-eabi/lib/thumb/v7e-m+fp/hard\libc_nano.a(libc_a-readr.o)
                0x0800d23c                _read_r
 .text.__errno  0x0800d260        0xc C:/my app/STM32CubeIDE_1.16.0/STM32CubeIDE/plugins/com.st.stm32cube.ide.mcu.externaltools.gnu-tools-for-stm32.12.3.rel1.win32_1.0.200.202406191623/tools/bin/../lib/gcc/arm-none-eabi/12.3.1/../../../../arm-none-eabi/lib/thumb/v7e-m+fp/hard\libc_nano.a(libc_a-errno.o)
                0x0800d260                __errno
 .text.__libc_init_array
                0x0800d26c       0x48 C:/my app/STM32CubeIDE_1.16.0/STM32CubeIDE/plugins/com.st.stm32cube.ide.mcu.externaltools.gnu-tools-for-stm32.12.3.rel1.win32_1.0.200.202406191623/tools/bin/../lib/gcc/arm-none-eabi/12.3.1/../../../../arm-none-eabi/lib/thumb/v7e-m+fp/hard\libc_nano.a(libc_a-init.o)
                0x0800d26c                __libc_init_array
 .text.__retarget_lock_init_recursive
                0x0800d2b4        0x2 C:/my app/STM32CubeIDE_1.16.0/STM32CubeIDE/plugins/com.st.stm32cube.ide.mcu.externaltools.gnu-tools-for-stm32.12.3.rel1.win32_1.0.200.202406191623/tools/bin/../lib/gcc/arm-none-eabi/12.3.1/../../../../arm-none-eabi/lib/thumb/v7e-m+fp/hard\libc_nano.a(libc_a-lock.o)
                0x0800d2b4                __retarget_lock_init_recursive
 .text.__retarget_lock_acquire_recursive
                0x0800d2b6        0x2 C:/my app/STM32CubeIDE_1.16.0/STM32CubeIDE/plugins/com.st.stm32cube.ide.mcu.externaltools.gnu-tools-for-stm32.12.3.rel1.win32_1.0.200.202406191623/tools/bin/../lib/gcc/arm-none-eabi/12.3.1/../../../../arm-none-eabi/lib/thumb/v7e-m+fp/hard\libc_nano.a(libc_a-lock.o)
                0x0800d2b6                __retarget_lock_acquire_recursive
 .text.__retarget_lock_release_recursive
                0x0800d2b8        0x2 C:/my app/STM32CubeIDE_1.16.0/STM32CubeIDE/plugins/com.st.stm32cube.ide.mcu.externaltools.gnu-tools-for-stm32.12.3.rel1.win32_1.0.200.202406191623/tools/bin/../lib/gcc/arm-none-eabi/12.3.1/../../../../arm-none-eabi/lib/thumb/v7e-m+fp/hard\libc_nano.a(libc_a-lock.o)
                0x0800d2b8                __retarget_lock_release_recursive
 .text.memcpy   0x0800d2ba       0x1c C:/my app/STM32CubeIDE_1.16.0/STM32CubeIDE/plugins/com.st.stm32cube.ide.mcu.externaltools.gnu-tools-for-stm32.12.3.rel1.win32_1.0.200.202406191623/tools/bin/../lib/gcc/arm-none-eabi/12.3.1/../../../../arm-none-eabi/lib/thumb/v7e-m+fp/hard\libc_nano.a(libc_a-memcpy-stub.o)
                0x0800d2ba                memcpy
 *fill*         0x0800d2d6        0x2 
 .text._free_r  0x0800d2d8       0x94 C:/my app/STM32CubeIDE_1.16.0/STM32CubeIDE/plugins/com.st.stm32cube.ide.mcu.externaltools.gnu-tools-for-stm32.12.3.rel1.win32_1.0.200.202406191623/tools/bin/../lib/gcc/arm-none-eabi/12.3.1/../../../../arm-none-eabi/lib/thumb/v7e-m+fp/hard\libc_nano.a(libc_a-freer.o)
                0x0800d2d8                _free_r
 .text.sbrk_aligned
                0x0800d36c       0x44 C:/my app/STM32CubeIDE_1.16.0/STM32CubeIDE/plugins/com.st.stm32cube.ide.mcu.externaltools.gnu-tools-for-stm32.12.3.rel1.win32_1.0.200.202406191623/tools/bin/../lib/gcc/arm-none-eabi/12.3.1/../../../../arm-none-eabi/lib/thumb/v7e-m+fp/hard\libc_nano.a(libc_a-mallocr.o)
 .text._malloc_r
                0x0800d3b0      0x100 C:/my app/STM32CubeIDE_1.16.0/STM32CubeIDE/plugins/com.st.stm32cube.ide.mcu.externaltools.gnu-tools-for-stm32.12.3.rel1.win32_1.0.200.202406191623/tools/bin/../lib/gcc/arm-none-eabi/12.3.1/../../../../arm-none-eabi/lib/thumb/v7e-m+fp/hard\libc_nano.a(libc_a-mallocr.o)
                0x0800d3b0                _malloc_r
 .text.__malloc_lock
                0x0800d4b0        0xc C:/my app/STM32CubeIDE_1.16.0/STM32CubeIDE/plugins/com.st.stm32cube.ide.mcu.externaltools.gnu-tools-for-stm32.12.3.rel1.win32_1.0.200.202406191623/tools/bin/../lib/gcc/arm-none-eabi/12.3.1/../../../../arm-none-eabi/lib/thumb/v7e-m+fp/hard\libc_nano.a(libc_a-mlock.o)
                0x0800d4b0                __malloc_lock
 .text.__malloc_unlock
                0x0800d4bc        0xc C:/my app/STM32CubeIDE_1.16.0/STM32CubeIDE/plugins/com.st.stm32cube.ide.mcu.externaltools.gnu-tools-for-stm32.12.3.rel1.win32_1.0.200.202406191623/tools/bin/../lib/gcc/arm-none-eabi/12.3.1/../../../../arm-none-eabi/lib/thumb/v7e-m+fp/hard\libc_nano.a(libc_a-mlock.o)
                0x0800d4bc                __malloc_unlock
 .text.__ssputs_r
                0x0800d4c8       0xb6 C:/my app/STM32CubeIDE_1.16.0/STM32CubeIDE/plugins/com.st.stm32cube.ide.mcu.externaltools.gnu-tools-for-stm32.12.3.rel1.win32_1.0.200.202406191623/tools/bin/../lib/gcc/arm-none-eabi/12.3.1/../../../../arm-none-eabi/lib/thumb/v7e-m+fp/hard\libc_nano.a(libc_a-nano-svfprintf.o)
                0x0800d4c8                __ssputs_r
 *fill*         0x0800d57e        0x2 
 .text._svfprintf_r
                0x0800d580      0x1f8 C:/my app/STM32CubeIDE_1.16.0/STM32CubeIDE/plugins/com.st.stm32cube.ide.mcu.externaltools.gnu-tools-for-stm32.12.3.rel1.win32_1.0.200.202406191623/tools/bin/../lib/gcc/arm-none-eabi/12.3.1/../../../../arm-none-eabi/lib/thumb/v7e-m+fp/hard\libc_nano.a(libc_a-nano-svfprintf.o)
                0x0800d580                _svfiprintf_r
                0x0800d580                _svfprintf_r
 .text.__sfputc_r
                0x0800d778       0x2e C:/my app/STM32CubeIDE_1.16.0/STM32CubeIDE/plugins/com.st.stm32cube.ide.mcu.externaltools.gnu-tools-for-stm32.12.3.rel1.win32_1.0.200.202406191623/tools/bin/../lib/gcc/arm-none-eabi/12.3.1/../../../../arm-none-eabi/lib/thumb/v7e-m+fp/hard\libc_nano.a(libc_a-nano-vfprintf.o)
 .text.__sfputs_r
                0x0800d7a6       0x24 C:/my app/STM32CubeIDE_1.16.0/STM32CubeIDE/plugins/com.st.stm32cube.ide.mcu.externaltools.gnu-tools-for-stm32.12.3.rel1.win32_1.0.200.202406191623/tools/bin/../lib/gcc/arm-none-eabi/12.3.1/../../../../arm-none-eabi/lib/thumb/v7e-m+fp/hard\libc_nano.a(libc_a-nano-vfprintf.o)
                0x0800d7a6                __sfputs_r
 *fill*         0x0800d7ca        0x2 
 .text._vfprintf_r
                0x0800d7cc      0x230 C:/my app/STM32CubeIDE_1.16.0/STM32CubeIDE/plugins/com.st.stm32cube.ide.mcu.externaltools.gnu-tools-for-stm32.12.3.rel1.win32_1.0.200.202406191623/tools/bin/../lib/gcc/arm-none-eabi/12.3.1/../../../../arm-none-eabi/lib/thumb/v7e-m+fp/hard\libc_nano.a(libc_a-nano-vfprintf.o)
                0x0800d7cc                _vfprintf_r
                0x0800d7cc                _vfiprintf_r
 .text._printf_common
                0x0800d9fc       0xda C:/my app/STM32CubeIDE_1.16.0/STM32CubeIDE/plugins/com.st.stm32cube.ide.mcu.externaltools.gnu-tools-for-stm32.12.3.rel1.win32_1.0.200.202406191623/tools/bin/../lib/gcc/arm-none-eabi/12.3.1/../../../../arm-none-eabi/lib/thumb/v7e-m+fp/hard\libc_nano.a(libc_a-nano-vfprintf_i.o)
                0x0800d9fc                _printf_common
 *fill*         0x0800dad6        0x2 
 .text._printf_i
                0x0800dad8      0x240 C:/my app/STM32CubeIDE_1.16.0/STM32CubeIDE/plugins/com.st.stm32cube.ide.mcu.externaltools.gnu-tools-for-stm32.12.3.rel1.win32_1.0.200.202406191623/tools/bin/../lib/gcc/arm-none-eabi/12.3.1/../../../../arm-none-eabi/lib/thumb/v7e-m+fp/hard\libc_nano.a(libc_a-nano-vfprintf_i.o)
                0x0800dad8                _printf_i
 .text.__sflush_r
                0x0800dd18      0x108 C:/my app/STM32CubeIDE_1.16.0/STM32CubeIDE/plugins/com.st.stm32cube.ide.mcu.externaltools.gnu-tools-for-stm32.12.3.rel1.win32_1.0.200.202406191623/tools/bin/../lib/gcc/arm-none-eabi/12.3.1/../../../../arm-none-eabi/lib/thumb/v7e-m+fp/hard\libc_nano.a(libc_a-fflush.o)
                0x0800dd18                __sflush_r
 .text._fflush_r
                0x0800de20       0x50 C:/my app/STM32CubeIDE_1.16.0/STM32CubeIDE/plugins/com.st.stm32cube.ide.mcu.externaltools.gnu-tools-for-stm32.12.3.rel1.win32_1.0.200.202406191623/tools/bin/../lib/gcc/arm-none-eabi/12.3.1/../../../../arm-none-eabi/lib/thumb/v7e-m+fp/hard\libc_nano.a(libc_a-fflush.o)
                0x0800de20                _fflush_r
 .text.__swbuf_r
                0x0800de70       0x7c C:/my app/STM32CubeIDE_1.16.0/STM32CubeIDE/plugins/com.st.stm32cube.ide.mcu.externaltools.gnu-tools-for-stm32.12.3.rel1.win32_1.0.200.202406191623/tools/bin/../lib/gcc/arm-none-eabi/12.3.1/../../../../arm-none-eabi/lib/thumb/v7e-m+fp/hard\libc_nano.a(libc_a-wbuf.o)
                0x0800de70                __swbuf_r
 .text.__swsetup_r
                0x0800deec       0xac C:/my app/STM32CubeIDE_1.16.0/STM32CubeIDE/plugins/com.st.stm32cube.ide.mcu.externaltools.gnu-tools-for-stm32.12.3.rel1.win32_1.0.200.202406191623/tools/bin/../lib/gcc/arm-none-eabi/12.3.1/../../../../arm-none-eabi/lib/thumb/v7e-m+fp/hard\libc_nano.a(libc_a-wsetup.o)
                0x0800deec                __swsetup_r
 .text.memmove  0x0800df98       0x34 C:/my app/STM32CubeIDE_1.16.0/STM32CubeIDE/plugins/com.st.stm32cube.ide.mcu.externaltools.gnu-tools-for-stm32.12.3.rel1.win32_1.0.200.202406191623/tools/bin/../lib/gcc/arm-none-eabi/12.3.1/../../../../arm-none-eabi/lib/thumb/v7e-m+fp/hard\libc_nano.a(libc_a-memmove.o)
                0x0800df98                memmove
 .text._sbrk_r  0x0800dfcc       0x20 C:/my app/STM32CubeIDE_1.16.0/STM32CubeIDE/plugins/com.st.stm32cube.ide.mcu.externaltools.gnu-tools-for-stm32.12.3.rel1.win32_1.0.200.202406191623/tools/bin/../lib/gcc/arm-none-eabi/12.3.1/../../../../arm-none-eabi/lib/thumb/v7e-m+fp/hard\libc_nano.a(libc_a-sbrkr.o)
                0x0800dfcc                _sbrk_r
 .text._realloc_r
                0x0800dfec       0x5c C:/my app/STM32CubeIDE_1.16.0/STM32CubeIDE/plugins/com.st.stm32cube.ide.mcu.externaltools.gnu-tools-for-stm32.12.3.rel1.win32_1.0.200.202406191623/tools/bin/../lib/gcc/arm-none-eabi/12.3.1/../../../../arm-none-eabi/lib/thumb/v7e-m+fp/hard\libc_nano.a(libc_a-reallocr.o)
                0x0800dfec                _realloc_r
 .text.__swhatbuf_r
                0x0800e048       0x4c C:/my app/STM32CubeIDE_1.16.0/STM32CubeIDE/plugins/com.st.stm32cube.ide.mcu.externaltools.gnu-tools-for-stm32.12.3.rel1.win32_1.0.200.202406191623/tools/bin/../lib/gcc/arm-none-eabi/12.3.1/../../../../arm-none-eabi/lib/thumb/v7e-m+fp/hard\libc_nano.a(libc_a-makebuf.o)
                0x0800e048                __swhatbuf_r
 .text.__smakebuf_r
                0x0800e094       0x78 C:/my app/STM32CubeIDE_1.16.0/STM32CubeIDE/plugins/com.st.stm32cube.ide.mcu.externaltools.gnu-tools-for-stm32.12.3.rel1.win32_1.0.200.202406191623/tools/bin/../lib/gcc/arm-none-eabi/12.3.1/../../../../arm-none-eabi/lib/thumb/v7e-m+fp/hard\libc_nano.a(libc_a-makebuf.o)
                0x0800e094                __smakebuf_r
 .text._fstat_r
                0x0800e10c       0x24 C:/my app/STM32CubeIDE_1.16.0/STM32CubeIDE/plugins/com.st.stm32cube.ide.mcu.externaltools.gnu-tools-for-stm32.12.3.rel1.win32_1.0.200.202406191623/tools/bin/../lib/gcc/arm-none-eabi/12.3.1/../../../../arm-none-eabi/lib/thumb/v7e-m+fp/hard\libc_nano.a(libc_a-fstatr.o)
                0x0800e10c                _fstat_r
 .text._isatty_r
                0x0800e130       0x20 C:/my app/STM32CubeIDE_1.16.0/STM32CubeIDE/plugins/com.st.stm32cube.ide.mcu.externaltools.gnu-tools-for-stm32.12.3.rel1.win32_1.0.200.202406191623/tools/bin/../lib/gcc/arm-none-eabi/12.3.1/../../../../arm-none-eabi/lib/thumb/v7e-m+fp/hard\libc_nano.a(libc_a-isattyr.o)
                0x0800e130                _isatty_r
 .text._malloc_usable_size_r
                0x0800e150       0x10 C:/my app/STM32CubeIDE_1.16.0/STM32CubeIDE/plugins/com.st.stm32cube.ide.mcu.externaltools.gnu-tools-for-stm32.12.3.rel1.win32_1.0.200.202406191623/tools/bin/../lib/gcc/arm-none-eabi/12.3.1/../../../../arm-none-eabi/lib/thumb/v7e-m+fp/hard\libc_nano.a(libc_a-msizer.o)
                0x0800e150                _malloc_usable_size_r
 *(.glue_7)
 .glue_7        0x0800e160        0x0 linker stubs
 *(.glue_7t)
 .glue_7t       0x0800e160        0x0 linker stubs
 *(.eh_frame)
 .eh_frame      0x0800e160        0x0 C:/my app/STM32CubeIDE_1.16.0/STM32CubeIDE/plugins/com.st.stm32cube.ide.mcu.externaltools.gnu-tools-for-stm32.12.3.rel1.win32_1.0.200.202406191623/tools/bin/../lib/gcc/arm-none-eabi/12.3.1/thumb/v7e-m+fp/hard/crtbegin.o
 *(.init)
 .init          0x0800e160        0x4 C:/my app/STM32CubeIDE_1.16.0/STM32CubeIDE/plugins/com.st.stm32cube.ide.mcu.externaltools.gnu-tools-for-stm32.12.3.rel1.win32_1.0.200.202406191623/tools/bin/../lib/gcc/arm-none-eabi/12.3.1/thumb/v7e-m+fp/hard/crti.o
                0x0800e160                _init
 .init          0x0800e164        0x8 C:/my app/STM32CubeIDE_1.16.0/STM32CubeIDE/plugins/com.st.stm32cube.ide.mcu.externaltools.gnu-tools-for-stm32.12.3.rel1.win32_1.0.200.202406191623/tools/bin/../lib/gcc/arm-none-eabi/12.3.1/thumb/v7e-m+fp/hard/crtn.o
 *(.fini)
 .fini          0x0800e16c        0x4 C:/my app/STM32CubeIDE_1.16.0/STM32CubeIDE/plugins/com.st.stm32cube.ide.mcu.externaltools.gnu-tools-for-stm32.12.3.rel1.win32_1.0.200.202406191623/tools/bin/../lib/gcc/arm-none-eabi/12.3.1/thumb/v7e-m+fp/hard/crti.o
                0x0800e16c                _fini
 .fini          0x0800e170        0x8 C:/my app/STM32CubeIDE_1.16.0/STM32CubeIDE/plugins/com.st.stm32cube.ide.mcu.externaltools.gnu-tools-for-stm32.12.3.rel1.win32_1.0.200.202406191623/tools/bin/../lib/gcc/arm-none-eabi/12.3.1/thumb/v7e-m+fp/hard/crtn.o
                0x0800e178                        . = ALIGN (0x4)
                0x0800e178                        _etext = .

.vfp11_veneer   0x0800e178        0x0
 .vfp11_veneer  0x0800e178        0x0 linker stubs

.v4_bx          0x0800e178        0x0
 .v4_bx         0x0800e178        0x0 linker stubs

.iplt           0x0800e178        0x0
 .iplt          0x0800e178        0x0 C:/my app/STM32CubeIDE_1.16.0/STM32CubeIDE/plugins/com.st.stm32cube.ide.mcu.externaltools.gnu-tools-for-stm32.12.3.rel1.win32_1.0.200.202406191623/tools/bin/../lib/gcc/arm-none-eabi/12.3.1/thumb/v7e-m+fp/hard/crtbegin.o

.rodata         0x0800e178      0x230
                0x0800e178                        . = ALIGN (0x4)
 *(.rodata)
 .rodata        0x0800e178       0xb1 ./Core/Src/main.o
 *fill*         0x0800e229        0x3 
 .rodata        0x0800e22c       0x94 ./My lib/task_handler.o
 .rodata        0x0800e2c0        0x5 ./common/ThirdParty/FreeRTOS/tasks.o
 *fill*         0x0800e2c5        0x3 
 .rodata        0x0800e2c8        0xd ./common/ThirdParty/FreeRTOS/timers.o
 *fill*         0x0800e2d5        0x3 
 .rodata        0x0800e2d8       0x58 ./common/ThirdParty/SEGGER/OS/SEGGER_SYSVIEW_FreeRTOS.o
 .rodata        0x0800e330        0x9 ./common/ThirdParty/SEGGER/SEGGER/SEGGER_RTT.o
 *(.rodata*)
 *fill*         0x0800e339        0x3 
 .rodata.AHBPrescTable
                0x0800e33c       0x10 ./Core/Src/system_stm32f4xx.o
                0x0800e33c                AHBPrescTable
 .rodata.APBPrescTable
                0x0800e34c        0x8 ./Core/Src/system_stm32f4xx.o
                0x0800e34c                APBPrescTable
 .rodata._aInitStr.0
                0x0800e354       0x11 ./common/ThirdParty/SEGGER/SEGGER/SEGGER_RTT.o
 *fill*         0x0800e365        0x3 
 .rodata._abSync
                0x0800e368        0xa ./common/ThirdParty/SEGGER/SEGGER/SEGGER_SYSVIEW.o
 .rodata._svfprintf_r.str1.1
                0x0800e372       0x11 C:/my app/STM32CubeIDE_1.16.0/STM32CubeIDE/plugins/com.st.stm32cube.ide.mcu.externaltools.gnu-tools-for-stm32.12.3.rel1.win32_1.0.200.202406191623/tools/bin/../lib/gcc/arm-none-eabi/12.3.1/../../../../arm-none-eabi/lib/thumb/v7e-m+fp/hard\libc_nano.a(libc_a-nano-svfprintf.o)
 .rodata._vfprintf_r.str1.1
                0x0800e383       0x11 C:/my app/STM32CubeIDE_1.16.0/STM32CubeIDE/plugins/com.st.stm32cube.ide.mcu.externaltools.gnu-tools-for-stm32.12.3.rel1.win32_1.0.200.202406191623/tools/bin/../lib/gcc/arm-none-eabi/12.3.1/../../../../arm-none-eabi/lib/thumb/v7e-m+fp/hard\libc_nano.a(libc_a-nano-vfprintf.o)
 .rodata._printf_i.str1.1
                0x0800e383       0x22 C:/my app/STM32CubeIDE_1.16.0/STM32CubeIDE/plugins/com.st.stm32cube.ide.mcu.externaltools.gnu-tools-for-stm32.12.3.rel1.win32_1.0.200.202406191623/tools/bin/../lib/gcc/arm-none-eabi/12.3.1/../../../../arm-none-eabi/lib/thumb/v7e-m+fp/hard\libc_nano.a(libc_a-nano-vfprintf_i.o)
                0x0800e3a8                        . = ALIGN (0x4)
 *fill*         0x0800e3a5        0x3 

.ARM.extab      0x0800e3a8        0x0
                0x0800e3a8                        . = ALIGN (0x4)
 *(.ARM.extab* .gnu.linkonce.armextab.*)
                0x0800e3a8                        . = ALIGN (0x4)

.ARM            0x0800e3a8        0x8
                0x0800e3a8                        . = ALIGN (0x4)
                0x0800e3a8                        __exidx_start = .
 *(.ARM.exidx*)
 .ARM.exidx     0x0800e3a8        0x8 C:/my app/STM32CubeIDE_1.16.0/STM32CubeIDE/plugins/com.st.stm32cube.ide.mcu.externaltools.gnu-tools-for-stm32.12.3.rel1.win32_1.0.200.202406191623/tools/bin/../lib/gcc/arm-none-eabi/12.3.1/../../../../arm-none-eabi/lib/thumb/v7e-m+fp/hard\libc_nano.a(libc_a-strcmp.o)
 .ARM.exidx     0x0800e3b0        0x0 C:/my app/STM32CubeIDE_1.16.0/STM32CubeIDE/plugins/com.st.stm32cube.ide.mcu.externaltools.gnu-tools-for-stm32.12.3.rel1.win32_1.0.200.202406191623/tools/bin/../lib/gcc/arm-none-eabi/12.3.1/../../../../arm-none-eabi/lib/thumb/v7e-m+fp/hard\libc_nano.a(libc_a-strlen.o)
                                  0x8 (size before relaxing)
 .ARM.exidx     0x0800e3b0        0x0 C:/my app/STM32CubeIDE_1.16.0/STM32CubeIDE/plugins/com.st.stm32cube.ide.mcu.externaltools.gnu-tools-for-stm32.12.3.rel1.win32_1.0.200.202406191623/tools/bin/../lib/gcc/arm-none-eabi/12.3.1/../../../../arm-none-eabi/lib/thumb/v7e-m+fp/hard\libc_nano.a(libc_a-memchr.o)
                                  0x8 (size before relaxing)
 .ARM.exidx     0x0800e3b0        0x0 C:/my app/STM32CubeIDE_1.16.0/STM32CubeIDE/plugins/com.st.stm32cube.ide.mcu.externaltools.gnu-tools-for-stm32.12.3.rel1.win32_1.0.200.202406191623/tools/bin/../lib/gcc/arm-none-eabi/12.3.1/thumb/v7e-m+fp/hard\libgcc.a(_udivmoddi4.o)
                                  0x8 (size before relaxing)
                0x0800e3b0                        __exidx_end = .
                0x0800e3b0                        . = ALIGN (0x4)

.preinit_array  0x0800e3b0        0x0
                0x0800e3b0                        . = ALIGN (0x4)
                0x0800e3b0                        PROVIDE (__preinit_array_start = .)
 *(.preinit_array*)
                0x0800e3b0                        PROVIDE (__preinit_array_end = .)
                0x0800e3b0                        . = ALIGN (0x4)

.init_array     0x0800e3b0        0x4
                0x0800e3b0                        . = ALIGN (0x4)
                0x0800e3b0                        PROVIDE (__init_array_start = .)
 *(SORT_BY_NAME(.init_array.*))
 *(.init_array*)
 .init_array    0x0800e3b0        0x4 C:/my app/STM32CubeIDE_1.16.0/STM32CubeIDE/plugins/com.st.stm32cube.ide.mcu.externaltools.gnu-tools-for-stm32.12.3.rel1.win32_1.0.200.202406191623/tools/bin/../lib/gcc/arm-none-eabi/12.3.1/thumb/v7e-m+fp/hard/crtbegin.o
                0x0800e3b4                        PROVIDE (__init_array_end = .)
                0x0800e3b4                        . = ALIGN (0x4)

.fini_array     0x0800e3b4        0x4
                0x0800e3b4                        . = ALIGN (0x4)
                [!provide]                        PROVIDE (__fini_array_start = .)
 *(SORT_BY_NAME(.fini_array.*))
 *(.fini_array*)
 .fini_array    0x0800e3b4        0x4 C:/my app/STM32CubeIDE_1.16.0/STM32CubeIDE/plugins/com.st.stm32cube.ide.mcu.externaltools.gnu-tools-for-stm32.12.3.rel1.win32_1.0.200.202406191623/tools/bin/../lib/gcc/arm-none-eabi/12.3.1/thumb/v7e-m+fp/hard/crtbegin.o
                [!provide]                        PROVIDE (__fini_array_end = .)
                0x0800e3b8                        . = ALIGN (0x4)
                0x0800e3b8                        _sidata = LOADADDR (.data)

.rel.dyn        0x0800e3b8        0x0
 .rel.iplt      0x0800e3b8        0x0 C:/my app/STM32CubeIDE_1.16.0/STM32CubeIDE/plugins/com.st.stm32cube.ide.mcu.externaltools.gnu-tools-for-stm32.12.3.rel1.win32_1.0.200.202406191623/tools/bin/../lib/gcc/arm-none-eabi/12.3.1/thumb/v7e-m+fp/hard/crtbegin.o

.data           0x20000000       0x88 load address 0x0800e3b8
                0x20000000                        . = ALIGN (0x4)
                0x20000000                        _sdata = .
 *(.data)
 *(.data*)
 .data.SystemCoreClock
                0x20000000        0x4 ./Core/Src/system_stm32f4xx.o
                0x20000000                SystemCoreClock
 .data.uwTickPrio
                0x20000004        0x4 ./Drivers/STM32F4xx_HAL_Driver/Src/stm32f4xx_hal.o
                0x20000004                uwTickPrio
 .data.uwTickFreq
                0x20000008        0x1 ./Drivers/STM32F4xx_HAL_Driver/Src/stm32f4xx_hal.o
                0x20000008                uwTickFreq
 *fill*         0x20000009        0x3 
 .data.USER_Driver
                0x2000000c       0x14 ./FATFS/Target/user_diskio.o
                0x2000000c                USER_Driver
 .data.Stat     0x20000020        0x1 ./My lib/fatfs_sd.o
 *fill*         0x20000021        0x3 
 .data.uxTopUsedPriority
                0x20000024        0x4 ./common/ThirdParty/FreeRTOS/tasks.o
 .data.uxCriticalNesting
                0x20000028        0x4 ./common/ThirdParty/FreeRTOS/portable/GCC/ARM_CM4F/port.o
 .data.__sglue  0x2000002c        0xc C:/my app/STM32CubeIDE_1.16.0/STM32CubeIDE/plugins/com.st.stm32cube.ide.mcu.externaltools.gnu-tools-for-stm32.12.3.rel1.win32_1.0.200.202406191623/tools/bin/../lib/gcc/arm-none-eabi/12.3.1/../../../../arm-none-eabi/lib/thumb/v7e-m+fp/hard\libc_nano.a(libc_a-findfp.o)
                0x2000002c                __sglue
 .data._impure_ptr
                0x20000038        0x4 C:/my app/STM32CubeIDE_1.16.0/STM32CubeIDE/plugins/com.st.stm32cube.ide.mcu.externaltools.gnu-tools-for-stm32.12.3.rel1.win32_1.0.200.202406191623/tools/bin/../lib/gcc/arm-none-eabi/12.3.1/../../../../arm-none-eabi/lib/thumb/v7e-m+fp/hard\libc_nano.a(libc_a-impure.o)
                0x20000038                _impure_ptr
 .data._impure_data
                0x2000003c       0x4c C:/my app/STM32CubeIDE_1.16.0/STM32CubeIDE/plugins/com.st.stm32cube.ide.mcu.externaltools.gnu-tools-for-stm32.12.3.rel1.win32_1.0.200.202406191623/tools/bin/../lib/gcc/arm-none-eabi/12.3.1/../../../../arm-none-eabi/lib/thumb/v7e-m+fp/hard\libc_nano.a(libc_a-impure.o)
                0x2000003c                _impure_data
 *(.RamFunc)
 *(.RamFunc*)
                0x20000088                        . = ALIGN (0x4)
                0x20000088                        _edata = .

.igot.plt       0x20000088        0x0 load address 0x0800e440
 .igot.plt      0x20000088        0x0 C:/my app/STM32CubeIDE_1.16.0/STM32CubeIDE/plugins/com.st.stm32cube.ide.mcu.externaltools.gnu-tools-for-stm32.12.3.rel1.win32_1.0.200.202406191623/tools/bin/../lib/gcc/arm-none-eabi/12.3.1/thumb/v7e-m+fp/hard/crtbegin.o
                0x20000088                        . = ALIGN (0x4)

.bss            0x20000088    0x14a9c load address 0x0800e440
                0x20000088                        _sbss = .
                0x20000088                        __bss_start__ = _sbss
 *(.bss)
 .bss           0x20000088       0x1c C:/my app/STM32CubeIDE_1.16.0/STM32CubeIDE/plugins/com.st.stm32cube.ide.mcu.externaltools.gnu-tools-for-stm32.12.3.rel1.win32_1.0.200.202406191623/tools/bin/../lib/gcc/arm-none-eabi/12.3.1/thumb/v7e-m+fp/hard/crtbegin.o
 *(.bss*)
 .bss.hi2c1     0x200000a4       0x54 ./Core/Src/main.o
                0x200000a4                hi2c1
 .bss.hspi2     0x200000f8       0x58 ./Core/Src/main.o
                0x200000f8                hspi2
 .bss.htim1     0x20000150       0x48 ./Core/Src/main.o
                0x20000150                htim1
 .bss.huart1    0x20000198       0x48 ./Core/Src/main.o
                0x20000198                huart1
 .bss.huart2    0x200001e0       0x48 ./Core/Src/main.o
                0x200001e0                huart2
 .bss.LCD1      0x20000228        0xc ./Core/Src/main.o
                0x20000228                LCD1
 .bss.handle_sensor_task
                0x20000234        0x4 ./Core/Src/main.o
                0x20000234                handle_sensor_task
 .bss.handle_print_task
                0x20000238        0x4 ./Core/Src/main.o
                0x20000238                handle_print_task
 .bss.handle_scan_keypad_task
                0x2000023c        0x4 ./Core/Src/main.o
                0x2000023c                handle_scan_keypad_task
 .bss.handle_menuconfig_task
                0x20000240        0x4 ./Core/Src/main.o
                0x20000240                handle_menuconfig_task
 .bss.handle_password_task
                0x20000244        0x4 ./Core/Src/main.o
                0x20000244                handle_password_task
 .bss.handle_motor_task
                0x20000248        0x4 ./Core/Src/main.o
                0x20000248                handle_motor_task
 .bss.handle_sd_card_task
                0x2000024c        0x4 ./Core/Src/main.o
                0x2000024c                handle_sd_card_task
 .bss.q_print   0x20000250        0x4 ./Core/Src/main.o
                0x20000250                q_print
 .bss.curr_state
                0x20000254        0x1 ./Core/Src/main.o
                0x20000254                curr_state
 *fill*         0x20000255        0x3 
 .bss.parameter_read
                0x20000258        0xf ./Core/Src/main.o
                0x20000258                parameter_read
 *fill*         0x20000267        0x1 
 .bss.fs        0x20000268     0x1038 ./Core/Src/main.o
                0x20000268                fs
 .bss.fresult   0x200012a0        0x1 ./Core/Src/main.o
                0x200012a0                fresult
 .bss.FatFsCnt  0x200012a1        0x1 ./Core/Src/main.o
                0x200012a1                FatFsCnt
 .bss.Timer1    0x200012a2        0x1 ./Core/Src/main.o
                0x200012a2                Timer1
 .bss.Timer2    0x200012a3        0x1 ./Core/Src/main.o
                0x200012a3                Timer2
 .bss.htim4     0x200012a4       0x48 ./Core/Src/stm32f4xx_hal_timebase_tim.o
                0x200012a4                htim4
 .bss.__sbrk_heap_end
                0x200012ec        0x4 ./Core/Src/sysmem.o
 .bss.uwTick    0x200012f0        0x4 ./Drivers/STM32F4xx_HAL_Driver/Src/stm32f4xx_hal.o
                0x200012f0                uwTick
 .bss.pFlash    0x200012f4       0x20 ./Drivers/STM32F4xx_HAL_Driver/Src/stm32f4xx_hal_flash.o
                0x200012f4                pFlash
 .bss.retUSER   0x20001314        0x1 ./FATFS/App/fatfs.o
                0x20001314                retUSER
 *fill*         0x20001315        0x3 
 .bss.USERPath  0x20001318        0x4 ./FATFS/App/fatfs.o
                0x20001318                USERPath
 .bss.FatFs     0x2000131c        0x4 ./Middlewares/Third_Party/FatFs/src/ff.o
 .bss.Fsid      0x20001320        0x2 ./Middlewares/Third_Party/FatFs/src/ff.o
 *fill*         0x20001322        0x2 
 .bss.Files     0x20001324       0x20 ./Middlewares/Third_Party/FatFs/src/ff.o
 .bss.LfnBuf    0x20001344      0x200 ./Middlewares/Third_Party/FatFs/src/ff.o
 .bss.disk      0x20001544        0xc ./Middlewares/Third_Party/FatFs/src/ff_gen_drv.o
                0x20001544                disk
 .bss.CardType  0x20001550        0x1 ./My lib/fatfs_sd.o
 .bss.PowerFlag
                0x20001551        0x1 ./My lib/fatfs_sd.o
 .bss.btn_sm_state.1
                0x20001552        0x1 ./My lib/keypad.o
 *fill*         0x20001553        0x1 
 .bss.curr_time.0
                0x20001554        0x4 ./My lib/keypad.o
 .bss.btn_value1
                0x20001558        0x2 ./My lib/task_handler.o
                0x20001558                btn_value1
 .bss.state.3   0x2000155a        0x1 ./My lib/task_handler.o
 *fill*         0x2000155b        0x1 
 .bss.data.2    0x2000155c       0x40 ./My lib/task_handler.o
 .bss.password.1
                0x2000159c       0x10 ./My lib/task_handler.o
 .bss.password.0
                0x200015ac       0x10 ./My lib/task_handler.o
 .bss.xQueueRegistry
                0x200015bc       0x40 ./common/ThirdParty/FreeRTOS/queue.o
                0x200015bc                xQueueRegistry
 .bss.pxCurrentTCB
                0x200015fc        0x4 ./common/ThirdParty/FreeRTOS/tasks.o
                0x200015fc                pxCurrentTCB
 .bss.pxReadyTasksLists
                0x20001600       0x64 ./common/ThirdParty/FreeRTOS/tasks.o
 .bss.xDelayedTaskList1
                0x20001664       0x14 ./common/ThirdParty/FreeRTOS/tasks.o
 .bss.xDelayedTaskList2
                0x20001678       0x14 ./common/ThirdParty/FreeRTOS/tasks.o
 .bss.pxDelayedTaskList
                0x2000168c        0x4 ./common/ThirdParty/FreeRTOS/tasks.o
 .bss.pxOverflowDelayedTaskList
                0x20001690        0x4 ./common/ThirdParty/FreeRTOS/tasks.o
 .bss.xPendingReadyList
                0x20001694       0x14 ./common/ThirdParty/FreeRTOS/tasks.o
 .bss.xTasksWaitingTermination
                0x200016a8       0x14 ./common/ThirdParty/FreeRTOS/tasks.o
 .bss.uxDeletedTasksWaitingCleanUp
                0x200016bc        0x4 ./common/ThirdParty/FreeRTOS/tasks.o
 .bss.xSuspendedTaskList
                0x200016c0       0x14 ./common/ThirdParty/FreeRTOS/tasks.o
 .bss.uxCurrentNumberOfTasks
                0x200016d4        0x4 ./common/ThirdParty/FreeRTOS/tasks.o
 .bss.xTickCount
                0x200016d8        0x4 ./common/ThirdParty/FreeRTOS/tasks.o
 .bss.uxTopReadyPriority
                0x200016dc        0x4 ./common/ThirdParty/FreeRTOS/tasks.o
 .bss.xSchedulerRunning
                0x200016e0        0x4 ./common/ThirdParty/FreeRTOS/tasks.o
 .bss.xPendedTicks
                0x200016e4        0x4 ./common/ThirdParty/FreeRTOS/tasks.o
 .bss.xYieldPendings
                0x200016e8        0x4 ./common/ThirdParty/FreeRTOS/tasks.o
 .bss.xNumOfOverflows
                0x200016ec        0x4 ./common/ThirdParty/FreeRTOS/tasks.o
 .bss.uxTaskNumber
                0x200016f0        0x4 ./common/ThirdParty/FreeRTOS/tasks.o
 .bss.xNextTaskUnblockTime
                0x200016f4        0x4 ./common/ThirdParty/FreeRTOS/tasks.o
 .bss.xIdleTaskHandles
                0x200016f8        0x4 ./common/ThirdParty/FreeRTOS/tasks.o
 .bss.uxSchedulerSuspended
                0x200016fc        0x4 ./common/ThirdParty/FreeRTOS/tasks.o
 .bss.xActiveTimerList1