../Core/Src/main.c:100:6:SDTimer_Handler	4	static
../Core/Src/main.c:126:6:clear_buffer	16	static
../Core/Src/main.c:132:5:bufsize	24	static
../Core/Src/main.c:147:5:main	56	static,ignoring_inline_asm
../Core/Src/main.c:268:6:SystemClock_Config	88	static
../Core/Src/main.c:315:13:MX_ADC1_Init	24	static
../Core/Src/main.c:367:13:MX_I2C1_Init	8	static
../Core/Src/main.c:401:13:MX_SPI2_Init	8	static
../Core/Src/main.c:439:13:MX_TIM1_Init	96	static
../Core/Src/main.c:514:13:MX_USART1_UART_Init	8	static
../Core/Src/main.c:547:13:MX_GPIO_Init	48	static
../Core/Src/main.c:610:6:sd_card_task	64	static
../Core/Src/main.c:662:6:HAL_TIM_PeriodElapsedCallback	16	static
../Core/Src/main.c:684:6:Error_Handler	4	static,ignoring_inline_asm
