../Core/Src/main.c:77:6:SDTimer_Handler	3
../Core/Src/main.c:115:5:bufsize	2
../Core/Src/main.c:131:6:clear_buffer	2
../Core/Src/main.c:156:5:main	11
../Core/Src/main.c:320:6:SystemClock_Config	3
../Core/Src/main.c:367:13:MX_I2C1_Init	2
../Core/Src/main.c:401:13:MX_SPI2_Init	2
../Core/Src/main.c:439:13:MX_USART1_UART_Init	2
../Core/Src/main.c:472:13:MX_GPIO_Init	1
../Core/Src/main.c:513:6:sensor_task	1
../Core/Src/main.c:520:6:print_task	6
../Core/Src/main.c:654:6:scan_keypad_task	1
../Core/Src/main.c:659:6:config_task	1
../Core/Src/main.c:676:6:HAL_TIM_PeriodElapsedCallback	3
../Core/Src/main.c:699:6:Error_Handler	1
