Archive member included to satisfy reference by file (symbol)

C:/my app/STM32CubeIDE_1.16.0/STM32CubeIDE/plugins/com.st.stm32cube.ide.mcu.externaltools.gnu-tools-for-stm32.12.3.rel1.win32_1.0.200.202406191623/tools/bin/../lib/gcc/arm-none-eabi/12.3.1/../../../../arm-none-eabi/lib/thumb/v7e-m+fp/hard\libc_nano.a(libc_a-exit.o)
                              C:/my app/STM32CubeIDE_1.16.0/STM32CubeIDE/plugins/com.st.stm32cube.ide.mcu.externaltools.gnu-tools-for-stm32.12.3.rel1.win32_1.0.200.202406191623/tools/bin/../lib/gcc/arm-none-eabi/12.3.1/../../../../arm-none-eabi/lib/thumb/v7e-m+fp/hard/crt0.o (exit)
C:/my app/STM32CubeIDE_1.16.0/STM32CubeIDE/plugins/com.st.stm32cube.ide.mcu.externaltools.gnu-tools-for-stm32.12.3.rel1.win32_1.0.200.202406191623/tools/bin/../lib/gcc/arm-none-eabi/12.3.1/../../../../arm-none-eabi/lib/thumb/v7e-m+fp/hard\libc_nano.a(libc_a-findfp.o)
                              C:/my app/STM32CubeIDE_1.16.0/STM32CubeIDE/plugins/com.st.stm32cube.ide.mcu.externaltools.gnu-tools-for-stm32.12.3.rel1.win32_1.0.200.202406191623/tools/bin/../lib/gcc/arm-none-eabi/12.3.1/../../../../arm-none-eabi/lib/thumb/v7e-m+fp/hard\libc_nano.a(libc_a-exit.o) (__stdio_exit_handler)
C:/my app/STM32CubeIDE_1.16.0/STM32CubeIDE/plugins/com.st.stm32cube.ide.mcu.externaltools.gnu-tools-for-stm32.12.3.rel1.win32_1.0.200.202406191623/tools/bin/../lib/gcc/arm-none-eabi/12.3.1/../../../../arm-none-eabi/lib/thumb/v7e-m+fp/hard\libc_nano.a(libc_a-fwalk.o)
                              C:/my app/STM32CubeIDE_1.16.0/STM32CubeIDE/plugins/com.st.stm32cube.ide.mcu.externaltools.gnu-tools-for-stm32.12.3.rel1.win32_1.0.200.202406191623/tools/bin/../lib/gcc/arm-none-eabi/12.3.1/../../../../arm-none-eabi/lib/thumb/v7e-m+fp/hard\libc_nano.a(libc_a-findfp.o) (_fwalk_sglue)
C:/my app/STM32CubeIDE_1.16.0/STM32CubeIDE/plugins/com.st.stm32cube.ide.mcu.externaltools.gnu-tools-for-stm32.12.3.rel1.win32_1.0.200.202406191623/tools/bin/../lib/gcc/arm-none-eabi/12.3.1/../../../../arm-none-eabi/lib/thumb/v7e-m+fp/hard\libc_nano.a(libc_a-puts.o)
                              ./Core/Src/main.o (puts)
C:/my app/STM32CubeIDE_1.16.0/STM32CubeIDE/plugins/com.st.stm32cube.ide.mcu.externaltools.gnu-tools-for-stm32.12.3.rel1.win32_1.0.200.202406191623/tools/bin/../lib/gcc/arm-none-eabi/12.3.1/../../../../arm-none-eabi/lib/thumb/v7e-m+fp/hard\libc_nano.a(libc_a-sprintf.o)
                              ./Core/Src/main.o (sprintf)
C:/my app/STM32CubeIDE_1.16.0/STM32CubeIDE/plugins/com.st.stm32cube.ide.mcu.externaltools.gnu-tools-for-stm32.12.3.rel1.win32_1.0.200.202406191623/tools/bin/../lib/gcc/arm-none-eabi/12.3.1/../../../../arm-none-eabi/lib/thumb/v7e-m+fp/hard\libc_nano.a(libc_a-stdio.o)
                              C:/my app/STM32CubeIDE_1.16.0/STM32CubeIDE/plugins/com.st.stm32cube.ide.mcu.externaltools.gnu-tools-for-stm32.12.3.rel1.win32_1.0.200.202406191623/tools/bin/../lib/gcc/arm-none-eabi/12.3.1/../../../../arm-none-eabi/lib/thumb/v7e-m+fp/hard\libc_nano.a(libc_a-findfp.o) (__sread)
C:/my app/STM32CubeIDE_1.16.0/STM32CubeIDE/plugins/com.st.stm32cube.ide.mcu.externaltools.gnu-tools-for-stm32.12.3.rel1.win32_1.0.200.202406191623/tools/bin/../lib/gcc/arm-none-eabi/12.3.1/../../../../arm-none-eabi/lib/thumb/v7e-m+fp/hard\libc_nano.a(libc_a-vsprintf.o)
                              ./Core/Src/print_cli.o (vsprintf)
C:/my app/STM32CubeIDE_1.16.0/STM32CubeIDE/plugins/com.st.stm32cube.ide.mcu.externaltools.gnu-tools-for-stm32.12.3.rel1.win32_1.0.200.202406191623/tools/bin/../lib/gcc/arm-none-eabi/12.3.1/../../../../arm-none-eabi/lib/thumb/v7e-m+fp/hard\libc_nano.a(libc_a-wbuf.o)
                              C:/my app/STM32CubeIDE_1.16.0/STM32CubeIDE/plugins/com.st.stm32cube.ide.mcu.externaltools.gnu-tools-for-stm32.12.3.rel1.win32_1.0.200.202406191623/tools/bin/../lib/gcc/arm-none-eabi/12.3.1/../../../../arm-none-eabi/lib/thumb/v7e-m+fp/hard\libc_nano.a(libc_a-puts.o) (__swbuf_r)
C:/my app/STM32CubeIDE_1.16.0/STM32CubeIDE/plugins/com.st.stm32cube.ide.mcu.externaltools.gnu-tools-for-stm32.12.3.rel1.win32_1.0.200.202406191623/tools/bin/../lib/gcc/arm-none-eabi/12.3.1/../../../../arm-none-eabi/lib/thumb/v7e-m+fp/hard\libc_nano.a(libc_a-wsetup.o)
                              C:/my app/STM32CubeIDE_1.16.0/STM32CubeIDE/plugins/com.st.stm32cube.ide.mcu.externaltools.gnu-tools-for-stm32.12.3.rel1.win32_1.0.200.202406191623/tools/bin/../lib/gcc/arm-none-eabi/12.3.1/../../../../arm-none-eabi/lib/thumb/v7e-m+fp/hard\libc_nano.a(libc_a-puts.o) (__swsetup_r)
C:/my app/STM32CubeIDE_1.16.0/STM32CubeIDE/plugins/com.st.stm32cube.ide.mcu.externaltools.gnu-tools-for-stm32.12.3.rel1.win32_1.0.200.202406191623/tools/bin/../lib/gcc/arm-none-eabi/12.3.1/../../../../arm-none-eabi/lib/thumb/v7e-m+fp/hard\libc_nano.a(libc_a-memcmp.o)
                              ./common/ThirdParty/SEGGER/OS/SEGGER_SYSVIEW_FreeRTOS.o (memcmp)
[...]
Memory Configuration

Name             Origin             Length             Attributes
RAM              0x20000000         0x00018000         xrw
FLASH            0x08000000         0x00080000         xr
*default*        0x00000000         0xffffffff

Linker script and memory map

LOAD C:/my app/STM32CubeIDE_1.16.0/STM32CubeIDE/plugins/com.st.stm32cube.ide.mcu.externaltools.gnu-tools-for-stm32.12.3.rel1.win32_1.0.200.202406191623/tools/bin/../lib/gcc/arm-none-eabi/12.3.1/thumb/v7e-m+fp/hard/crti.o
LOAD C:/my app/STM32CubeIDE_1.16.0/STM32CubeIDE/plugins/com.st.stm32cube.ide.mcu.externaltools.gnu-tools-for-stm32.12.3.rel1.win32_1.0.200.202406191623/tools/bin/../lib/gcc/arm-none-eabi/12.3.1/thumb/v7e-m+fp/hard/crtbegin.o
LOAD C:/my app/STM32CubeIDE_1.16.0/STM32CubeIDE/plugins/com.st.stm32cube.ide.mcu.externaltools.gnu-tools-for-stm32.12.3.rel1.win32_1.0.200.202406191623/tools/bin/../lib/gcc/arm-none-eabi/12.3.1/../../../../arm-none-eabi/lib/thumb/v7e-m+fp/hard/crt0.o
LOAD ./Core/Src/LCD_I2C.o
LOAD ./Core/Src/fatfs_sd.o
LOAD ./Core/Src/flash.o
LOAD ./Core/Src/main.o
LOAD ./Core/Src/print_cli.o
LOAD ./Core/Src/stm32f4xx_hal_msp.o
LOAD ./Core/Src/stm32f4xx_hal_timebase_tim.o
LOAD ./Core/Src/stm32f4xx_it.o
LOAD ./Core/Src/syscalls.o
LOAD ./Core/Src/system_stm32f4xx.o
LOAD ./Core/Startup/startup_stm32f401retx.o
LOAD ./Drivers/STM32F4xx_HAL_Driver/Src/stm32f4xx_hal.o
LOAD ./Drivers/STM32F4xx_HAL_Driver/Src/stm32f4xx_hal_cortex.o
LOAD ./Drivers/STM32F4xx_HAL_Driver/Src/stm32f4xx_hal_dma.o
LOAD ./Drivers/STM32F4xx_HAL_Driver/Src/stm32f4xx_hal_dma_ex.o
LOAD ./Drivers/STM32F4xx_HAL_Driver/Src/stm32f4xx_hal_exti.o
LOAD ./Drivers/STM32F4xx_HAL_Driver/Src/stm32f4xx_hal_flash.o
LOAD ./Drivers/STM32F4xx_HAL_Driver/Src/stm32f4xx_hal_flash_ex.o
LOAD ./Drivers/STM32F4xx_HAL_Driver/Src/stm32f4xx_hal_flash_ramfunc.o
LOAD ./Drivers/STM32F4xx_HAL_Driver/Src/stm32f4xx_hal_gpio.o
LOAD ./Drivers/STM32F4xx_HAL_Driver/Src/stm32f4xx_hal_i2c.o
LOAD ./Drivers/STM32F4xx_HAL_Driver/Src/stm32f4xx_hal_i2c_ex.o
LOAD ./Drivers/STM32F4xx_HAL_Driver/Src/stm32f4xx_hal_pwr.o
LOAD ./Drivers/STM32F4xx_HAL_Driver/Src/stm32f4xx_hal_pwr_ex.o
LOAD ./Drivers/STM32F4xx_HAL_Driver/Src/stm32f4xx_hal_rcc.o
LOAD ./Drivers/STM32F4xx_HAL_Driver/Src/stm32f4xx_hal_rcc_ex.o
LOAD ./Drivers/STM32F4xx_HAL_Driver/Src/stm32f4xx_hal_spi.o
LOAD ./Drivers/STM32F4xx_HAL_Driver/Src/stm32f4xx_hal_tim.o
LOAD ./Drivers/STM32F4xx_HAL_Driver/Src/stm32f4xx_hal_tim_ex.o
LOAD ./Drivers/STM32F4xx_HAL_Driver/Src/stm32f4xx_hal_uart.o
LOAD ./FATFS/App/fatfs.o
LOAD ./FATFS/Target/user_diskio.o
LOAD ./Middlewares/Third_Party/FatFs/src/diskio.o
LOAD ./Middlewares/Third_Party/FatFs/src/ff.o
LOAD ./Middlewares/Third_Party/FatFs/src/ff_gen_drv.o
LOAD ./Middlewares/Third_Party/FatFs/src/option/ccsbcs.o
LOAD ./Middlewares/Third_Party/FatFs/src/option/syscall.o
LOAD ./common/ThirdParty/FreeRTOS/croutine.o
LOAD ./common/ThirdParty/FreeRTOS/event_groups.o
LOAD ./common/ThirdParty/FreeRTOS/list.o
LOAD ./common/ThirdParty/FreeRTOS/queue.o
LOAD ./common/ThirdParty/FreeRTOS/stream_buffer.o
LOAD ./common/ThirdParty/FreeRTOS/tasks.o
LOAD ./common/ThirdParty/FreeRTOS/timers.o
LOAD ./common/ThirdParty/FreeRTOS/portable/GCC/ARM_CM4F/port.o
LOAD ./common/ThirdParty/FreeRTOS/portable/MemMang/heap_4.o
LOAD ./common/ThirdParty/SEGGER/Config/SEGGER_SYSVIEW_Config_FreeRTOS.o
LOAD ./common/ThirdParty/SEGGER/OS/SEGGER_SYSVIEW_FreeRTOS.o
LOAD ./common/ThirdParty/SEGGER/Rec/segger_uart.o
LOAD ./common/ThirdParty/SEGGER/SEGGER/SEGGER_RTT.o
LOAD ./common/ThirdParty/SEGGER/SEGGER/SEGGER_RTT_ASM_ARMv7M.o
LOAD ./common/ThirdParty/SEGGER/SEGGER/SEGGER_RTT_printf.o
LOAD ./common/ThirdParty/SEGGER/SEGGER/SEGGER_SYSVIEW.o
LOAD ./common/ThirdParty/SEGGER/SEGGER/Syscalls/SEGGER_RTT_Syscalls_GCC.o
START GROUP
LOAD C:/my app/STM32CubeIDE_1.16.0/STM32CubeIDE/plugins/com.st.stm32cube.ide.mcu.externaltools.gnu-tools-for-stm32.12.3.rel1.win32_1.0.200.202406191623/tools/bin/../lib/gcc/arm-none-eabi/12.3.1/../../../../arm-none-eabi/lib/thumb/v7e-m+fp/hard\libc_nano.a
LOAD C:/my app/STM32CubeIDE_1.16.0/STM32CubeIDE/plugins/com.st.stm32cube.ide.mcu.externaltools.gnu-tools-for-stm32.12.3.rel1.win32_1.0.200.202406191623/tools/bin/../lib/gcc/arm-none-eabi/12.3.1/../../../../arm-none-eabi/lib/thumb/v7e-m+fp/hard\libm.a
END GROUP
START GROUP
LOAD C:/my app/STM32CubeIDE_1.16.0/STM32CubeIDE/plugins/com.st.stm32cube.ide.mcu.externaltools.gnu-tools-for-stm32.12.3.rel1.win32_1.0.200.202406191623/tools/bin/../lib/gcc/arm-none-eabi/12.3.1/thumb/v7e-m+fp/hard\libgcc.a
LOAD C:/my app/STM32CubeIDE_1.16.0/STM32CubeIDE/plugins/com.st.stm32cube.ide.mcu.externaltools.gnu-tools-for-stm32.12.3.rel1.win32_1.0.200.202406191623/tools/bin/../lib/gcc/arm-none-eabi/12.3.1/../../../../arm-none-eabi/lib/thumb/v7e-m+fp/hard\libc_nano.a
END GROUP
START GROUP
LOAD C:/my app/STM32CubeIDE_1.16.0/STM32CubeIDE/plugins/com.st.stm32cube.ide.mcu.externaltools.gnu-tools-for-stm32.12.3.rel1.win32_1.0.200.202406191623/tools/bin/../lib/gcc/arm-none-eabi/12.3.1/thumb/v7e-m+fp/hard\libgcc.a
LOAD C:/my app/STM32CubeIDE_1.16.0/STM32CubeIDE/plugins/com.st.stm32cube.ide.mcu.externaltools.gnu-tools-for-stm32.12.3.rel1.win32_1.0.200.202406191623/tools/bin/../lib/gcc/arm-none-eabi/12.3.1/../../../../arm-none-eabi/lib/thumb/v7e-m+fp/hard\libc_nano.a
LOAD C:/my app/STM32CubeIDE_1.16.0/STM32CubeIDE/plugins/com.st.stm32cube.ide.mcu.externaltools.gnu-tools-for-stm32.12.3.rel1.win32_1.0.200.202406191623/tools/bin/../lib/gcc/arm-none-eabi/12.3.1/../../../../arm-none-eabi/lib/thumb/v7e-m+fp/hard\libnosys.a
END GROUP
START GROUP
LOAD C:/my app/STM32CubeIDE_1.16.0/STM32CubeIDE/plugins/com.st.stm32cube.ide.mcu.externaltools.gnu-tools-for-stm32.12.3.rel1.win32_1.0.200.202406191623/tools/bin/../lib/gcc/arm-none-eabi/12.3.1/thumb/v7e-m+fp/hard\libgcc.a
LOAD C:/my app/STM32CubeIDE_1.16.0/STM32CubeIDE/plugins/com.st.stm32cube.ide.mcu.externaltools.gnu-tools-for-stm32.12.3.rel1.win32_1.0.200.202406191623/tools/bin/../lib/gcc/arm-none-eabi/12.3.1/../../../../arm-none-eabi/lib/thumb/v7e-m+fp/hard\libc_nano.a
LOAD C:/my app/STM32CubeIDE_1.16.0/STM32CubeIDE/plugins/com.st.stm32cube.ide.mcu.externaltools.gnu-tools-for-stm32.12.3.rel1.win32_1.0.200.202406191623/tools/bin/../lib/gcc/arm-none-eabi/12.3.1/../../../../arm-none-eabi/lib/thumb/v7e-m+fp/hard\libnosys.a
END GROUP
LOAD C:/my app/STM32CubeIDE_1.16.0/STM32CubeIDE/plugins/com.st.stm32cube.ide.mcu.externaltools.gnu-tools-for-stm32.12.3.rel1.win32_1.0.200.202406191623/tools/bin/../lib/gcc/arm-none-eabi/12.3.1/thumb/v7e-m+fp/hard/crtend.o
LOAD C:/my app/STM32CubeIDE_1.16.0/STM32CubeIDE/plugins/com.st.stm32cube.ide.mcu.externaltools.gnu-tools-for-stm32.12.3.rel1.win32_1.0.200.202406191623/tools/bin/../lib/gcc/arm-none-eabi/12.3.1/thumb/v7e-m+fp/hard/crtn.o
                0x20018000                        _estack = (ORIGIN (RAM) + LENGTH (RAM))
                0x00000200                        _Min_Heap_Size = 0x200
                0x00000400                        _Min_Stack_Size = 0x400

.isr_vector     0x08000000      0x194
                0x08000000                        . = ALIGN (0x4)
 *(.isr_vector)
 .isr_vector    0x08000000      0x194 ./Core/Startup/startup_stm32f401retx.o
                0x08000000                g_pfnVectors
                0x08000194                        . = ALIGN (0x4)

.text           0x080001a0     0xd31c
                0x080001a0                        . = ALIGN (0x4)
 *(.text)
 .text          0x080001a0       0x40 C:/my app/STM32CubeIDE_1.16.0/STM32CubeIDE/plugins/com.st.stm32cube.ide.mcu.externaltools.gnu-tools-for-stm32.12.3.rel1.win32_1.0.200.202406191623/tools/bin/../lib/gcc/arm-none-eabi/12.3.1/thumb/v7e-m+fp/hard/crtbegin.o
 .text          0x080001e0       0x94 ./common/ThirdParty/SEGGER/SEGGER/SEGGER_RTT_ASM_ARMv7M.o
                0x080001e0                SEGGER_RTT_ASM_WriteSkipNoLock
 *fill*         0x08000274        0xc 
 .text          0x08000280       0xa0 C:/my app/STM32CubeIDE_1.16.0/STM32CubeIDE/plugins/com.st.stm32cube.ide.mcu.externaltools.gnu-tools-for-stm32.12.3.rel1.win32_1.0.200.202406191623/tools/bin/../lib/gcc/arm-none-eabi/12.3.1/../../../../arm-none-eabi/lib/thumb/v7e-m+fp/hard\libc_nano.a(libc_a-memchr.o)
                0x08000280                memchr
 .text          0x08000320       0x30 C:/my app/STM32CubeIDE_1.16.0/STM32CubeIDE/plugins/com.st.stm32cube.ide.mcu.externaltools.gnu-tools-for-stm32.12.3.rel1.win32_1.0.200.202406191623/tools/bin/../lib/gcc/arm-none-eabi/12.3.1/thumb/v7e-m+fp/hard\libgcc.a(_aeabi_uldivmod.o)
                0x08000320                __aeabi_uldivmod
 .text          0x08000350      0x2bc C:/my app/STM32CubeIDE_1.16.0/STM32CubeIDE/plugins/com.st.stm32cube.ide.mcu.externaltools.gnu-tools-for-stm32.12.3.rel1.win32_1.0.200.202406191623/tools/bin/../lib/gcc/arm-none-eabi/12.3.1/thumb/v7e-m+fp/hard\libgcc.a(_udivmoddi4.o)
                0x08000350                __udivmoddi4
 .text          0x0800060c        0x4 C:/my app/STM32CubeIDE_1.16.0/STM32CubeIDE/plugins/com.st.stm32cube.ide.mcu.externaltools.gnu-tools-for-stm32.12.3.rel1.win32_1.0.200.202406191623/tools/bin/../lib/gcc/arm-none-eabi/12.3.1/thumb/v7e-m+fp/hard\libgcc.a(_dvmd_tls.o)
                0x0800060c                __aeabi_idiv0
                0x0800060c                __aeabi_ldiv0
 *(.text*)
 .text.CLCD_Delay
                0x08000610       0x1a ./Core/Src/LCD_I2C.o
 .text.CLCD_WriteI2C
                0x0800062a       0xae ./Core/Src/LCD_I2C.o
 .text.CLCD_I2C_Init
                0x080006d8       0xe0 ./Core/Src/LCD_I2C.o
                0x080006d8                CLCD_I2C_Init
 .text.CLCD_I2C_SetCursor
                0x080007b8       0x86 ./Core/Src/LCD_I2C.o
                0x080007b8                CLCD_I2C_SetCursor
 .text.CLCD_I2C_WriteChar
                0x0800083e       0x20 ./Core/Src/LCD_I2C.o
                0x0800083e                CLCD_I2C_WriteChar
 .text.CLCD_I2C_WriteString
                0x0800085e       0x2e ./Core/Src/LCD_I2C.o
                0x0800085e                CLCD_I2C_WriteString
 .text.SELECT   0x0800088c       0x1c ./Core/Src/fatfs_sd.o
 .text.DESELECT
                0x080008a8       0x1c ./Core/Src/fatfs_sd.o
 .text.SPI_TxByte
                0x080008c4       0x34 ./Core/Src/fatfs_sd.o
 .text.SPI_TxBuffer
                0x080008f8       0x34 ./Core/Src/fatfs_sd.o
 .text.SPI_RxByte
                0x0800092c       0x38 ./Core/Src/fatfs_sd.o
 .text.SPI_RxBytePtr
                0x08000964       0x1c ./Core/Src/fatfs_sd.o
 .text.SD_ReadyWait
                0x08000980       0x34 ./Core/Src/fatfs_sd.o
 .text.SD_PowerOn
                0x080009b4       0x84 ./Core/Src/fatfs_sd.o
 .text.SD_PowerOff
                0x08000a38       0x18 ./Core/Src/fatfs_sd.o
 .text.SD_CheckPower
                0x08000a50       0x18 ./Core/Src/fatfs_sd.o
 .text.SD_RxDataBlock
                0x08000a68       0x60 ./Core/Src/fatfs_sd.o
 .text.SD_TxDataBlock
                0x08000ac8       0x86 ./Core/Src/fatfs_sd.o
 .text.SD_SendCmd
                0x08000b4e       0xa8 ./Core/Src/fatfs_sd.o
 *fill*         0x08000bf6        0x2 
 .text.SD_disk_initialize
                0x08000bf8      0x1d8 ./Core/Src/fatfs_sd.o
                0x08000bf8                SD_disk_initialize
 .text.SD_disk_status
                0x08000dd0       0x2c ./Core/Src/fatfs_sd.o
                0x08000dd0                SD_disk_status
 .text.SD_disk_read
                0x08000dfc       0xd4 ./Core/Src/fatfs_sd.o
                0x08000dfc                SD_disk_read
 .text.SD_disk_write
                0x08000ed0      0x108 ./Core/Src/fatfs_sd.o
                0x08000ed0                SD_disk_write
 .text.SD_disk_ioctl
                0x08000fd8      0x254 ./Core/Src/fatfs_sd.o
                0x08000fd8                SD_disk_ioctl
 .text.flash_unlock
                0x0800122c        0xc ./Core/Src/flash.o
                0x0800122c                flash_unlock
 .text.flash_lock
                0x08001238        0xc ./Core/Src/flash.o
                0x08001238                flash_lock
 .text.flash_erease
                0x08001244       0x32 ./Core/Src/flash.o
                0x08001244                flash_erease
 .text.flash_write_arr
                0x08001276       0x5a ./Core/Src/flash.o
                0x08001276                flash_write_arr
 .text.flash_read_arr
                0x080012d0       0x5c ./Core/Src/flash.o
                0x080012d0                flash_read_arr
 .text.SDTimer_Handler
                0x0800132c       0x48 ./Core/Src/main.o
                0x0800132c                SDTimer_Handler
 .text.clear_buffer
                0x08001374       0x38 ./Core/Src/main.o
                0x08001374                clear_buffer
 .text.main     0x080013ac      0x2f8 ./Core/Src/main.o
                0x080013ac                main
 .text.SystemClock_Config
                0x080016a4       0xd8 ./Core/Src/main.o
                0x080016a4                SystemClock_Config
 .text.MX_I2C1_Init
                0x0800177c       0x5c ./Core/Src/main.o
 .text.MX_SPI2_Init
                0x080017d8       0x6c ./Core/Src/main.o
 .text.MX_USART1_UART_Init
                0x08001844       0x54 ./Core/Src/main.o
 .text.MX_GPIO_Init
                0x08001898       0xfc ./Core/Src/main.o
 .text.sensor_task
                0x08001994       0x30 ./Core/Src/main.o
                0x08001994                sensor_task
 .text.print_task
                0x080019c4      0x140 ./Core/Src/main.o
                0x080019c4                print_task
 .text.scan_keypad_task
                0x08001b04        0xc ./Core/Src/main.o
                0x08001b04                scan_keypad_task
 .text.config_task
                0x08001b10        0xc ./Core/Src/main.o
                0x08001b10                config_task
 .text.HAL_TIM_PeriodElapsedCallback
                0x08001b1c       0x48 ./Core/Src/main.o
                0x08001b1c                HAL_TIM_PeriodElapsedCallback
 .text.Error_Handler
                0x08001b64        0xc ./Core/Src/main.o
                0x08001b64                Error_Handler
 .text.print_cli
                0x08001b70       0x58 ./Core/Src/print_cli.o
                0x08001b70                print_cli
 .text.HAL_MspInit
                0x08001bc8       0x50 ./Core/Src/stm32f4xx_hal_msp.o
                0x08001bc8                HAL_MspInit
 .text.HAL_I2C_MspInit
                0x08001c18       0x90 ./Core/Src/stm32f4xx_hal_msp.o
                0x08001c18                HAL_I2C_MspInit
 .text.HAL_SPI_MspInit
                0x08001ca8       0xd0 ./Core/Src/stm32f4xx_hal_msp.o
                0x08001ca8                HAL_SPI_MspInit
 .text.HAL_UART_MspInit
                0x08001d78       0x90 ./Core/Src/stm32f4xx_hal_msp.o
                0x08001d78                HAL_UART_MspInit
 .text.HAL_InitTick
                0x08001e08       0xf8 ./Core/Src/stm32f4xx_hal_timebase_tim.o
                0x08001e08                HAL_InitTick
 .text.NMI_Handler
                0x08001f00        0x8 ./Core/Src/stm32f4xx_it.o
                0x08001f00                NMI_Handler
 .text.HardFault_Handler
                0x08001f08        0x8 ./Core/Src/stm32f4xx_it.o
                0x08001f08                HardFault_Handler
 .text.MemManage_Handler
                0x08001f10        0x8 ./Core/Src/stm32f4xx_it.o
                0x08001f10                MemManage_Handler
 .text.BusFault_Handler
                0x08001f18        0x8 ./Core/Src/stm32f4xx_it.o
                0x08001f18                BusFault_Handler
 .text.UsageFault_Handler
                0x08001f20        0x8 ./Core/Src/stm32f4xx_it.o
                0x08001f20                UsageFault_Handler
 .text.DebugMon_Handler
                0x08001f28        0xe ./Core/Src/stm32f4xx_it.o
                0x08001f28                DebugMon_Handler
 *fill*         0x08001f36        0x2 
 .text.TIM4_IRQHandler
                0x08001f38       0x14 ./Core/Src/stm32f4xx_it.o
                0x08001f38                TIM4_IRQHandler
 .text._read    0x08001f4c       0x3a ./Core/Src/syscalls.o
                0x08001f4c                _read
 .text._close   0x08001f86       0x18 ./Core/Src/syscalls.o
                0x08001f86                _close
 .text._fstat   0x08001f9e       0x20 ./Core/Src/syscalls.o
                0x08001f9e                _fstat
 .text._isatty  0x08001fbe       0x16 ./Core/Src/syscalls.o
                0x08001fbe                _isatty
 .text._lseek   0x08001fd4       0x1a ./Core/Src/syscalls.o
                0x08001fd4                _lseek
 *fill*         0x08001fee        0x2 
 .text.SystemInit
                0x08001ff0       0x24 ./Core/Src/system_stm32f4xx.o
                0x08001ff0                SystemInit
 .text.Reset_Handler
                0x08002014       0x50 ./Core/Startup/startup_stm32f401retx.o
                0x08002014                Reset_Handler
 .text.Default_Handler
                0x08002064        0x2 ./Core/Startup/startup_stm32f401retx.o
                0x08002064                RTC_Alarm_IRQHandler
                0x08002064                EXTI2_IRQHandler
                0x08002064                SPI4_IRQHandler
                0x08002064                TIM1_CC_IRQHandler
                0x08002064                DMA2_Stream5_IRQHandler
                0x08002064                DMA1_Stream5_IRQHandler
                0x08002064                PVD_IRQHandler
                0x08002064                SDIO_IRQHandler
                0x08002064                TAMP_STAMP_IRQHandler
                0x08002064                EXTI3_IRQHandler
                0x08002064                TIM1_UP_TIM10_IRQHandler
                0x08002064                I2C3_ER_IRQHandler
                0x08002064                EXTI0_IRQHandler
                0x08002064                I2C2_EV_IRQHandler
                0x08002064                DMA1_Stream2_IRQHandler
                0x08002064                FPU_IRQHandler
                0x08002064                DMA2_Stream2_IRQHandler
                0x08002064                SPI1_IRQHandler
                0x08002064                TIM1_BRK_TIM9_IRQHandler
                0x08002064                DMA2_Stream3_IRQHandler
                0x08002064                USART6_IRQHandler
                0x08002064                DMA2_Stream0_IRQHandler
                0x08002064                I2C1_EV_IRQHandler
                0x08002064                DMA1_Stream6_IRQHandler
                0x08002064                DMA1_Stream1_IRQHandler
                0x08002064                TIM3_IRQHandler
                0x08002064                RCC_IRQHandler
                0x08002064                Default_Handler
                0x08002064                EXTI15_10_IRQHandler
                0x08002064                ADC_IRQHandler
                0x08002064                DMA1_Stream7_IRQHandler
                0x08002064                TIM5_IRQHandler
                0x08002064                DMA2_Stream7_IRQHandler
                0x08002064                I2C3_EV_IRQHandler
                0x08002064                EXTI9_5_IRQHandler
                0x08002064                RTC_WKUP_IRQHandler
                0x08002064                SPI2_IRQHandler
                0x08002064                DMA1_Stream0_IRQHandler
                0x08002064                EXTI4_IRQHandler
                0x08002064                WWDG_IRQHandler
                0x08002064                TIM2_IRQHandler
                0x08002064                OTG_FS_WKUP_IRQHandler
                0x08002064                TIM1_TRG_COM_TIM11_IRQHandler
                0x08002064                EXTI1_IRQHandler
                0x08002064                I2C2_ER_IRQHandler
                0x08002064                DMA2_Stream1_IRQHandler
                0x08002064                FLASH_IRQHandler
                0x08002064                DMA2_Stream4_IRQHandler
                0x08002064                USART1_IRQHandler
                0x08002064                OTG_FS_IRQHandler
                0x08002064                SPI3_IRQHandler
                0x08002064                DMA1_Stream4_IRQHandler
                0x08002064                I2C1_ER_IRQHandler
                0x08002064                DMA2_Stream6_IRQHandler
                0x08002064                DMA1_Stream3_IRQHandler
 *fill*         0x08002066        0x2 
 .text.HAL_Init
                0x08002068       0x44 ./Drivers/STM32F4xx_HAL_Driver/Src/stm32f4xx_hal.o
                0x08002068                HAL_Init
 .text.HAL_IncTick
                0x080020ac       0x28 ./Drivers/STM32F4xx_HAL_Driver/Src/stm32f4xx_hal.o
                0x080020ac                HAL_IncTick
 .text.HAL_GetTick
                0x080020d4       0x18 ./Drivers/STM32F4xx_HAL_Driver/Src/stm32f4xx_hal.o
                0x080020d4                HAL_GetTick
 .text.HAL_Delay
                0x080020ec       0x48 ./Drivers/STM32F4xx_HAL_Driver/Src/stm32f4xx_hal.o
                0x080020ec                HAL_Delay
 .text.__NVIC_SetPriorityGrouping
                0x08002134       0x48 ./Drivers/STM32F4xx_HAL_Driver/Src/stm32f4xx_hal_cortex.o
 .text.__NVIC_GetPriorityGrouping
                0x0800217c       0x1c ./Drivers/STM32F4xx_HAL_Driver/Src/stm32f4xx_hal_cortex.o
 .text.__NVIC_EnableIRQ
                0x08002198       0x3c ./Drivers/STM32F4xx_HAL_Driver/Src/stm32f4xx_hal_cortex.o
 .text.__NVIC_SetPriority
                0x080021d4       0x54 ./Drivers/STM32F4xx_HAL_Driver/Src/stm32f4xx_hal_cortex.o
 .text.NVIC_EncodePriority
                0x08002228       0x66 ./Drivers/STM32F4xx_HAL_Driver/Src/stm32f4xx_hal_cortex.o
 .text.HAL_NVIC_SetPriorityGrouping
                0x0800228e       0x16 ./Drivers/STM32F4xx_HAL_Driver/Src/stm32f4xx_hal_cortex.o
                0x0800228e                HAL_NVIC_SetPriorityGrouping
 .text.HAL_NVIC_SetPriority
                0x080022a4       0x38 ./Drivers/STM32F4xx_HAL_Driver/Src/stm32f4xx_hal_cortex.o
                0x080022a4                HAL_NVIC_SetPriority
 .text.HAL_NVIC_EnableIRQ
                0x080022dc       0x1c ./Drivers/STM32F4xx_HAL_Driver/Src/stm32f4xx_hal_cortex.o
                0x080022dc                HAL_NVIC_EnableIRQ
 .text.HAL_FLASH_Program
                0x080022f8       0xa8 ./Drivers/STM32F4xx_HAL_Driver/Src/stm32f4xx_hal_flash.o
                0x080022f8                HAL_FLASH_Program
 .text.HAL_FLASH_Unlock
                0x080023a0       0x44 ./Drivers/STM32F4xx_HAL_Driver/Src/stm32f4xx_hal_flash.o
                0x080023a0                HAL_FLASH_Unlock
 .text.HAL_FLASH_Lock
                0x080023e4       0x20 ./Drivers/STM32F4xx_HAL_Driver/Src/stm32f4xx_hal_flash.o
                0x080023e4                HAL_FLASH_Lock
 .text.FLASH_WaitForLastOperation
                0x08002404       0x80 ./Drivers/STM32F4xx_HAL_Driver/Src/stm32f4xx_hal_flash.o
                0x08002404                FLASH_WaitForLastOperation
 .text.FLASH_Program_DoubleWord
                0x08002484       0x64 ./Drivers/STM32F4xx_HAL_Driver/Src/stm32f4xx_hal_flash.o
 .text.FLASH_Program_Word
                0x080024e8       0x44 ./Drivers/STM32F4xx_HAL_Driver/Src/stm32f4xx_hal_flash.o
 .text.FLASH_Program_HalfWord
                0x0800252c       0x48 ./Drivers/STM32F4xx_HAL_Driver/Src/stm32f4xx_hal_flash.o
 .text.FLASH_Program_Byte
                0x08002574       0x44 ./Drivers/STM32F4xx_HAL_Driver/Src/stm32f4xx_hal_flash.o
 .text.FLASH_SetErrorCode
                0x080025b8       0xcc ./Drivers/STM32F4xx_HAL_Driver/Src/stm32f4xx_hal_flash.o
 .text.HAL_FLASHEx_Erase
                0x08002684       0xe0 ./Drivers/STM32F4xx_HAL_Driver/Src/stm32f4xx_hal_flash_ex.o
                0x08002684                HAL_FLASHEx_Erase
 .text.FLASH_MassErase
                0x08002764       0x48 ./Drivers/STM32F4xx_HAL_Driver/Src/stm32f4xx_hal_flash_ex.o
 .text.FLASH_Erase_Sector
                0x080027ac       0x90 ./Drivers/STM32F4xx_HAL_Driver/Src/stm32f4xx_hal_flash_ex.o
                0x080027ac                FLASH_Erase_Sector
 .text.FLASH_FlushCaches
                0x0800283c       0x8c ./Drivers/STM32F4xx_HAL_Driver/Src/stm32f4xx_hal_flash_ex.o
                0x0800283c                FLASH_FlushCaches
 .text.HAL_GPIO_Init
                0x080028c8      0x308 ./Drivers/STM32F4xx_HAL_Driver/Src/stm32f4xx_hal_gpio.o
                0x080028c8                HAL_GPIO_Init
 .text.HAL_GPIO_WritePin
                0x08002bd0       0x32 ./Drivers/STM32F4xx_HAL_Driver/Src/stm32f4xx_hal_gpio.o
                0x08002bd0                HAL_GPIO_WritePin
 *fill*         0x08002c02        0x2 
 .text.HAL_I2C_Init
                0x08002c04      0x288 ./Drivers/STM32F4xx_HAL_Driver/Src/stm32f4xx_hal_i2c.o
                0x08002c04                HAL_I2C_Init
 .text.HAL_I2C_Master_Transmit
                0x08002e8c      0x1fc ./Drivers/STM32F4xx_HAL_Driver/Src/stm32f4xx_hal_i2c.o
                0x08002e8c                HAL_I2C_Master_Transmit
 .text.I2C_MasterRequestWrite
                0x08003088      0x104 ./Drivers/STM32F4xx_HAL_Driver/Src/stm32f4xx_hal_i2c.o
 .text.I2C_WaitOnFlagUntilTimeout
                0x0800318c       0xf4 ./Drivers/STM32F4xx_HAL_Driver/Src/stm32f4xx_hal_i2c.o
 .text.I2C_WaitOnMasterAddressFlagUntilTimeout
                0x08003280      0x140 ./Drivers/STM32F4xx_HAL_Driver/Src/stm32f4xx_hal_i2c.o
 .text.I2C_WaitOnTXEFlagUntilTimeout
                0x080033c0       0x90 ./Drivers/STM32F4xx_HAL_Driver/Src/stm32f4xx_hal_i2c.o
 .text.I2C_WaitOnBTFFlagUntilTimeout
                0x08003450       0x90 ./Drivers/STM32F4xx_HAL_Driver/Src/stm32f4xx_hal_i2c.o
 .text.I2C_IsAcknowledgeFailed
                0x080034e0       0x5e ./Drivers/STM32F4xx_HAL_Driver/Src/stm32f4xx_hal_i2c.o
 *fill*         0x0800353e        0x2 
 .text.HAL_RCC_OscConfig
                0x08003540      0x4f0 ./Drivers/STM32F4xx_HAL_Driver/Src/stm32f4xx_hal_rcc.o
                0x08003540                HAL_RCC_OscConfig
 .text.HAL_RCC_ClockConfig
                0x08003a30      0x1cc ./Drivers/STM32F4xx_HAL_Driver/Src/stm32f4xx_hal_rcc.o
                0x08003a30                HAL_RCC_ClockConfig
 .text.HAL_RCC_GetSysClockFreq
                0x08003bfc      0x20c ./Drivers/STM32F4xx_HAL_Driver/Src/stm32f4xx_hal_rcc.o
                0x08003bfc                HAL_RCC_GetSysClockFreq
 .text.HAL_RCC_GetHCLKFreq
                0x08003e08       0x18 ./Drivers/STM32F4xx_HAL_Driver/Src/stm32f4xx_hal_rcc.o
                0x08003e08                HAL_RCC_GetHCLKFreq
 .text.HAL_RCC_GetPCLK1Freq
                0x08003e20       0x28 ./Drivers/STM32F4xx_HAL_Driver/Src/stm32f4xx_hal_rcc.o
                0x08003e20                HAL_RCC_GetPCLK1Freq
 .text.HAL_RCC_GetPCLK2Freq
                0x08003e48       0x28 ./Drivers/STM32F4xx_HAL_Driver/Src/stm32f4xx_hal_rcc.o
                0x08003e48                HAL_RCC_GetPCLK2Freq
 .text.HAL_RCC_GetClockConfig
                0x08003e70       0x64 ./Drivers/STM32F4xx_HAL_Driver/Src/stm32f4xx_hal_rcc.o
                0x08003e70                HAL_RCC_GetClockConfig
 .text.HAL_SPI_Init
                0x08003ed4      0x112 ./Drivers/STM32F4xx_HAL_Driver/Src/stm32f4xx_hal_spi.o
                0x08003ed4                HAL_SPI_Init
 .text.HAL_SPI_Transmit
                0x08003fe6      0x288 ./Drivers/STM32F4xx_HAL_Driver/Src/stm32f4xx_hal_spi.o
                0x08003fe6                HAL_SPI_Transmit
 .text.HAL_SPI_TransmitReceive
                0x0800426e      0x352 ./Drivers/STM32F4xx_HAL_Driver/Src/stm32f4xx_hal_spi.o
                0x0800426e                HAL_SPI_TransmitReceive
 .text.SPI_WaitFlagStateUntilTimeout
                0x080045c0      0x110 ./Drivers/STM32F4xx_HAL_Driver/Src/stm32f4xx_hal_spi.o
 .text.SPI_EndRxTxTransaction
                0x080046d0       0xa8 ./Drivers/STM32F4xx_HAL_Driver/Src/stm32f4xx_hal_spi.o
 .text.HAL_TIM_Base_Init
                0x08004778       0x9e ./Drivers/STM32F4xx_HAL_Driver/Src/stm32f4xx_hal_tim.o
                0x08004778                HAL_TIM_Base_Init
 .text.HAL_TIM_Base_MspInit
                0x08004816       0x14 ./Drivers/STM32F4xx_HAL_Driver/Src/stm32f4xx_hal_tim.o
                0x08004816                HAL_TIM_Base_MspInit
 *fill*         0x0800482a        0x2 
 .text.HAL_TIM_Base_Start_IT
                0x0800482c       0xc4 ./Drivers/STM32F4xx_HAL_Driver/Src/stm32f4xx_hal_tim.o
                0x0800482c                HAL_TIM_Base_Start_IT
 .text.HAL_TIM_IRQHandler
                0x080048f0      0x1e0 ./Drivers/STM32F4xx_HAL_Driver/Src/stm32f4xx_hal_tim.o
                0x080048f0                HAL_TIM_IRQHandler
 .text.HAL_TIM_OC_DelayElapsedCallback
                0x08004ad0       0x14 ./Drivers/STM32F4xx_HAL_Driver/Src/stm32f4xx_hal_tim.o
                0x08004ad0                HAL_TIM_OC_DelayElapsedCallback
 .text.HAL_TIM_IC_CaptureCallback
                0x08004ae4       0x14 ./Drivers/STM32F4xx_HAL_Driver/Src/stm32f4xx_hal_tim.o
                0x08004ae4                HAL_TIM_IC_CaptureCallback
 .text.HAL_TIM_PWM_PulseFinishedCallback
                0x08004af8       0x14 ./Drivers/STM32F4xx_HAL_Driver/Src/stm32f4xx_hal_tim.o
                0x08004af8                HAL_TIM_PWM_PulseFinishedCallback
 .text.HAL_TIM_TriggerCallback
                0x08004b0c       0x14 ./Drivers/STM32F4xx_HAL_Driver/Src/stm32f4xx_hal_tim.o
                0x08004b0c                HAL_TIM_TriggerCallback
 .text.TIM_Base_SetConfig
                0x08004b20      0x118 ./Drivers/STM32F4xx_HAL_Driver/Src/stm32f4xx_hal_tim.o
                0x08004b20                TIM_Base_SetConfig
 .text.HAL_TIMEx_CommutCallback
                0x08004c38       0x14 ./Drivers/STM32F4xx_HAL_Driver/Src/stm32f4xx_hal_tim_ex.o
                0x08004c38                HAL_TIMEx_CommutCallback
 .text.HAL_TIMEx_BreakCallback
                0x08004c4c       0x14 ./Drivers/STM32F4xx_HAL_Driver/Src/stm32f4xx_hal_tim_ex.o
                0x08004c4c                HAL_TIMEx_BreakCallback
 .text.HAL_UART_Init
                0x08004c60       0xa0 ./Drivers/STM32F4xx_HAL_Driver/Src/stm32f4xx_hal_uart.o
                0x08004c60                HAL_UART_Init
 .text.HAL_UART_Transmit
                0x08004d00      0x116 ./Drivers/STM32F4xx_HAL_Driver/Src/stm32f4xx_hal_uart.o
                0x08004d00                HAL_UART_Transmit
 .text.UART_WaitOnFlagUntilTimeout
                0x08004e16       0xb2 ./Drivers/STM32F4xx_HAL_Driver/Src/stm32f4xx_hal_uart.o
 .text.UART_EndRxTransfer
                0x08004ec8       0xc6 ./Drivers/STM32F4xx_HAL_Driver/Src/stm32f4xx_hal_uart.o
 *fill*         0x08004f8e        0x2 
 .text.UART_SetConfig
                0x08004f90      0x4e8 ./Drivers/STM32F4xx_HAL_Driver/Src/stm32f4xx_hal_uart.o
 .text.MX_FATFS_Init
                0x08005478       0x24 ./FATFS/App/fatfs.o
                0x08005478                MX_FATFS_Init
 .text.get_fattime
                0x0800549c       0x10 ./FATFS/App/fatfs.o
                0x0800549c                get_fattime
 .text.USER_initialize
                0x080054ac       0x1c ./FATFS/Target/user_diskio.o
                0x080054ac                USER_initialize
 .text.USER_status
                0x080054c8       0x1c ./FATFS/Target/user_diskio.o
                0x080054c8                USER_status
 .text.USER_read
                0x080054e4       0x26 ./FATFS/Target/user_diskio.o
                0x080054e4                USER_read
 .text.USER_write
                0x0800550a       0x26 ./FATFS/Target/user_diskio.o
                0x0800550a                USER_write
 .text.USER_ioctl
                0x08005530       0x26 ./FATFS/Target/user_diskio.o
                0x08005530                USER_ioctl
 *fill*         0x08005556        0x2 
 .text.disk_status
                0x08005558       0x34 ./Middlewares/Third_Party/FatFs/src/diskio.o
                0x08005558                disk_status
 .text.disk_initialize
                0x0800558c       0x50 ./Middlewares/Third_Party/FatFs/src/diskio.o
                0x0800558c                disk_initialize
 .text.disk_read
                0x080055dc       0x40 ./Middlewares/Third_Party/FatFs/src/diskio.o
                0x080055dc                disk_read
 .text.disk_write
                0x0800561c       0x40 ./Middlewares/Third_Party/FatFs/src/diskio.o
                0x0800561c                disk_write
 .text.disk_ioctl
                0x0800565c       0x3c ./Middlewares/Third_Party/FatFs/src/diskio.o
                0x0800565c                disk_ioctl
 .text.ld_word  0x08005698       0x30 ./Middlewares/Third_Party/FatFs/src/ff.o
 .text.ld_dword
                0x080056c8       0x46 ./Middlewares/Third_Party/FatFs/src/ff.o
 .text.st_word  0x0800570e       0x36 ./Middlewares/Third_Party/FatFs/src/ff.o
 .text.st_dword
                0x08005744       0x58 ./Middlewares/Third_Party/FatFs/src/ff.o
 .text.mem_cpy  0x0800579c       0x42 ./Middlewares/Third_Party/FatFs/src/ff.o
 .text.mem_set  0x080057de       0x36 ./Middlewares/Third_Party/FatFs/src/ff.o
 .text.mem_cmp  0x08005814       0x4e ./Middlewares/Third_Party/FatFs/src/ff.o
 .text.chk_chr  0x08005862       0x36 ./Middlewares/Third_Party/FatFs/src/ff.o
 .text.chk_lock
                0x08005898       0xb8 ./Middlewares/Third_Party/FatFs/src/ff.o
 .text.enq_lock
                0x08005950       0x44 ./Middlewares/Third_Party/FatFs/src/ff.o
 .text.inc_lock
                0x08005994      0x11c ./Middlewares/Third_Party/FatFs/src/ff.o
 .text.dec_lock
                0x08005ab0       0x78 ./Middlewares/Third_Party/FatFs/src/ff.o
 .text.clear_lock
                0x08005b28       0x48 ./Middlewares/Third_Party/FatFs/src/ff.o
 .text.sync_window
                0x08005b70       0x88 ./Middlewares/Third_Party/FatFs/src/ff.o
 .text.move_window
                0x08005bf8       0x5a ./Middlewares/Third_Party/FatFs/src/ff.o
 *fill*         0x08005c52        0x2 
 .text.sync_fs  0x08005c54       0xe0 ./Middlewares/Third_Party/FatFs/src/ff.o
 .text.clust2sect
                0x08005d34       0x3e ./Middlewares/Third_Party/FatFs/src/ff.o
 .text.get_fat  0x08005d72      0x1a6 ./Middlewares/Third_Party/FatFs/src/ff.o
 .text.put_fat  0x08005f18      0x234 ./Middlewares/Third_Party/FatFs/src/ff.o
 .text.remove_chain
                0x0800614c       0xca ./Middlewares/Third_Party/FatFs/src/ff.o
 .text.create_chain
                0x08006216      0x130 ./Middlewares/Third_Party/FatFs/src/ff.o
 .text.clmt_clust
                0x08006346       0x70 ./Middlewares/Third_Party/FatFs/src/ff.o
 .text.dir_sdi  0x080063b6      0x112 ./Middlewares/Third_Party/FatFs/src/ff.o
 .text.dir_next
                0x080064c8      0x1ac ./Middlewares/Third_Party/FatFs/src/ff.o
 .text.dir_alloc
                0x08006674       0x8e ./Middlewares/Third_Party/FatFs/src/ff.o
 .text.ld_clust
                0x08006702       0x3e ./Middlewares/Third_Party/FatFs/src/ff.o
 .text.st_clust
                0x08006740       0x40 ./Middlewares/Third_Party/FatFs/src/ff.o
 .text.cmp_lfn  0x08006780       0xe0 ./Middlewares/Third_Party/FatFs/src/ff.o
 .text.put_lfn  0x08006860       0xd0 ./Middlewares/Third_Party/FatFs/src/ff.o
 .text.gen_numname
                0x08006930      0x11c ./Middlewares/Third_Party/FatFs/src/ff.o
 .text.sum_sfn  0x08006a4c       0x42 ./Middlewares/Third_Party/FatFs/src/ff.o
 .text.dir_find
                0x08006a8e      0x180 ./Middlewares/Third_Party/FatFs/src/ff.o
 *fill*         0x08006c0e        0x2 
 .text.dir_register
                0x08006c10      0x1f0 ./Middlewares/Third_Party/FatFs/src/ff.o
 .text.create_name
                0x08006e00      0x370 ./Middlewares/Third_Party/FatFs/src/ff.o
 .text.follow_path
                0x08007170       0xec ./Middlewares/Third_Party/FatFs/src/ff.o
 .text.get_ldnumber
                0x0800725c       0x88 ./Middlewares/Third_Party/FatFs/src/ff.o
 .text.check_fs
                0x080072e4       0xac ./Middlewares/Third_Party/FatFs/src/ff.o
 .text.find_volume
                0x08007390      0x50c ./Middlewares/Third_Party/FatFs/src/ff.o
 .text.validate
                0x0800789c       0x6a ./Middlewares/Third_Party/FatFs/src/ff.o
 *fill*         0x08007906        0x2 
 .text.f_mount  0x08007908       0x8c ./Middlewares/Third_Party/FatFs/src/ff.o
                0x08007908                f_mount
 .text.f_open   0x08007994      0x390 ./Middlewares/Third_Party/FatFs/src/ff.o
                0x08007994                f_open
 .text.f_read   0x08007d24      0x2be ./Middlewares/Third_Party/FatFs/src/ff.o
                0x08007d24                f_read
 .text.f_sync   0x08007fe2       0xfc ./Middlewares/Third_Party/FatFs/src/ff.o
                0x08007fe2                f_sync
 .text.f_close  0x080080de       0x54 ./Middlewares/Third_Party/FatFs/src/ff.o
                0x080080de                f_close
 *fill*         0x08008132        0x2 
 .text.FATFS_LinkDriverEx
                0x08008134       0x98 ./Middlewares/Third_Party/FatFs/src/ff_gen_drv.o
                0x08008134                FATFS_LinkDriverEx
 .text.FATFS_LinkDriver
                0x080081cc       0x1e ./Middlewares/Third_Party/FatFs/src/ff_gen_drv.o
                0x080081cc                FATFS_LinkDriver
 *fill*         0x080081ea        0x2 
 .text.ff_convert
                0x080081ec       0x78 ./Middlewares/Third_Party/FatFs/src/option/ccsbcs.o
                0x080081ec                ff_convert
 .text.ff_wtoupper
                0x08008264      0x114 ./Middlewares/Third_Party/FatFs/src/option/ccsbcs.o
                0x08008264                ff_wtoupper
 .text.vListInitialise
                0x08008378       0x44 ./common/ThirdParty/FreeRTOS/list.o
                0x08008378                vListInitialise
 .text.vListInitialiseItem
                0x080083bc       0x1e ./common/ThirdParty/FreeRTOS/list.o
                0x080083bc                vListInitialiseItem
 .text.vListInsert
                0x080083da       0x76 ./common/ThirdParty/FreeRTOS/list.o
                0x080083da                vListInsert
 .text.uxListRemove
                0x08008450       0x5e ./common/ThirdParty/FreeRTOS/list.o
                0x08008450                uxListRemove
 *fill*         0x080084ae        0x2 
 .text.xQueueGenericReset
                0x080084b0      0x12c ./common/ThirdParty/FreeRTOS/queue.o
                0x080084b0                xQueueGenericReset
 .text.xQueueGenericCreate
                0x080085dc       0xb0 ./common/ThirdParty/FreeRTOS/queue.o
                0x080085dc                xQueueGenericCreate
 .text.prvInitialiseNewQueue
                0x0800868c       0x46 ./common/ThirdParty/FreeRTOS/queue.o
 *fill*         0x080086d2        0x2 
 .text.xQueueReceive
                0x080086d4      0x1dc ./common/ThirdParty/FreeRTOS/queue.o
                0x080086d4                xQueueReceive
 .text.prvCopyDataFromQueue
                0x080088b0       0x4c ./common/ThirdParty/FreeRTOS/queue.o
 .text.prvUnlockQueue
                0x080088fc       0xa4 ./common/ThirdParty/FreeRTOS/queue.o
 .text.prvIsQueueEmpty
                0x080089a0       0x2c ./common/ThirdParty/FreeRTOS/queue.o
 .text.vQueueAddToRegistry
                0x080089cc       0xa0 ./common/ThirdParty/FreeRTOS/queue.o
                0x080089cc                vQueueAddToRegistry
 .text.vQueueWaitForMessageRestricted
                0x08008a6c       0x6e ./common/ThirdParty/FreeRTOS/queue.o
                0x08008a6c                vQueueWaitForMessageRestricted
 .text.prvCreateTask
                0x08008ada       0x78 ./common/ThirdParty/FreeRTOS/tasks.o
 .text.xTaskCreate
                0x08008b52       0x50 ./common/ThirdParty/FreeRTOS/tasks.o
                0x08008b52                xTaskCreate
 .text.prvInitialiseNewTask
                0x08008ba2      0x120 ./common/ThirdParty/FreeRTOS/tasks.o
 *fill*         0x08008cc2        0x2 
 .text.prvAddNewTaskToReadyList
                0x08008cc4      0x16c ./common/ThirdParty/FreeRTOS/tasks.o
 .text.vTaskDelay
                0x08008e30       0x70 ./common/ThirdParty/FreeRTOS/tasks.o
                0x08008e30                vTaskDelay
 .text.prvCreateIdleTasks
                0x08008ea0       0x94 ./common/ThirdParty/FreeRTOS/tasks.o
 .text.vTaskStartScheduler
                0x08008f34       0xb4 ./common/ThirdParty/FreeRTOS/tasks.o
                0x08008f34                vTaskStartScheduler
 .text.vTaskSuspendAll
                0x08008fe8       0x1c ./common/ThirdParty/FreeRTOS/tasks.o
                0x08008fe8                vTaskSuspendAll
 .text.xTaskResumeAll
                0x08009004      0x224 ./common/ThirdParty/FreeRTOS/tasks.o
                0x08009004                xTaskResumeAll
 .text.xTaskGetTickCount
                0x08009228       0x24 ./common/ThirdParty/FreeRTOS/tasks.o
                0x08009228                xTaskGetTickCount
 .text.xTaskIncrementTick
                0x0800924c      0x244 ./common/ThirdParty/FreeRTOS/tasks.o
                0x0800924c                xTaskIncrementTick
 .text.vTaskSwitchContext
                0x08009490       0xd8 ./common/ThirdParty/FreeRTOS/tasks.o
                0x08009490                vTaskSwitchContext
 .text.vTaskPlaceOnEventList
                0x08009568       0x50 ./common/ThirdParty/FreeRTOS/tasks.o
                0x08009568                vTaskPlaceOnEventList
 .text.vTaskPlaceOnEventListRestricted
                0x080095b8       0x94 ./common/ThirdParty/FreeRTOS/tasks.o
                0x080095b8                vTaskPlaceOnEventListRestricted
 .text.xTaskRemoveFromEventList
                0x0800964c      0x1c0 ./common/ThirdParty/FreeRTOS/tasks.o
                0x0800964c                xTaskRemoveFromEventList
 .text.vTaskInternalSetTimeOutState
                0x0800980c       0x30 ./common/ThirdParty/FreeRTOS/tasks.o
                0x0800980c                vTaskInternalSetTimeOutState
 .text.xTaskCheckForTimeOut
                0x0800983c       0xd8 ./common/ThirdParty/FreeRTOS/tasks.o
                0x0800983c                xTaskCheckForTimeOut
 .text.vTaskMissedYield
                0x08009914       0x18 ./common/ThirdParty/FreeRTOS/tasks.o
                0x08009914                vTaskMissedYield
 .text.prvIdleTask
                0x0800992c       0x30 ./common/ThirdParty/FreeRTOS/tasks.o
 .text.prvInitialiseTaskLists
                0x0800995c       0x80 ./common/ThirdParty/FreeRTOS/tasks.o
 .text.prvCheckTasksWaitingTermination
                0x080099dc       0x5c ./common/ThirdParty/FreeRTOS/tasks.o
 .text.prvDeleteTCB
                0x08009a38       0x20 ./common/ThirdParty/FreeRTOS/tasks.o
 .text.prvResetNextTaskUnblockTime
                0x08009a58       0x38 ./common/ThirdParty/FreeRTOS/tasks.o
 .text.xTaskGetSchedulerState
                0x08009a90       0x44 ./common/ThirdParty/FreeRTOS/tasks.o
                0x08009a90                xTaskGetSchedulerState
 .text.prvAddCurrentTaskToDelayedList
                0x08009ad4      0x11c ./common/ThirdParty/FreeRTOS/tasks.o
 .text.xTimerCreateTimerTask
                0x08009bf0       0x74 ./common/ThirdParty/FreeRTOS/timers.o
                0x08009bf0                xTimerCreateTimerTask
 .text.prvReloadTimer
                0x08009c64       0x42 ./common/ThirdParty/FreeRTOS/timers.o
 *fill*         0x08009ca6        0x2 
 .text.prvProcessExpiredTimer
                0x08009ca8       0x60 ./common/ThirdParty/FreeRTOS/timers.o
 .text.prvTimerTask
                0x08009d08       0x26 ./common/ThirdParty/FreeRTOS/timers.o
 *fill*         0x08009d2e        0x2 
 .text.prvProcessTimerOrBlockTask
                0x08009d30       0x9c ./common/ThirdParty/FreeRTOS/timers.o
 .text.prvGetNextExpireTime
                0x08009dcc       0x48 ./common/ThirdParty/FreeRTOS/timers.o
 .text.prvSampleTimeNow
                0x08009e14       0x40 ./common/ThirdParty/FreeRTOS/timers.o
 .text.prvInsertTimerInActiveList
                0x08009e54       0x84 ./common/ThirdParty/FreeRTOS/timers.o
 .text.prvProcessReceivedCommands
                0x08009ed8      0x190 ./common/ThirdParty/FreeRTOS/timers.o
 .text.prvSwitchTimerLists
                0x0800a068       0x4c ./common/ThirdParty/FreeRTOS/timers.o
 .text.prvCheckForValidListAndQueue
                0x0800a0b4       0x6c ./common/ThirdParty/FreeRTOS/timers.o
 .text.pxPortInitialiseStack
                0x0800a120       0x68 ./common/ThirdParty/FreeRTOS/portable/GCC/ARM_CM4F/port.o
                0x0800a120                pxPortInitialiseStack
 .text.prvTaskExitError
                0x0800a188       0x5c ./common/ThirdParty/FreeRTOS/portable/GCC/ARM_CM4F/port.o
 *fill*         0x0800a1e4        0xc 
 .text.SVC_Handler
                0x0800a1f0       0x28 ./common/ThirdParty/FreeRTOS/portable/GCC/ARM_CM4F/port.o
                0x0800a1f0                SVC_Handler
 .text.prvPortStartFirstTask
                0x0800a218       0x2c ./common/ThirdParty/FreeRTOS/portable/GCC/ARM_CM4F/port.o
 .text.xPortStartScheduler
                0x0800a244      0x1e0 ./common/ThirdParty/FreeRTOS/portable/GCC/ARM_CM4F/port.o
                0x0800a244                xPortStartScheduler
 .text.vPortEnterCritical
                0x0800a424       0x64 ./common/ThirdParty/FreeRTOS/portable/GCC/ARM_CM4F/port.o
                0x0800a424                vPortEnterCritical
 .text.vPortExitCritical
                0x0800a488       0x54 ./common/ThirdParty/FreeRTOS/portable/GCC/ARM_CM4F/port.o
                0x0800a488                vPortExitCritical
 *fill*         0x0800a4dc        0x4 
 .text.PendSV_Handler
                0x0800a4e0       0x68 ./common/ThirdParty/FreeRTOS/portable/GCC/ARM_CM4F/port.o
                0x0800a4e0                PendSV_Handler
 .text.SysTick_Handler
                0x0800a548       0x54 ./common/ThirdParty/FreeRTOS/portable/GCC/ARM_CM4F/port.o
                0x0800a548                SysTick_Handler
 .text.vPortSetupTimerInterrupt
                0x0800a59c       0x48 ./common/ThirdParty/FreeRTOS/portable/GCC/ARM_CM4F/port.o
                0x0800a59c                vPortSetupTimerInterrupt
 .text.vPortEnableVFP
                0x0800a5e4       0x18 ./common/ThirdParty/FreeRTOS/portable/GCC/ARM_CM4F/port.o
 .text.pvPortMalloc
                0x0800a5fc      0x264 ./common/ThirdParty/FreeRTOS/portable/MemMang/heap_4.o
                0x0800a5fc                pvPortMalloc
 .text.vPortFree
                0x0800a860       0xf4 ./common/ThirdParty/FreeRTOS/portable/MemMang/heap_4.o
                0x0800a860                vPortFree
 .text.prvHeapInit
                0x0800a954       0xb4 ./common/ThirdParty/FreeRTOS/portable/MemMang/heap_4.o
 .text.prvInsertBlockIntoFreeList
                0x0800aa08       0xf4 ./common/ThirdParty/FreeRTOS/portable/MemMang/heap_4.o
 .text.SYSVIEW_AddTask
                0x0800aafc       0xd0 ./common/ThirdParty/SEGGER/OS/SEGGER_SYSVIEW_FreeRTOS.o
                0x0800aafc                SYSVIEW_AddTask
 .text.SYSVIEW_SendTaskInfo
                0x0800abcc       0x42 ./common/ThirdParty/SEGGER/OS/SEGGER_SYSVIEW_FreeRTOS.o
                0x0800abcc                SYSVIEW_SendTaskInfo
 *fill*         0x0800ac0e        0x2 
 .text.USART2_IRQHandler
                0x0800ac10       0x94 ./common/ThirdParty/SEGGER/Rec/segger_uart.o
                0x0800ac10                USART2_IRQHandler
 .text.HIF_UART_EnableTXEInterrupt
                0x0800aca4       0x20 ./common/ThirdParty/SEGGER/Rec/segger_uart.o
                0x0800aca4                HIF_UART_EnableTXEInterrupt
 .text._DoInit  0x0800acc4       0xb4 ./common/ThirdParty/SEGGER/SEGGER/SEGGER_RTT.o
 .text._WriteBlocking
                0x0800ad78       0xba ./common/ThirdParty/SEGGER/SEGGER/SEGGER_RTT.o
 .text._WriteNoCheck
                0x0800ae32       0x90 ./common/ThirdParty/SEGGER/SEGGER/SEGGER_RTT.o
 .text._GetAvailWriteSpace
                0x0800aec2       0x46 ./common/ThirdParty/SEGGER/SEGGER/SEGGER_RTT.o
 .text.SEGGER_RTT_ReadNoLock
                0x0800af08      0x10c ./common/ThirdParty/SEGGER/SEGGER/SEGGER_RTT.o
                0x0800af08                SEGGER_RTT_ReadNoLock
 .text.SEGGER_RTT_WriteNoLock
                0x0800b014       0xa0 ./common/ThirdParty/SEGGER/SEGGER/SEGGER_RTT.o
                0x0800b014                SEGGER_RTT_WriteNoLock
 .text.SEGGER_RTT_Write
                0x0800b0b4       0x4c ./common/ThirdParty/SEGGER/SEGGER/SEGGER_RTT.o
                0x0800b0b4                SEGGER_RTT_Write
 .text._EncodeStr
                0x0800b100       0x60 ./common/ThirdParty/SEGGER/SEGGER/SEGGER_SYSVIEW.o
 .text._PreparePacket
                0x0800b160       0x18 ./common/ThirdParty/SEGGER/SEGGER/SEGGER_SYSVIEW.o
 .text._HandleIncomingPacket
                0x0800b178       0xdc ./common/ThirdParty/SEGGER/SEGGER/SEGGER_SYSVIEW.o
 .text._TrySendOverflowPacket
                0x0800b254       0xe8 ./common/ThirdParty/SEGGER/SEGGER/SEGGER_SYSVIEW.o
 .text._SendPacket
                0x0800b33c      0x2e0 ./common/ThirdParty/SEGGER/SEGGER/SEGGER_SYSVIEW.o
 .text.SEGGER_SYSVIEW_RecordVoid
                0x0800b61c       0x3c ./common/ThirdParty/SEGGER/SEGGER/SEGGER_SYSVIEW.o
                0x0800b61c                SEGGER_SYSVIEW_RecordVoid
 .text.SEGGER_SYSVIEW_RecordU32
                0x0800b658       0x78 ./common/ThirdParty/SEGGER/SEGGER/SEGGER_SYSVIEW.o
                0x0800b658                SEGGER_SYSVIEW_RecordU32
 .text.SEGGER_SYSVIEW_RecordU32x2
                0x0800b6d0       0xb4 ./common/ThirdParty/SEGGER/SEGGER/SEGGER_SYSVIEW.o
                0x0800b6d0                SEGGER_SYSVIEW_RecordU32x2
 .text.SEGGER_SYSVIEW_Start
                0x0800b784      0x178 ./common/ThirdParty/SEGGER/SEGGER/SEGGER_SYSVIEW.o
                0x0800b784                SEGGER_SYSVIEW_Start
 .text.SEGGER_SYSVIEW_Stop
                0x0800b8fc       0x4c ./common/ThirdParty/SEGGER/SEGGER/SEGGER_SYSVIEW.o
                0x0800b8fc                SEGGER_SYSVIEW_Stop
 .text.SEGGER_SYSVIEW_GetSysDesc
                0x0800b948      0x134 ./common/ThirdParty/SEGGER/SEGGER/SEGGER_SYSVIEW.o
                0x0800b948                SEGGER_SYSVIEW_GetSysDesc
 .text.SEGGER_SYSVIEW_SendTaskInfo
                0x0800ba7c      0x1c8 ./common/ThirdParty/SEGGER/SEGGER/SEGGER_SYSVIEW.o
                0x0800ba7c                SEGGER_SYSVIEW_SendTaskInfo
 .text.SEGGER_SYSVIEW_SendTaskList
                0x0800bc44       0x28 ./common/ThirdParty/SEGGER/SEGGER/SEGGER_SYSVIEW.o
                0x0800bc44                SEGGER_SYSVIEW_SendTaskList
 .text.SEGGER_SYSVIEW_RecordSystime
                0x0800bc6c       0x64 ./common/ThirdParty/SEGGER/SEGGER/SEGGER_SYSVIEW.o
                0x0800bc6c                SEGGER_SYSVIEW_RecordSystime
 .text.SEGGER_SYSVIEW_RecordEnterISR
                0x0800bcd0       0x84 ./common/ThirdParty/SEGGER/SEGGER/SEGGER_SYSVIEW.o
                0x0800bcd0                SEGGER_SYSVIEW_RecordEnterISR
 .text.SEGGER_SYSVIEW_RecordExitISR
                0x0800bd54       0x38 ./common/ThirdParty/SEGGER/SEGGER/SEGGER_SYSVIEW.o
                0x0800bd54                SEGGER_SYSVIEW_RecordExitISR
 .text.SEGGER_SYSVIEW_RecordExitISRToScheduler
                0x0800bd8c       0x38 ./common/ThirdParty/SEGGER/SEGGER/SEGGER_SYSVIEW.o
                0x0800bd8c                SEGGER_SYSVIEW_RecordExitISRToScheduler
 .text.SEGGER_SYSVIEW_RecordEndCall
                0x0800bdc4       0x78 ./common/ThirdParty/SEGGER/SEGGER/SEGGER_SYSVIEW.o
                0x0800bdc4                SEGGER_SYSVIEW_RecordEndCall
 .text.SEGGER_SYSVIEW_RecordEndCallU32
                0x0800be3c       0xb0 ./common/ThirdParty/SEGGER/SEGGER/SEGGER_SYSVIEW.o
                0x0800be3c                SEGGER_SYSVIEW_RecordEndCallU32
 .text.SEGGER_SYSVIEW_OnIdle
                0x0800beec       0x38 ./common/ThirdParty/SEGGER/SEGGER/SEGGER_SYSVIEW.o
                0x0800beec                SEGGER_SYSVIEW_OnIdle
 .text.SEGGER_SYSVIEW_OnTaskCreate
                0x0800bf24       0x84 ./common/ThirdParty/SEGGER/SEGGER/SEGGER_SYSVIEW.o
                0x0800bf24                SEGGER_SYSVIEW_OnTaskCreate
 .text.SEGGER_SYSVIEW_OnTaskStartExec
                0x0800bfa8       0x84 ./common/ThirdParty/SEGGER/SEGGER/SEGGER_SYSVIEW.o
                0x0800bfa8                SEGGER_SYSVIEW_OnTaskStartExec
 .text.SEGGER_SYSVIEW_OnTaskStartReady
                0x0800c02c       0x84 ./common/ThirdParty/SEGGER/SEGGER/SEGGER_SYSVIEW.o
                0x0800c02c                SEGGER_SYSVIEW_OnTaskStartReady
 .text.SEGGER_SYSVIEW_OnTaskStopReady
                0x0800c0b0       0xc0 ./common/ThirdParty/SEGGER/SEGGER/SEGGER_SYSVIEW.o
                0x0800c0b0                SEGGER_SYSVIEW_OnTaskStopReady
 .text.SEGGER_SYSVIEW_ShrinkId
                0x0800c170       0x20 ./common/ThirdParty/SEGGER/SEGGER/SEGGER_SYSVIEW.o
                0x0800c170                SEGGER_SYSVIEW_ShrinkId
 .text.SEGGER_SYSVIEW_SendModule
                0x0800c190      0x114 ./common/ThirdParty/SEGGER/SEGGER/SEGGER_SYSVIEW.o
                0x0800c190                SEGGER_SYSVIEW_SendModule
 .text.SEGGER_SYSVIEW_SendModuleDescription
                0x0800c2a4       0x3c ./common/ThirdParty/SEGGER/SEGGER/SEGGER_SYSVIEW.o
                0x0800c2a4                SEGGER_SYSVIEW_SendModuleDescription
 .text.SEGGER_SYSVIEW_SendNumModules
                0x0800c2e0       0x7c ./common/ThirdParty/SEGGER/SEGGER/SEGGER_SYSVIEW.o
                0x0800c2e0                SEGGER_SYSVIEW_SendNumModules
 .text.SEGGER_SYSVIEW_Warn
                0x0800c35c       0xb8 ./common/ThirdParty/SEGGER/SEGGER/SEGGER_SYSVIEW.o
                0x0800c35c                SEGGER_SYSVIEW_Warn
 .text._write_r
                0x0800c414       0x22 ./common/ThirdParty/SEGGER/SEGGER/Syscalls/SEGGER_RTT_Syscalls_GCC.o
                0x0800c414                _write_r
 *fill*         0x0800c436        0x2 
 .text.std      0x0800c438       0x6c C:/my app/STM32CubeIDE_1.16.0/STM32CubeIDE/plugins/com.st.stm32cube.ide.mcu.externaltools.gnu-tools-for-stm32.12.3.rel1.win32_1.0.200.202406191623/tools/bin/../lib/gcc/arm-none-eabi/12.3.1/../../../../arm-none-eabi/lib/thumb/v7e-m+fp/hard\libc_nano.a(libc_a-findfp.o)
 .text.stdio_exit_handler
                0x0800c4a4       0x18 C:/my app/STM32CubeIDE_1.16.0/STM32CubeIDE/plugins/com.st.stm32cube.ide.mcu.externaltools.gnu-tools-for-stm32.12.3.rel1.win32_1.0.200.202406191623/tools/bin/../lib/gcc/arm-none-eabi/12.3.1/../../../../arm-none-eabi/lib/thumb/v7e-m+fp/hard\libc_nano.a(libc_a-findfp.o)
 .text.cleanup_stdio
                0x0800c4bc       0x40 C:/my app/STM32CubeIDE_1.16.0/STM32CubeIDE/plugins/com.st.stm32cube.ide.mcu.externaltools.gnu-tools-for-stm32.12.3.rel1.win32_1.0.200.202406191623/tools/bin/../lib/gcc/arm-none-eabi/12.3.1/../../../../arm-none-eabi/lib/thumb/v7e-m+fp/hard\libc_nano.a(libc_a-findfp.o)
 .text.global_stdio_init.part.0
                0x0800c4fc       0x3c C:/my app/STM32CubeIDE_1.16.0/STM32CubeIDE/plugins/com.st.stm32cube.ide.mcu.externaltools.gnu-tools-for-stm32.12.3.rel1.win32_1.0.200.202406191623/tools/bin/../lib/gcc/arm-none-eabi/12.3.1/../../../../arm-none-eabi/lib/thumb/v7e-m+fp/hard\libc_nano.a(libc_a-findfp.o)
 .text.__sfp_lock_acquire
                0x0800c538        0xc C:/my app/STM32CubeIDE_1.16.0/STM32CubeIDE/plugins/com.st.stm32cube.ide.mcu.externaltools.gnu-tools-for-stm32.12.3.rel1.win32_1.0.200.202406191623/tools/bin/../lib/gcc/arm-none-eabi/12.3.1/../../../../arm-none-eabi/lib/thumb/v7e-m+fp/hard\libc_nano.a(libc_a-findfp.o)
                0x0800c538                __sfp_lock_acquire
 .text.__sfp_lock_release
                0x0800c544        0xc C:/my app/STM32CubeIDE_1.16.0/STM32CubeIDE/plugins/com.st.stm32cube.ide.mcu.externaltools.gnu-tools-for-stm32.12.3.rel1.win32_1.0.200.202406191623/tools/bin/../lib/gcc/arm-none-eabi/12.3.1/../../../../arm-none-eabi/lib/thumb/v7e-m+fp/hard\libc_nano.a(libc_a-findfp.o)
                0x0800c544                __sfp_lock_release
 .text.__sinit  0x0800c550       0x30 C:/my app/STM32CubeIDE_1.16.0/STM32CubeIDE/plugins/com.st.stm32cube.ide.mcu.externaltools.gnu-tools-for-stm32.12.3.rel1.win32_1.0.200.202406191623/tools/bin/../lib/gcc/arm-none-eabi/12.3.1/../../../../arm-none-eabi/lib/thumb/v7e-m+fp/hard\libc_nano.a(libc_a-findfp.o)
                0x0800c550                __sinit
 .text._fwalk_sglue
                0x0800c580       0x3c C:/my app/STM32CubeIDE_1.16.0/STM32CubeIDE/plugins/com.st.stm32cube.ide.mcu.externaltools.gnu-tools-for-stm32.12.3.rel1.win32_1.0.200.202406191623/tools/bin/../lib/gcc/arm-none-eabi/12.3.1/../../../../arm-none-eabi/lib/thumb/v7e-m+fp/hard\libc_nano.a(libc_a-fwalk.o)
                0x0800c580                _fwalk_sglue
 .text._puts_r  0x0800c5bc       0xaa C:/my app/STM32CubeIDE_1.16.0/STM32CubeIDE/plugins/com.st.stm32cube.ide.mcu.externaltools.gnu-tools-for-stm32.12.3.rel1.win32_1.0.200.202406191623/tools/bin/../lib/gcc/arm-none-eabi/12.3.1/../../../../arm-none-eabi/lib/thumb/v7e-m+fp/hard\libc_nano.a(libc_a-puts.o)
                0x0800c5bc                _puts_r
 *fill*         0x0800c666        0x2 
 .text.puts     0x0800c668       0x10 C:/my app/STM32CubeIDE_1.16.0/STM32CubeIDE/plugins/com.st.stm32cube.ide.mcu.externaltools.gnu-tools-for-stm32.12.3.rel1.win32_1.0.200.202406191623/tools/bin/../lib/gcc/arm-none-eabi/12.3.1/../../../../arm-none-eabi/lib/thumb/v7e-m+fp/hard\libc_nano.a(libc_a-puts.o)
                0x0800c668                puts
 .text.sprintf  0x0800c678       0x40 C:/my app/STM32CubeIDE_1.16.0/STM32CubeIDE/plugins/com.st.stm32cube.ide.mcu.externaltools.gnu-tools-for-stm32.12.3.rel1.win32_1.0.200.202406191623/tools/bin/../lib/gcc/arm-none-eabi/12.3.1/../../../../arm-none-eabi/lib/thumb/v7e-m+fp/hard\libc_nano.a(libc_a-sprintf.o)
                0x0800c678                siprintf
                0x0800c678                sprintf
 .text.__sread  0x0800c6b8       0x22 C:/my app/STM32CubeIDE_1.16.0/STM32CubeIDE/plugins/com.st.stm32cube.ide.mcu.externaltools.gnu-tools-for-stm32.12.3.rel1.win32_1.0.200.202406191623/tools/bin/../lib/gcc/arm-none-eabi/12.3.1/../../../../arm-none-eabi/lib/thumb/v7e-m+fp/hard\libc_nano.a(libc_a-stdio.o)
                0x0800c6b8                __sread
 .text.__swrite
                0x0800c6da       0x38 C:/my app/STM32CubeIDE_1.16.0/STM32CubeIDE/plugins/com.st.stm32cube.ide.mcu.externaltools.gnu-tools-for-stm32.12.3.rel1.win32_1.0.200.202406191623/tools/bin/../lib/gcc/arm-none-eabi/12.3.1/../../../../arm-none-eabi/lib/thumb/v7e-m+fp/hard\libc_nano.a(libc_a-stdio.o)
                0x0800c6da                __swrite
 .text.__sseek  0x0800c712       0x24 C:/my app/STM32CubeIDE_1.16.0/STM32CubeIDE/plugins/com.st.stm32cube.ide.mcu.externaltools.gnu-tools-for-stm32.12.3.rel1.win32_1.0.200.202406191623/tools/bin/../lib/gcc/arm-none-eabi/12.3.1/../../../../arm-none-eabi/lib/thumb/v7e-m+fp/hard\libc_nano.a(libc_a-stdio.o)
                0x0800c712                __sseek
 .text.__sclose
                0x0800c736        0x8 C:/my app/STM32CubeIDE_1.16.0/STM32CubeIDE/plugins/com.st.stm32cube.ide.mcu.externaltools.gnu-tools-for-stm32.12.3.rel1.win32_1.0.200.202406191623/tools/bin/../lib/gcc/arm-none-eabi/12.3.1/../../../../arm-none-eabi/lib/thumb/v7e-m+fp/hard\libc_nano.a(libc_a-stdio.o)
                0x0800c736                __sclose
 *fill*         0x0800c73e        0x2 
 .text._vsprintf_r
                0x0800c740       0x2c C:/my app/STM32CubeIDE_1.16.0/STM32CubeIDE/plugins/com.st.stm32cube.ide.mcu.externaltools.gnu-tools-for-stm32.12.3.rel1.win32_1.0.200.202406191623/tools/bin/../lib/gcc/arm-none-eabi/12.3.1/../../../../arm-none-eabi/lib/thumb/v7e-m+fp/hard\libc_nano.a(libc_a-vsprintf.o)
                0x0800c740                _vsprintf_r
                0x0800c740                _vsiprintf_r
 .text.vsprintf
                0x0800c76c       0x14 C:/my app/STM32CubeIDE_1.16.0/STM32CubeIDE/plugins/com.st.stm32cube.ide.mcu.externaltools.gnu-tools-for-stm32.12.3.rel1.win32_1.0.200.202406191623/tools/bin/../lib/gcc/arm-none-eabi/12.3.1/../../../../arm-none-eabi/lib/thumb/v7e-m+fp/hard\libc_nano.a(libc_a-vsprintf.o)
                0x0800c76c                vsiprintf
                0x0800c76c                vsprintf
 .text.__swbuf_r
                0x0800c780       0x7c C:/my app/STM32CubeIDE_1.16.0/STM32CubeIDE/plugins/com.st.stm32cube.ide.mcu.externaltools.gnu-tools-for-stm32.12.3.rel1.win32_1.0.200.202406191623/tools/bin/../lib/gcc/arm-none-eabi/12.3.1/../../../../arm-none-eabi/lib/thumb/v7e-m+fp/hard\libc_nano.a(libc_a-wbuf.o)
                0x0800c780                __swbuf_r
 .text.__swsetup_r
                0x0800c7fc       0xac C:/my app/STM32CubeIDE_1.16.0/STM32CubeIDE/plugins/com.st.stm32cube.ide.mcu.externaltools.gnu-tools-for-stm32.12.3.rel1.win32_1.0.200.202406191623/tools/bin/../lib/gcc/arm-none-eabi/12.3.1/../../../../arm-none-eabi/lib/thumb/v7e-m+fp/hard\libc_nano.a(libc_a-wsetup.o)
                0x0800c7fc                __swsetup_r
 .text.memcmp   0x0800c8a8       0x20 C:/my app/STM32CubeIDE_1.16.0/STM32CubeIDE/plugins/com.st.stm32cube.ide.mcu.externaltools.gnu-tools-for-stm32.12.3.rel1.win32_1.0.200.202406191623/tools/bin/../lib/gcc/arm-none-eabi/12.3.1/../../../../arm-none-eabi/lib/thumb/v7e-m+fp/hard\libc_nano.a(libc_a-memcmp.o)
                0x0800c8a8                memcmp
 .text.memset   0x0800c8c8       0x10 C:/my app/STM32CubeIDE_1.16.0/STM32CubeIDE/plugins/com.st.stm32cube.ide.mcu.externaltools.gnu-tools-for-stm32.12.3.rel1.win32_1.0.200.202406191623/tools/bin/../lib/gcc/arm-none-eabi/12.3.1/../../../../arm-none-eabi/lib/thumb/v7e-m+fp/hard\libc_nano.a(libc_a-memset.o)
                0x0800c8c8                memset
 .text._close_r
                0x0800c8d8       0x20 C:/my app/STM32CubeIDE_1.16.0/STM32CubeIDE/plugins/com.st.stm32cube.ide.mcu.externaltools.gnu-tools-for-stm32.12.3.rel1.win32_1.0.200.202406191623/tools/bin/../lib/gcc/arm-none-eabi/12.3.1/../../../../arm-none-eabi/lib/thumb/v7e-m+fp/hard\libc_nano.a(libc_a-closer.o)
                0x0800c8d8                _close_r
 .text._lseek_r
                0x0800c8f8       0x24 C:/my app/STM32CubeIDE_1.16.0/STM32CubeIDE/plugins/com.st.stm32cube.ide.mcu.externaltools.gnu-tools-for-stm32.12.3.rel1.win32_1.0.200.202406191623/tools/bin/../lib/gcc/arm-none-eabi/12.3.1/../../../../arm-none-eabi/lib/thumb/v7e-m+fp/hard\libc_nano.a(libc_a-lseekr.o)
                0x0800c8f8                _lseek_r
 .text._read_r  0x0800c91c       0x24 C:/my app/STM32CubeIDE_1.16.0/STM32CubeIDE/plugins/com.st.stm32cube.ide.mcu.externaltools.gnu-tools-for-stm32.12.3.rel1.win32_1.0.200.202406191623/tools/bin/../lib/gcc/arm-none-eabi/12.3.1/../../../../arm-none-eabi/lib/thumb/v7e-m+fp/hard\libc_nano.a(libc_a-readr.o)
                0x0800c91c                _read_r
 .text.__libc_init_array
                0x0800c940       0x48 C:/my app/STM32CubeIDE_1.16.0/STM32CubeIDE/plugins/com.st.stm32cube.ide.mcu.externaltools.gnu-tools-for-stm32.12.3.rel1.win32_1.0.200.202406191623/tools/bin/../lib/gcc/arm-none-eabi/12.3.1/../../../../arm-none-eabi/lib/thumb/v7e-m+fp/hard\libc_nano.a(libc_a-init.o)
                0x0800c940                __libc_init_array
 .text.__retarget_lock_init_recursive
                0x0800c988        0x2 C:/my app/STM32CubeIDE_1.16.0/STM32CubeIDE/plugins/com.st.stm32cube.ide.mcu.externaltools.gnu-tools-for-stm32.12.3.rel1.win32_1.0.200.202406191623/tools/bin/../lib/gcc/arm-none-eabi/12.3.1/../../../../arm-none-eabi/lib/thumb/v7e-m+fp/hard\libc_nano.a(libc_a-lock.o)
                0x0800c988                __retarget_lock_init_recursive
 .text.__retarget_lock_acquire_recursive
                0x0800c98a        0x2 C:/my app/STM32CubeIDE_1.16.0/STM32CubeIDE/plugins/com.st.stm32cube.ide.mcu.externaltools.gnu-tools-for-stm32.12.3.rel1.win32_1.0.200.202406191623/tools/bin/../lib/gcc/arm-none-eabi/12.3.1/../../../../arm-none-eabi/lib/thumb/v7e-m+fp/hard\libc_nano.a(libc_a-lock.o)
                0x0800c98a                __retarget_lock_acquire_recursive
 .text.__retarget_lock_release_recursive
                0x0800c98c        0x2 C:/my app/STM32CubeIDE_1.16.0/STM32CubeIDE/plugins/com.st.stm32cube.ide.mcu.externaltools.gnu-tools-for-stm32.12.3.rel1.win32_1.0.200.202406191623/tools/bin/../lib/gcc/arm-none-eabi/12.3.1/../../../../arm-none-eabi/lib/thumb/v7e-m+fp/hard\libc_nano.a(libc_a-lock.o)
                0x0800c98c                __retarget_lock_release_recursive
 .text.memcpy   0x0800c98e       0x1c C:/my app/STM32CubeIDE_1.16.0/STM32CubeIDE/plugins/com.st.stm32cube.ide.mcu.externaltools.gnu-tools-for-stm32.12.3.rel1.win32_1.0.200.202406191623/tools/bin/../lib/gcc/arm-none-eabi/12.3.1/../../../../arm-none-eabi/lib/thumb/v7e-m+fp/hard\libc_nano.a(libc_a-memcpy-stub.o)
                0x0800c98e                memcpy
 *fill*         0x0800c9aa        0x2 
 .text._free_r  0x0800c9ac       0x94 C:/my app/STM32CubeIDE_1.16.0/STM32CubeIDE/plugins/com.st.stm32cube.ide.mcu.externaltools.gnu-tools-for-stm32.12.3.rel1.win32_1.0.200.202406191623/tools/bin/../lib/gcc/arm-none-eabi/12.3.1/../../../../arm-none-eabi/lib/thumb/v7e-m+fp/hard\libc_nano.a(libc_a-freer.o)
                0x0800c9ac                _free_r
 .text.sbrk_aligned
                0x0800ca40       0x44 C:/my app/STM32CubeIDE_1.16.0/STM32CubeIDE/plugins/com.st.stm32cube.ide.mcu.externaltools.gnu-tools-for-stm32.12.3.rel1.win32_1.0.200.202406191623/tools/bin/../lib/gcc/arm-none-eabi/12.3.1/../../../../arm-none-eabi/lib/thumb/v7e-m+fp/hard\libc_nano.a(libc_a-mallocr.o)
 .text._malloc_r
                0x0800ca84      0x100 C:/my app/STM32CubeIDE_1.16.0/STM32CubeIDE/plugins/com.st.stm32cube.ide.mcu.externaltools.gnu-tools-for-stm32.12.3.rel1.win32_1.0.200.202406191623/tools/bin/../lib/gcc/arm-none-eabi/12.3.1/../../../../arm-none-eabi/lib/thumb/v7e-m+fp/hard\libc_nano.a(libc_a-mallocr.o)
                0x0800ca84                _malloc_r
 .text.__malloc_lock
                0x0800cb84        0xc C:/my app/STM32CubeIDE_1.16.0/STM32CubeIDE/plugins/com.st.stm32cube.ide.mcu.externaltools.gnu-tools-for-stm32.12.3.rel1.win32_1.0.200.202406191623/tools/bin/../lib/gcc/arm-none-eabi/12.3.1/../../../../arm-none-eabi/lib/thumb/v7e-m+fp/hard\libc_nano.a(libc_a-mlock.o)
                0x0800cb84                __malloc_lock
 .text.__malloc_unlock
                0x0800cb90        0xc C:/my app/STM32CubeIDE_1.16.0/STM32CubeIDE/plugins/com.st.stm32cube.ide.mcu.externaltools.gnu-tools-for-stm32.12.3.rel1.win32_1.0.200.202406191623/tools/bin/../lib/gcc/arm-none-eabi/12.3.1/../../../../arm-none-eabi/lib/thumb/v7e-m+fp/hard\libc_nano.a(libc_a-mlock.o)
                0x0800cb90                __malloc_unlock
 .text.__ssputs_r
                0x0800cb9c       0xb6 C:/my app/STM32CubeIDE_1.16.0/STM32CubeIDE/plugins/com.st.stm32cube.ide.mcu.externaltools.gnu-tools-for-stm32.12.3.rel1.win32_1.0.200.202406191623/tools/bin/../lib/gcc/arm-none-eabi/12.3.1/../../../../arm-none-eabi/lib/thumb/v7e-m+fp/hard\libc_nano.a(libc_a-nano-svfprintf.o)
                0x0800cb9c                __ssputs_r
 *fill*         0x0800cc52        0x2 
 .text._svfprintf_r
                0x0800cc54      0x1f8 C:/my app/STM32CubeIDE_1.16.0/STM32CubeIDE/plugins/com.st.stm32cube.ide.mcu.externaltools.gnu-tools-for-stm32.12.3.rel1.win32_1.0.200.202406191623/tools/bin/../lib/gcc/arm-none-eabi/12.3.1/../../../../arm-none-eabi/lib/thumb/v7e-m+fp/hard\libc_nano.a(libc_a-nano-svfprintf.o)
                0x0800cc54                _svfiprintf_r
                0x0800cc54                _svfprintf_r
 .text._printf_common
                0x0800ce4c       0xda C:/my app/STM32CubeIDE_1.16.0/STM32CubeIDE/plugins/com.st.stm32cube.ide.mcu.externaltools.gnu-tools-for-stm32.12.3.rel1.win32_1.0.200.202406191623/tools/bin/../lib/gcc/arm-none-eabi/12.3.1/../../../../arm-none-eabi/lib/thumb/v7e-m+fp/hard\libc_nano.a(libc_a-nano-vfprintf_i.o)
                0x0800ce4c                _printf_common
 *fill*         0x0800cf26        0x2 
 .text._printf_i
                0x0800cf28      0x240 C:/my app/STM32CubeIDE_1.16.0/STM32CubeIDE/plugins/com.st.stm32cube.ide.mcu.externaltools.gnu-tools-for-stm32.12.3.rel1.win32_1.0.200.202406191623/tools/bin/../lib/gcc/arm-none-eabi/12.3.1/../../../../arm-none-eabi/lib/thumb/v7e-m+fp/hard\libc_nano.a(libc_a-nano-vfprintf_i.o)
                0x0800cf28                _printf_i
 .text.__sflush_r
                0x0800d168      0x108 C:/my app/STM32CubeIDE_1.16.0/STM32CubeIDE/plugins/com.st.stm32cube.ide.mcu.externaltools.gnu-tools-for-stm32.12.3.rel1.win32_1.0.200.202406191623/tools/bin/../lib/gcc/arm-none-eabi/12.3.1/../../../../arm-none-eabi/lib/thumb/v7e-m+fp/hard\libc_nano.a(libc_a-fflush.o)
                0x0800d168                __sflush_r
 .text._fflush_r
                0x0800d270       0x50 C:/my app/STM32CubeIDE_1.16.0/STM32CubeIDE/plugins/com.st.stm32cube.ide.mcu.externaltools.gnu-tools-for-stm32.12.3.rel1.win32_1.0.200.202406191623/tools/bin/../lib/gcc/arm-none-eabi/12.3.1/../../../../arm-none-eabi/lib/thumb/v7e-m+fp/hard\libc_nano.a(libc_a-fflush.o)
                0x0800d270                _fflush_r
 .text.__swhatbuf_r
                0x0800d2c0       0x4c C:/my app/STM32CubeIDE_1.16.0/STM32CubeIDE/plugins/com.st.stm32cube.ide.mcu.externaltools.gnu-tools-for-stm32.12.3.rel1.win32_1.0.200.202406191623/tools/bin/../lib/gcc/arm-none-eabi/12.3.1/../../../../arm-none-eabi/lib/thumb/v7e-m+fp/hard\libc_nano.a(libc_a-makebuf.o)
                0x0800d2c0                __swhatbuf_r
 .text.__smakebuf_r
                0x0800d30c       0x78 C:/my app/STM32CubeIDE_1.16.0/STM32CubeIDE/plugins/com.st.stm32cube.ide.mcu.externaltools.gnu-tools-for-stm32.12.3.rel1.win32_1.0.200.202406191623/tools/bin/../lib/gcc/arm-none-eabi/12.3.1/../../../../arm-none-eabi/lib/thumb/v7e-m+fp/hard\libc_nano.a(libc_a-makebuf.o)
                0x0800d30c                __smakebuf_r
 .text.memmove  0x0800d384       0x34 C:/my app/STM32CubeIDE_1.16.0/STM32CubeIDE/plugins/com.st.stm32cube.ide.mcu.externaltools.gnu-tools-for-stm32.12.3.rel1.win32_1.0.200.202406191623/tools/bin/../lib/gcc/arm-none-eabi/12.3.1/../../../../arm-none-eabi/lib/thumb/v7e-m+fp/hard\libc_nano.a(libc_a-memmove.o)
                0x0800d384                memmove
 .text._fstat_r
                0x0800d3b8       0x24 C:/my app/STM32CubeIDE_1.16.0/STM32CubeIDE/plugins/com.st.stm32cube.ide.mcu.externaltools.gnu-tools-for-stm32.12.3.rel1.win32_1.0.200.202406191623/tools/bin/../lib/gcc/arm-none-eabi/12.3.1/../../../../arm-none-eabi/lib/thumb/v7e-m+fp/hard\libc_nano.a(libc_a-fstatr.o)
                0x0800d3b8                _fstat_r
 .text._isatty_r
                0x0800d3dc       0x20 C:/my app/STM32CubeIDE_1.16.0/STM32CubeIDE/plugins/com.st.stm32cube.ide.mcu.externaltools.gnu-tools-for-stm32.12.3.rel1.win32_1.0.200.202406191623/tools/bin/../lib/gcc/arm-none-eabi/12.3.1/../../../../arm-none-eabi/lib/thumb/v7e-m+fp/hard\libc_nano.a(libc_a-isattyr.o)
                0x0800d3dc                _isatty_r
 .text._sbrk_r  0x0800d3fc       0x20 C:/my app/STM32CubeIDE_1.16.0/STM32CubeIDE/plugins/com.st.stm32cube.ide.mcu.externaltools.gnu-tools-for-stm32.12.3.rel1.win32_1.0.200.202406191623/tools/bin/../lib/gcc/arm-none-eabi/12.3.1/../../../../arm-none-eabi/lib/thumb/v7e-m+fp/hard\libc_nano.a(libc_a-sbrkr.o)
                0x0800d3fc                _sbrk_r
 .text._realloc_r
                0x0800d41c       0x5c C:/my app/STM32CubeIDE_1.16.0/STM32CubeIDE/plugins/com.st.stm32cube.ide.mcu.externaltools.gnu-tools-for-stm32.12.3.rel1.win32_1.0.200.202406191623/tools/bin/../lib/gcc/arm-none-eabi/12.3.1/../../../../arm-none-eabi/lib/thumb/v7e-m+fp/hard\libc_nano.a(libc_a-reallocr.o)
                0x0800d41c                _realloc_r
 .text._malloc_usable_size_r
                0x0800d478       0x10 C:/my app/STM32CubeIDE_1.16.0/STM32CubeIDE/plugins/com.st.stm32cube.ide.mcu.externaltools.gnu-tools-for-stm32.12.3.rel1.win32_1.0.200.202406191623/tools/bin/../lib/gcc/arm-none-eabi/12.3.1/../../../../arm-none-eabi/lib/thumb/v7e-m+fp/hard\libc_nano.a(libc_a-msizer.o)
                0x0800d478                _malloc_usable_size_r
 .text._sbrk    0x0800d488       0x1c C:/my app/STM32CubeIDE_1.16.0/STM32CubeIDE/plugins/com.st.stm32cube.ide.mcu.externaltools.gnu-tools-for-stm32.12.3.rel1.win32_1.0.200.202406191623/tools/bin/../lib/gcc/arm-none-eabi/12.3.1/../../../../arm-none-eabi/lib/thumb/v7e-m+fp/hard\libnosys.a(sbrk.o)
                0x0800d488                _sbrk
 *(.glue_7)
 .glue_7        0x0800d4a4        0x0 linker stubs
 *(.glue_7t)
 .glue_7t       0x0800d4a4        0x0 linker stubs
 *(.eh_frame)
 .eh_frame      0x0800d4a4        0x0 C:/my app/STM32CubeIDE_1.16.0/STM32CubeIDE/plugins/com.st.stm32cube.ide.mcu.externaltools.gnu-tools-for-stm32.12.3.rel1.win32_1.0.200.202406191623/tools/bin/../lib/gcc/arm-none-eabi/12.3.1/thumb/v7e-m+fp/hard/crtbegin.o
 *(.init)
 .init          0x0800d4a4        0x4 C:/my app/STM32CubeIDE_1.16.0/STM32CubeIDE/plugins/com.st.stm32cube.ide.mcu.externaltools.gnu-tools-for-stm32.12.3.rel1.win32_1.0.200.202406191623/tools/bin/../lib/gcc/arm-none-eabi/12.3.1/thumb/v7e-m+fp/hard/crti.o
                0x0800d4a4                _init
 .init          0x0800d4a8        0x8 C:/my app/STM32CubeIDE_1.16.0/STM32CubeIDE/plugins/com.st.stm32cube.ide.mcu.externaltools.gnu-tools-for-stm32.12.3.rel1.win32_1.0.200.202406191623/tools/bin/../lib/gcc/arm-none-eabi/12.3.1/thumb/v7e-m+fp/hard/crtn.o
 *(.fini)
 .fini          0x0800d4b0        0x4 C:/my app/STM32CubeIDE_1.16.0/STM32CubeIDE/plugins/com.st.stm32cube.ide.mcu.externaltools.gnu-tools-for-stm32.12.3.rel1.win32_1.0.200.202406191623/tools/bin/../lib/gcc/arm-none-eabi/12.3.1/thumb/v7e-m+fp/hard/crti.o
                0x0800d4b0                _fini
 .fini          0x0800d4b4        0x8 C:/my app/STM32CubeIDE_1.16.0/STM32CubeIDE/plugins/com.st.stm32cube.ide.mcu.externaltools.gnu-tools-for-stm32.12.3.rel1.win32_1.0.200.202406191623/tools/bin/../lib/gcc/arm-none-eabi/12.3.1/thumb/v7e-m+fp/hard/crtn.o
                0x0800d4bc                        . = ALIGN (0x4)
                0x0800d4bc                        _etext = .

.vfp11_veneer   0x0800d4bc        0x0
 .vfp11_veneer  0x0800d4bc        0x0 linker stubs

.v4_bx          0x0800d4bc        0x0
 .v4_bx         0x0800d4bc        0x0 linker stubs

.iplt           0x0800d4bc        0x0
 .iplt          0x0800d4bc        0x0 C:/my app/STM32CubeIDE_1.16.0/STM32CubeIDE/plugins/com.st.stm32cube.ide.mcu.externaltools.gnu-tools-for-stm32.12.3.rel1.win32_1.0.200.202406191623/tools/bin/../lib/gcc/arm-none-eabi/12.3.1/thumb/v7e-m+fp/hard/crtbegin.o

.rodata         0x0800d4bc      0x774
                0x0800d4bc                        . = ALIGN (0x4)
 *(.rodata)
 .rodata        0x0800d4bc      0x202 ./Core/Src/main.o
 *fill*         0x0800d6be        0x2 
 .rodata        0x0800d6c0       0x48 ./Middlewares/Third_Party/FatFs/src/ff.o
 .rodata        0x0800d708        0x5 ./common/ThirdParty/FreeRTOS/tasks.o
 *fill*         0x0800d70d        0x3 
 .rodata        0x0800d710        0xd ./common/ThirdParty/FreeRTOS/timers.o
 *fill*         0x0800d71d        0x3 
 .rodata        0x0800d720       0x58 ./common/ThirdParty/SEGGER/OS/SEGGER_SYSVIEW_FreeRTOS.o
 .rodata        0x0800d778        0x9 ./common/ThirdParty/SEGGER/SEGGER/SEGGER_RTT.o
 *(.rodata*)
 *fill*         0x0800d781        0x3 
 .rodata.AHBPrescTable
                0x0800d784       0x10 ./Core/Src/system_stm32f4xx.o
                0x0800d784                AHBPrescTable
 .rodata.APBPrescTable
                0x0800d794        0x8 ./Core/Src/system_stm32f4xx.o
                0x0800d794                APBPrescTable
 .rodata.ExCvt  0x0800d79c       0x80 ./Middlewares/Third_Party/FatFs/src/ff.o
 .rodata.LfnOfs
                0x0800d81c        0xd ./Middlewares/Third_Party/FatFs/src/ff.o
 *fill*         0x0800d829        0x3 
 .rodata.Tbl    0x0800d82c      0x100 ./Middlewares/Third_Party/FatFs/src/option/ccsbcs.o
 .rodata.cvt1.1
                0x0800d92c      0x1f2 ./Middlewares/Third_Party/FatFs/src/option/ccsbcs.o
 *fill*         0x0800db1e        0x2 
 .rodata.cvt2.0
                0x0800db20       0xbc ./Middlewares/Third_Party/FatFs/src/option/ccsbcs.o
 .rodata._aInitStr.0
                0x0800dbdc       0x11 ./common/ThirdParty/SEGGER/SEGGER/SEGGER_RTT.o
 *fill*         0x0800dbed        0x3 
 .rodata._abSync
                0x0800dbf0        0xa ./common/ThirdParty/SEGGER/SEGGER/SEGGER_SYSVIEW.o
 .rodata._svfprintf_r.str1.1
                0x0800dbfa       0x11 C:/my app/STM32CubeIDE_1.16.0/STM32CubeIDE/plugins/com.st.stm32cube.ide.mcu.externaltools.gnu-tools-for-stm32.12.3.rel1.win32_1.0.200.202406191623/tools/bin/../lib/gcc/arm-none-eabi/12.3.1/../../../../arm-none-eabi/lib/thumb/v7e-m+fp/hard\libc_nano.a(libc_a-nano-svfprintf.o)
 .rodata._printf_i.str1.1
                0x0800dc0b       0x22 C:/my app/STM32CubeIDE_1.16.0/STM32CubeIDE/plugins/com.st.stm32cube.ide.mcu.externaltools.gnu-tools-for-stm32.12.3.rel1.win32_1.0.200.202406191623/tools/bin/../lib/gcc/arm-none-eabi/12.3.1/../../../../arm-none-eabi/lib/thumb/v7e-m+fp/hard\libc_nano.a(libc_a-nano-vfprintf_i.o)
                0x0800dc30                        . = ALIGN (0x4)
 *fill*         0x0800dc2d        0x3 

.ARM.extab      0x0800dc30        0x0
                0x0800dc30                        . = ALIGN (0x4)
 *(.ARM.extab* .gnu.linkonce.armextab.*)
                0x0800dc30                        . = ALIGN (0x4)

.ARM            0x0800dc30        0x8
                0x0800dc30                        . = ALIGN (0x4)
                0x0800dc30                        __exidx_start = .
 *(.ARM.exidx*)
 .ARM.exidx     0x0800dc30        0x8 C:/my app/STM32CubeIDE_1.16.0/STM32CubeIDE/plugins/com.st.stm32cube.ide.mcu.externaltools.gnu-tools-for-stm32.12.3.rel1.win32_1.0.200.202406191623/tools/bin/../lib/gcc/arm-none-eabi/12.3.1/../../../../arm-none-eabi/lib/thumb/v7e-m+fp/hard\libc_nano.a(libc_a-memchr.o)
 .ARM.exidx     0x0800dc38        0x0 C:/my app/STM32CubeIDE_1.16.0/STM32CubeIDE/plugins/com.st.stm32cube.ide.mcu.externaltools.gnu-tools-for-stm32.12.3.rel1.win32_1.0.200.202406191623/tools/bin/../lib/gcc/arm-none-eabi/12.3.1/thumb/v7e-m+fp/hard\libgcc.a(_udivmoddi4.o)
                                  0x8 (size before relaxing)
                0x0800dc38                        __exidx_end = .
                0x0800dc38                        . = ALIGN (0x4)

.preinit_array  0x0800dc38        0x0
                0x0800dc38                        . = ALIGN (0x4)
                0x0800dc38                        PROVIDE (__preinit_array_start = .)
 *(.preinit_array*)
                0x0800dc38                        PROVIDE (__preinit_array_end = .)
                0x0800dc38                        . = ALIGN (0x4)

.init_array     0x0800dc38        0x4
                0x0800dc38                        . = ALIGN (0x4)
                0x0800dc38                        PROVIDE (__init_array_start = .)
 *(SORT_BY_NAME(.init_array.*))
 *(.init_array*)
 .init_array    0x0800dc38        0x4 C:/my app/STM32CubeIDE_1.16.0/STM32CubeIDE/plugins/com.st.stm32cube.ide.mcu.externaltools.gnu-tools-for-stm32.12.3.rel1.win32_1.0.200.202406191623/tools/bin/../lib/gcc/arm-none-eabi/12.3.1/thumb/v7e-m+fp/hard/crtbegin.o
                0x0800dc3c                        PROVIDE (__init_array_end = .)
                0x0800dc3c                        . = ALIGN (0x4)

.fini_array     0x0800dc3c        0x4
                0x0800dc3c                        . = ALIGN (0x4)
                [!provide]                        PROVIDE (__fini_array_start = .)
 *(SORT_BY_NAME(.fini_array.*))
 *(.fini_array*)
 .fini_array    0x0800dc3c        0x4 C:/my app/STM32CubeIDE_1.16.0/STM32CubeIDE/plugins/com.st.stm32cube.ide.mcu.externaltools.gnu-tools-for-stm32.12.3.rel1.win32_1.0.200.202406191623/tools/bin/../lib/gcc/arm-none-eabi/12.3.1/thumb/v7e-m+fp/hard/crtbegin.o
                [!provide]                        PROVIDE (__fini_array_end = .)
                0x0800dc40                        . = ALIGN (0x4)
                0x0800dc40                        _sidata = LOADADDR (.data)

.rel.dyn        0x0800dc40        0x0
 .rel.iplt      0x0800dc40        0x0 C:/my app/STM32CubeIDE_1.16.0/STM32CubeIDE/plugins/com.st.stm32cube.ide.mcu.externaltools.gnu-tools-for-stm32.12.3.rel1.win32_1.0.200.202406191623/tools/bin/../lib/gcc/arm-none-eabi/12.3.1/thumb/v7e-m+fp/hard/crtbegin.o

.data           0x20000000       0x88 load address 0x0800dc40
                0x20000000                        . = ALIGN (0x4)
                0x20000000                        _sdata = .
 *(.data)
 *(.data*)
 .data.Stat     0x20000000        0x1 ./Core/Src/fatfs_sd.o
 *fill*         0x20000001        0x3 
 .data.SystemCoreClock
                0x20000004        0x4 ./Core/Src/system_stm32f4xx.o
                0x20000004                SystemCoreClock
 .data.uwTickPrio
                0x20000008        0x4 ./Drivers/STM32F4xx_HAL_Driver/Src/stm32f4xx_hal.o
                0x20000008                uwTickPrio
 .data.uwTickFreq
                0x2000000c        0x1 ./Drivers/STM32F4xx_HAL_Driver/Src/stm32f4xx_hal.o
                0x2000000c                uwTickFreq
 *fill*         0x2000000d        0x3 
 .data.USER_Driver
                0x20000010       0x14 ./FATFS/Target/user_diskio.o
                0x20000010                USER_Driver
 .data.uxTopUsedPriority
                0x20000024        0x4 ./common/ThirdParty/FreeRTOS/tasks.o
 .data.uxCriticalNesting
                0x20000028        0x4 ./common/ThirdParty/FreeRTOS/portable/GCC/ARM_CM4F/port.o
 .data.__sglue  0x2000002c        0xc C:/my app/STM32CubeIDE_1.16.0/STM32CubeIDE/plugins/com.st.stm32cube.ide.mcu.externaltools.gnu-tools-for-stm32.12.3.rel1.win32_1.0.200.202406191623/tools/bin/../lib/gcc/arm-none-eabi/12.3.1/../../../../arm-none-eabi/lib/thumb/v7e-m+fp/hard\libc_nano.a(libc_a-findfp.o)
                0x2000002c                __sglue
 .data._impure_ptr
                0x20000038        0x4 C:/my app/STM32CubeIDE_1.16.0/STM32CubeIDE/plugins/com.st.stm32cube.ide.mcu.externaltools.gnu-tools-for-stm32.12.3.rel1.win32_1.0.200.202406191623/tools/bin/../lib/gcc/arm-none-eabi/12.3.1/../../../../arm-none-eabi/lib/thumb/v7e-m+fp/hard\libc_nano.a(libc_a-impure.o)
                0x20000038                _impure_ptr
 .data._impure_data
                0x2000003c       0x4c C:/my app/STM32CubeIDE_1.16.0/STM32CubeIDE/plugins/com.st.stm32cube.ide.mcu.externaltools.gnu-tools-for-stm32.12.3.rel1.win32_1.0.200.202406191623/tools/bin/../lib/gcc/arm-none-eabi/12.3.1/../../../../arm-none-eabi/lib/thumb/v7e-m+fp/hard\libc_nano.a(libc_a-impure.o)
                0x2000003c                _impure_data
 *(.RamFunc)
 *(.RamFunc*)
                0x20000088                        . = ALIGN (0x4)
                0x20000088                        _edata = .

.igot.plt       0x20000088        0x0 load address 0x0800dcc8
 .igot.plt      0x20000088        0x0 C:/my app/STM32CubeIDE_1.16.0/STM32CubeIDE/plugins/com.st.stm32cube.ide.mcu.externaltools.gnu-tools-for-stm32.12.3.rel1.win32_1.0.200.202406191623/tools/bin/../lib/gcc/arm-none-eabi/12.3.1/thumb/v7e-m+fp/hard/crtbegin.o
                0x20000088                        . = ALIGN (0x4)

.bss            0x20000088    0x16d68 load address 0x0800dcc8
                0x20000088                        _sbss = .
                0x20000088                        __bss_start__ = _sbss
 *(.bss)
 .bss           0x20000088       0x1c C:/my app/STM32CubeIDE_1.16.0/STM32CubeIDE/plugins/com.st.stm32cube.ide.mcu.externaltools.gnu-tools-for-stm32.12.3.rel1.win32_1.0.200.202406191623/tools/bin/../lib/gcc/arm-none-eabi/12.3.1/thumb/v7e-m+fp/hard/crtbegin.o
 *(.bss*)
 .bss.CardType  0x200000a4        0x1 ./Core/Src/fatfs_sd.o
 .bss.PowerFlag
                0x200000a5        0x1 ./Core/Src/fatfs_sd.o
 *fill*         0x200000a6        0x2 
 .bss.hi2c1     0x200000a8       0x54 ./Core/Src/main.o
                0x200000a8                hi2c1
 .bss.hspi2     0x200000fc       0x58 ./Core/Src/main.o
                0x200000fc                hspi2
 .bss.huart1    0x20000154       0x48 ./Core/Src/main.o
                0x20000154                huart1
 .bss.FatFsCnt  0x2000019c        0x1 ./Core/Src/main.o
                0x2000019c                FatFsCnt
 .bss.Timer1    0x2000019d        0x1 ./Core/Src/main.o
                0x2000019d                Timer1
 .bss.Timer2    0x2000019e        0x1 ./Core/Src/main.o
                0x2000019e                Timer2
 *fill*         0x2000019f        0x1 
 .bss.fs        0x200001a0     0x1038 ./Core/Src/main.o
                0x200001a0                fs
 .bss.fil       0x200011d8     0x1030 ./Core/Src/main.o
                0x200011d8                fil
 .bss.fresult   0x20002208        0x1 ./Core/Src/main.o
                0x20002208                fresult
 *fill*         0x20002209        0x3 
 .bss.br        0x2000220c        0x4 ./Core/Src/main.o
                0x2000220c                br
 .bss.buffer    0x20002210     0x1388 ./Core/Src/main.o
                0x20002210                buffer
 .bss.handle_sensor_task
                0x20003598        0x4 ./Core/Src/main.o
                0x20003598                handle_sensor_task
 .bss.handle_print_task
                0x2000359c        0x4 ./Core/Src/main.o
                0x2000359c                handle_print_task
 .bss.handle_scan_keypad_task
                0x200035a0        0x4 ./Core/Src/main.o
                0x200035a0                handle_scan_keypad_task
 .bss.handle_config_task
                0x200035a4        0x4 ./Core/Src/main.o
                0x200035a4                handle_config_task
 .bss.q_print   0x200035a8        0x4 ./Core/Src/main.o
                0x200035a8                q_print
 .bss.LCD1      0x200035ac        0xc ./Core/Src/main.o
                0x200035ac                LCD1
 .bss.parameter_read
                0x200035b8       0x11 ./Core/Src/main.o
                0x200035b8                parameter_read
 *fill*         0x200035c9        0x3 
 .bss.str       0x200035cc        0xf ./Core/Src/main.o
                0x200035cc                str
 *fill*         0x200035db        0x1 
 .bss.htim4     0x200035dc       0x48 ./Core/Src/stm32f4xx_hal_timebase_tim.o
                0x200035dc                htim4
 .bss.uwTick    0x20003624        0x4 ./Drivers/STM32F4xx_HAL_Driver/Src/stm32f4xx_hal.o
                0x20003624                uwTick
 .bss.pFlash    0x20003628       0x20 ./Drivers/STM32F4xx_HAL_Driver/Src/stm32f4xx_hal_flash.o
                0x20003628                pFlash
 .bss.retUSER   0x20003648        0x1 ./FATFS/App/fatfs.o
                0x20003648                retUSER
 *fill*         0x20003649        0x3 
 .bss.USERPath  0x2000364c        0x4 ./FATFS/App/fatfs.o
                0x2000364c                USERPath
 .bss.FatFs     0x20003650        0x4 ./Middlewares/Third_Party/FatFs/src/ff.o
 .bss.Fsid      0x20003654        0x2 ./Middlewares/Third_Party/FatFs/src/ff.o
 *fill*         0x20003656        0x2 
 .bss.Files     0x20003658       0x20 ./Middlewares/Third_Party/FatFs/src/ff.o
 .bss.LfnBuf    0x20003678      0x200 ./Middlewares/Third_Party/FatFs/src/ff.o
 .bss.disk      0x20003878        0xc ./Middlewares/Third_Party/FatFs/src/ff_gen_drv.o
                0x20003878                disk
 .bss.xQueueRegistry
                0x20003884       0x40 ./common/ThirdParty/FreeRTOS/queue.o
                0x20003884                xQueueRegistry
 .bss.pxCurrentTCB
                0x200038c4        0x4 ./common/ThirdParty/FreeRTOS/tasks.o
                0x200038c4                pxCurrentTCB
 .bss.pxReadyTasksLists
                0x200038c8       0x64 ./common/ThirdParty/FreeRTOS/tasks.o
 .bss.xDelayedTaskList1
                0x2000392c       0x14 ./common/ThirdParty/FreeRTOS/tasks.o
 .bss.xDelayedTaskList2
                0x20003940       0x14 ./common/ThirdParty/FreeRTOS/tasks.o
 .bss.pxDelayedTaskList
                0x20003954        0x4 ./common/ThirdParty/FreeRTOS/tasks.o
 .bss.pxOverflowDelayedTaskList
                0x20003958        0x4 ./common/ThirdParty/FreeRTOS/tasks.o
 .bss.xPendingReadyList
                0x2000395c       0x14 ./common/ThirdParty/FreeRTOS/tasks.o
 .bss.xTasksWaitingTermination
                0x20003970       0x14 ./common/ThirdParty/FreeRTOS/tasks.o
 .bss.uxDeletedTasksWaitingCleanUp
                0x20003984        0x4 ./common/ThirdParty/FreeRTOS/tasks.o
 .bss.xSuspendedTaskList
                0x20003988       0x14 ./common/ThirdParty/FreeRTOS/tasks.o
 .bss.uxCurrentNumberOfTasks
                0x2000399c        0x4 ./common/ThirdParty/FreeRTOS/tasks.o
 .bss.xTickCount
                0x200039a0        0x4 ./common/ThirdParty/FreeRTOS/tasks.o
 .bss.uxTopReadyPriority
                0x200039a4        0x4 ./common/ThirdParty/FreeRTOS/tasks.o
 .bss.xSchedulerRunning
                0x200039a8        0x4 ./common/ThirdParty/FreeRTOS/tasks.o
 .bss.xPendedTicks
                0x200039ac        0x4 ./common/ThirdParty/FreeRTOS/tasks.o
 .bss.xYieldPendings
                0x200039b0        0x4 ./common/ThirdParty/FreeRTOS/tasks.o
 .bss.xNumOfOverflows
                0x200039b4        0x4 ./common/ThirdParty/FreeRTOS/tasks.o
 .bss.uxTaskNumber
                0x200039b8        0x4 ./common/ThirdParty/FreeRTOS/tasks.o
 .bss.xNextTaskUnblockTime
                0x200039bc        0x4 ./common/ThirdParty/FreeRTOS/tasks.o
 .bss.xIdleTaskHandles
                0x200039c0        0x4 ./common/ThirdParty/FreeRTOS/tasks.o
 .bss.uxSchedulerSuspended
                0x200039c4        0x4 ./common/ThirdParty/FreeRTOS/tasks.o
 .bss.xActiveTimerList1
                0x200039c8       0x14 ./common/ThirdParty/FreeRTOS/timers.o
 .bss.xActiveTimerList2
                0x200039dc       0x14 ./common/ThirdParty/FreeRTOS/timers.o
 .bss.pxCurrentTimerList
                0x200039f0        0x4 ./common/ThirdParty/FreeRTOS/timers.o
 .bss.pxOverflowTimerList
                0x200039f4        0x4 ./common/ThirdParty/FreeRTOS/timers.o
 .bss.xTimerQueue
                0x200039f8        0x4 ./common/ThirdParty/FreeRTOS/timers.o
 .bss.xTimerTaskHandle
                0x200039fc        0x4 ./common/ThirdParty/FreeRTOS/timers.o
 .bss.xLastTime.0
                0x20003a00        0x4 ./common/ThirdParty/FreeRTOS/timers.o
 .bss.ucMaxSysCallPriority
                0x20003a04        0x1 ./common/ThirdParty/FreeRTOS/portable/GCC/ARM_CM4F/port.o
 *fill*         0x20003a05        0x3 
 .bss.ulMaxPRIGROUPValue
                0x20003a08        0x4 ./common/ThirdParty/FreeRTOS/portable/GCC/ARM_CM4F/port.o
 .bss.ucHeap    0x20003a0c    0x12c00 ./common/ThirdParty/FreeRTOS/portable/MemMang/heap_4.o
 .bss.xStart    0x2001660c        0x8 ./common/ThirdParty/FreeRTOS/portable/MemMang/heap_4.o
 .bss.pxEnd     0x20016614        0x4 ./common/ThirdParty/FreeRTOS/portable/MemMang/heap_4.o
 .bss.xFreeBytesRemaining
                0x20016618        0x4 ./common/ThirdParty/FreeRTOS/portable/MemMang/heap_4.o
 .bss.xMinimumEverFreeBytesRemaining
                0x2001661c        0x4 ./common/ThirdParty/FreeRTOS/portable/MemMang/heap_4.o
 .bss.xNumberOfSuccessfulAllocations
                0x20016620        0x4 ./common/ThirdParty/FreeRTOS/portable/MemMang/heap_4.o
 .bss.xNumberOfSuccessfulFrees
                0x20016624        0x4 ./common/ThirdParty/FreeRTOS/portable/MemMang/heap_4.o
 .bss._aTasks   0x20016628       0xa0 ./common/ThirdParty/SEGGER/OS/SEGGER_SYSVIEW_FreeRTOS.o
 .bss._NumTasks
                0x200166c8        0x4 ./common/ThirdParty/SEGGER/OS/SEGGER_SYSVIEW_FreeRTOS.o
 .bss._cbOnRx   0x200166cc        0x4 ./common/ThirdParty/SEGGER/Rec/segger_uart.o
 .bss._cbOnTx   0x200166d0        0x4 ./common/ThirdParty/SEGGER/Rec/segger_uart.o
 .bss._SEGGER_RTT
                0x200166d4       0xa8 ./common/ThirdParty/SEGGER/SEGGER/SEGGER_RTT.o
                0x200166d4                _SEGGER_RTT
 .bss._acUpBuffer
                0x2001677c      0x400 ./common/ThirdParty/SEGGER/SEGGER/SEGGER_RTT.o
 .bss._acDownBuffer
                0x20016b7c       0x10 ./common/ThirdParty/SEGGER/SEGGER/SEGGER_RTT.o
 .bss._SYSVIEW_Globals
                0x20016b8c       0x28 ./common/ThirdParty/SEGGER/SEGGER/SEGGER_SYSVIEW.o
 .bss._pFirstModule
                0x20016bb4        0x4 ./common/ThirdParty/SEGGER/SEGGER/SEGGER_SYSVIEW.o
 .bss._NumModules
                0x20016bb8        0x1 ./common/ThirdParty/SEGGER/SEGGER/SEGGER_SYSVIEW.o
 *fill*         0x20016bb9        0x3 
 .bss._aPacket  0x20016bbc       0xe3 ./common/ThirdParty/SEGGER/SEGGER/SEGGER_SYSVIEW.o
 *fill*         0x20016c9f        0x1 
 .bss.__sf      0x20016ca0      0x138 C:/my app/STM32CubeIDE_1.16.0/STM32CubeIDE/plugins/com.st.stm32cube.ide.mcu.externaltools.gnu-tools-for-stm32.12.3.rel1.win32_1.0.200.202406191623/tools/bin/../lib/gcc/arm-none-eabi/12.3.1/../../../../arm-none-eabi/lib/thumb/v7e-m+fp/hard\libc_nano.a(libc_a-findfp.o)
                0x20016ca0                __sf
 .bss.__stdio_exit_handler
                0x20016dd8        0x4 C:/my app/STM32CubeIDE_1.16.0/STM32CubeIDE/plugins/com.st.stm32cube.ide.mcu.externaltools.gnu-tools-for-stm32.12.3.rel1.win32_1.0.200.202406191623/tools/bin/../lib/gcc/arm-none-eabi/12.3.1/../../../../arm-none-eabi/lib/thumb/v7e-m+fp/hard\libc_nano.a(libc_a-findfp.o)
                0x20016dd8                __stdio_exit_handler
 .bss.errno     0x20016ddc        0x4 C:/my app/STM32CubeIDE_1.16.0/STM32CubeIDE/plugins/com.st.stm32cube.ide.mcu.externaltools.gnu-tools-for-stm32.12.3.rel1.win32_1.0.200.202406191623/tools/bin/../lib/gcc/arm-none-eabi/12.3.1/../../../../arm-none-eabi/lib/thumb/v7e-m+fp/hard\libc_nano.a(libc_a-reent.o)
                0x20016ddc                errno
 .bss.__lock___malloc_recursive_mutex
                0x20016de0        0x1 C:/my app/STM32CubeIDE_1.16.0/STM32CubeIDE/plugins/com.st.stm32cube.ide.mcu.externaltools.gnu-tools-for-stm32.12.3.rel1.win32_1.0.200.202406191623/tools/bin/../lib/gcc/arm-none-eabi/12.3.1/../../../../arm-none-eabi/lib/thumb/v7e-m+fp/hard\libc_nano.a(libc_a-lock.o)
                0x20016de0                __lock___malloc_recursive_mutex
 .bss.__lock___sfp_recursive_mutex
                0x20016de1        0x1 C:/my app/STM32CubeIDE_1.16.0/STM32CubeIDE/plugins/com.st.stm32cube.ide.mcu.externaltools.gnu-tools-for-stm32.12.3.rel1.win32_1.0.200.202406191623/tools/bin/../lib/gcc/arm-none-eabi/12.3.1/../../../../arm-none-eabi/lib/thumb/v7e-m+fp/hard\libc_nano.a(libc_a-lock.o)
                0x20016de1                __lock___sfp_recursive_mutex
 *fill*         0x20016de2        0x2 
 .bss.__malloc_sbrk_start