../Core/Src/main.c:101:6:SDTimer_Handler	4	static
../Core/Src/main.c:133:5:main	56	static,ignoring_inline_asm
../Core/Src/main.c:237:6:SystemClock_Config	88	static
../Core/Src/main.c:284:13:MX_I2C1_Init	8	static
../Core/Src/main.c:318:13:MX_SPI2_Init	8	static
../Core/Src/main.c:356:13:MX_TIM1_Init	96	static
../Core/Src/main.c:431:13:MX_USART1_UART_Init	8	static
../Core/Src/main.c:464:13:MX_USART2_UART_Init	8	static
../Core/Src/main.c:497:13:MX_GPIO_Init	48	static
../Core/Src/main.c:557:6:HAL_TIM_PeriodElapsedCallback	16	static
../Core/Src/main.c:580:6:Error_Handler	4	static,ignoring_inline_asm
