11:14:17 **** Incremental Build of configuration Debug for project menu_password_test ****
make -j12 all 
arm-none-eabi-gcc "../Core/Src/main.c" -mcpu=cortex-m4 -std=gnu11 -g3 -DDEBUG -DUSE_HAL_DRIVER -DSTM32F401xE -c -I../Core/Inc -I../Drivers/STM32F4xx_HAL_Driver/Inc -I../Drivers/STM32F4xx_HAL_Driver/Inc/Legacy -I../Drivers/CMSIS/Device/ST/STM32F4xx/Include -I../Drivers/CMSIS/Include -O0 -ffunction-sections -fdata-sections -Wall -fstack-usage -fcyclomatic-complexity -MMD -MP -MF"Core/Src/main.d" -MT"Core/Src/main.o" --specs=nano.specs -mfpu=fpv4-sp-d16 -mfloat-abi=hard -mthumb -o "Core/Src/main.o"
arm-none-eabi-gcc -o "menu_password_test.elf" @"objects.list"   -mcpu=cortex-m4 -T"D:\testvht\menu_password_test\STM32F401RETX_FLASH.ld" --specs=nosys.specs -Wl,-Map="menu_password_test.map" -Wl,--gc-sections -static --specs=nano.specs -mfpu=fpv4-sp-d16 -mfloat-abi=hard -mthumb -Wl,--start-group -lc -lm -Wl,--end-group
Finished building target: menu_password_test.elf
 
arm-none-eabi-size  menu_password_test.elf 
arm-none-eabi-objdump -h -S menu_password_test.elf  > "menu_password_test.list"
   text	   data	    bss	    dec	    hex	filename
  25296	    120	   2152	  27568	   6bb0	menu_password_test.elf
Finished building: default.size.stdout
 
Finished building: menu_password_test.list
 

11:14:18 Build Finished. 0 errors, 0 warnings. (took 754ms)

