01:26:29 **** Incremental Build of configuration Debug for project ntc_test ****
make -j12 all 
arm-none-eabi-gcc "../Core/Src/main.c" -mcpu=cortex-m4 -std=gnu11 -g3 -DDEBUG -DUSE_HAL_DRIVER -DSTM32F401xE -c -I../Core/Inc -I../Drivers/STM32F4xx_HAL_Driver/Inc -I../Drivers/STM32F4xx_HAL_Driver/Inc/Legacy -I../Drivers/CMSIS/Device/ST/STM32F4xx/Include -I../Drivers/CMSIS/Include -O0 -ffunction-sections -fdata-sections -Wall -fstack-usage -fcyclomatic-complexity -MMD -MP -MF"Core/Src/main.d" -MT"Core/Src/main.o" --specs=nano.specs -mfpu=fpv4-sp-d16 -mfloat-abi=hard -mthumb -o "Core/Src/main.o"
arm-none-eabi-gcc -o "ntc_test.elf" @"objects.list"   -mcpu=cortex-m4 -T"D:\testvht\ntc_test\STM32F401RETX_FLASH.ld" --specs=nosys.specs -Wl,-Map="ntc_test.map" -Wl,--gc-sections -static --specs=nano.specs -mfpu=fpv4-sp-d16 -mfloat-abi=hard -mthumb -Wl,--start-group -lc -lm -Wl,--end-group
Finished building target: ntc_test.elf
 
arm-none-eabi-size  ntc_test.elf 
arm-none-eabi-objdump -h -S ntc_test.elf  > "ntc_test.list"
   text	   data	    bss	    dec	    hex	filename
  11900	     96	   1960	  13956	   3684	ntc_test.elf
Finished building: default.size.stdout
 
Finished building: ntc_test.list
 

01:26:30 Build Finished. 0 errors, 0 warnings. (took 761ms)

