14:43:37 **** Build of configuration Debug for project project_testvht ****
make -j12 all 
arm-none-eabi-gcc "../Core/Src/main.c" -mcpu=cortex-m4 -std=gnu11 -g3 -DDEBUG -DUSE_HAL_DRIVER -DSTM32F401xE -c -I../Core/Inc -I../Drivers/STM32F4xx_HAL_Driver/Inc -I../Drivers/STM32F4xx_HAL_Driver/Inc/Legacy -I../Drivers/CMSIS/Device/ST/STM32F4xx/Include -I../Drivers/CMSIS/Include -I"D:/testvht/common/ThirdParty/FreeRTOS/include" -I"D:/testvht/common/ThirdParty/FreeRTOS/portable/GCC/ARM_CM4F" -I"D:/testvht/common/ThirdParty/SEGGER/Config" -I"D:/testvht/common/ThirdParty/SEGGER/OS" -I"D:/testvht/common/ThirdParty/SEGGER/SEGGER" -I"D:/testvht/project_testvht/My lib" -I../FATFS/Target -I../FATFS/App -I../Middlewares/Third_Party/FatFs/src -I"D:/testvht/project_testvht/Middlewares/Third_Party/FatFs/src" -O0 -ffunction-sections -fdata-sections -Wall -fstack-usage -fcyclomatic-complexity -MMD -MP -MF"Core/Src/main.d" -MT"Core/Src/main.o" --specs=nano.specs -mfpu=fpv4-sp-d16 -mfloat-abi=hard -mthumb -o "Core/Src/main.o"
arm-none-eabi-gcc -o "project_testvht.elf" @"objects.list"   -mcpu=cortex-m4 -T"D:\testvht\project_testvht\STM32F401RETX_FLASH.ld" --specs=nosys.specs -Wl,-Map="project_testvht.map" -Wl,--gc-sections -static --specs=nano.specs -mfpu=fpv4-sp-d16 -mfloat-abi=hard -mthumb -Wl,--start-group -lc -lm -Wl,--end-group
Finished building target: project_testvht.elf
 
arm-none-eabi-size  project_testvht.elf 
arm-none-eabi-objdump -h -S project_testvht.elf  > "project_testvht.list"
   text	   data	    bss	    dec	    hex	filename
  58284	    136	  86176	 144596	  234d4	project_testvht.elf
Finished building: default.size.stdout
 
Finished building: project_testvht.list
 

14:43:41 Build Finished. 0 errors, 0 warnings. (took 3s.895ms)

